06-25 18:31:58.380 I/OMXClient(  289): MuxOMX ctor
06-25 18:31:58.380 I/OMXMaster(  286): makeComponentInstance(OMX.google.flac.decoder) in mediacodec process
06-25 18:31:58.380 E/OMX     (  286): FAILED to allocate omx component 'OMX.google.flac.decoder' err=InvalidComponentName(0x80001002)
06-25 18:31:58.380 I/MediaPlayerService(  289): MediaPlayerService::getOMX
06-25 18:31:58.380 I/OMXClient(  289): MuxOMX ctor
06-25 18:31:58.380 I/OMXMaster(  286): makeComponentInstance(OMX.google.mp2.decoder) in mediacodec process
06-25 18:31:58.380 E/OMX     (  286): FAILED to allocate omx component 'OMX.google.mp2.decoder' err=InvalidComponentName(0x80001002)
06-25 18:31:58.380 I/MediaPlayerService(  289): MediaPlayerService::getOMX
06-25 18:31:58.380 I/OMXClient(  289): MuxOMX ctor
06-25 18:31:58.380 I/OMXMaster(  286): makeComponentInstance(OMX.google.ac3.decoder) in mediacodec process
06-25 18:31:58.380 E/OMX     (  286): FAILED to allocate omx component 'OMX.google.ac3.decoder' err=InvalidComponentName(0x80001002)
06-25 18:31:58.380 I/MediaPlayerService(  289): MediaPlayerService::getOMX
06-25 18:31:58.380 I/OMXClient(  289): MuxOMX ctor
06-25 18:31:58.380 I/OMXMaster(  286): makeComponentInstance(OMX.ffmpeg.pcm.decoder) in mediacodec process
06-25 18:31:58.382 E/linker  (  286): library /system/lib/libavcodec.so with text relocation is whitelisted
06-25 18:31:58.382 W/linker  (  286): /system/lib/libavcodec.so has text relocations. This is wasting memory and prevents security hardening. Please fix.
06-25 18:31:58.382 E/linker  (  286): library /system/lib/libavcodec.so with text relocation is whitelisted
06-25 18:31:58.383 E/linker  (  286): library /system/lib/libswresample.so with text relocation is whitelisted
06-25 18:31:58.383 W/linker  (  286): /system/lib/libswresample.so has text relocations. This is wasting memory and prevents security hardening. Please fix.
06-25 18:31:58.383 E/linker  (  286): library /system/lib/libswresample.so with text relocation is whitelisted
06-25 18:31:58.384 I/ActivityManager(  594): Start proc 945:com.android.printspooler/u0a56 for service com.android.printspooler/.model.PrintSpoolerService
06-25 18:31:58.396 W/art     (  953): Unexpected CPU variant for X86 using defaults: x86_64
06-25 18:31:58.397 I/ActivityManager(  594): Start proc 953:com.genymotion.systempatcher/1000 for added application com.genymotion.systempatcher
06-25 18:31:58.405 W/art     (  959): Unexpected CPU variant for X86 using defaults: x86_64
06-25 18:31:58.407 I/MediaPlayerService(  289): MediaPlayerService::getOMX
06-25 18:31:58.407 I/OMXClient(  289): MuxOMX ctor
06-25 18:31:58.408 I/ActivityManager(  594): Start proc 959:com.genymotion.genyd/1000 for added application com.genymotion.genyd
06-25 18:31:58.412 I/OMXMaster(  286): makeComponentInstance(OMX.google.h263.decoder) in mediacodec process
06-25 18:31:58.419 W/art     (  989): Unexpected CPU variant for X86 using defaults: x86_64
06-25 18:31:58.422 I/ActivityManager(  594): Start proc 989:com.android.keychain/1000 for service com.android.keychain/.KeyChainService
06-25 18:31:58.427 I/Telephony(  748): PstnIncomingCallNotifier: Registering: Handler (com.android.internal.telephony.GsmCdmaPhone) {45ab5a}
06-25 18:31:58.428 I/AccountManagerService(  594): User 0 is unlocked - opening CE database
06-25 18:31:58.430 I/Telephony(  748): TelecomAccountRegistry: Unregistering phone account ComponentInfo{com.android.phone/com.android.services.telephony.TelephonyConnectionService}, [5fef04621e9a9b41849c3df35e75799299008300], UserHandle{0}.
06-25 18:31:58.431 I/Telecom (  594): : Sending phone-account unregistered intent as user: TSI.uPA@AAc
06-25 18:31:58.434 E/PhoneInterfaceManager(  748): [PhoneIntfMgr] getCarrierPackageNamesForIntent: No UICC
06-25 18:31:58.441 I/genymotion_audio(  280): pcm server connected
06-25 18:31:58.441 I/genymotion_audio(  280): pcm server starting
06-25 18:31:58.472 I/ActivityManager(  594): START u0 {act=android.intent.action.MAIN cat=[android.intent.category.HOME] flg=0x10000100 cmp=com.android.launcher3/.Launcher} from uid 0 on display 0
06-25 18:31:58.479 E/OMXNodeInstance(  286): getExtensionIndex(11e000c:google.h263.decoder, OMX.google.android.index.configureVideoTunnelMode) ERROR: UnsupportedIndex(0x8000101a)
06-25 18:31:58.479 W/OMXNodeInstance(  286): [11e000c:google.h263.decoder] component does not support metadata mode; using fallback
06-25 18:31:58.479 I/MediaPlayerService(  289): MediaPlayerService::getOMX
06-25 18:31:58.479 I/OMXClient(  289): MuxOMX ctor
06-25 18:31:58.479 I/OMXMaster(  286): makeComponentInstance(OMX.google.h264.decoder) in mediacodec process
06-25 18:31:58.487 W/System  (  989): ClassLoader referenced unknown path: /system/app/KeyChain/lib/x86_64
06-25 18:31:58.491 W/System  (  959): ClassLoader referenced unknown path: /system/app/GenydService/lib/x86_64
06-25 18:31:58.497 W/ContextImpl(  959): Calling a method in the system process without a qualified user: android.app.ContextImpl.startService:1385 android.content.ContextWrapper.startService:613 com.genymotion.genyd.GenydServiceApp.onCreate:16 android.app.Instrumentation.callApplicationOnCreate:1024 android.app.ActivityThread.handleBindApplication:5361 
06-25 18:31:58.519 W/ACodec  (  289): [OMX.google.h264.decoder] stopping checking profiles after 32: 2/8000
06-25 18:31:58.520 E/OMXNodeInstance(  286): getExtensionIndex(11e000d:google.h264.decoder, OMX.google.android.index.configureVideoTunnelMode) ERROR: UnsupportedIndex(0x8000101a)
06-25 18:31:58.520 W/OMXNodeInstance(  286): [11e000d:google.h264.decoder] component does not support metadata mode; using fallback
06-25 18:31:58.520 I/MediaPlayerService(  289): MediaPlayerService::getOMX
06-25 18:31:58.521 I/OMXClient(  289): MuxOMX ctor
06-25 18:31:58.521 I/OMXMaster(  286): makeComponentInstance(OMX.google.vp8.decoder) in mediacodec process
06-25 18:31:58.523 W/System  (  953): ClassLoader referenced unknown path: /system/app/SystemPatcher/lib/x86_64
06-25 18:31:58.562 E/OMXNodeInstance(  286): getExtensionIndex(11e000e:google.vp8.decoder, OMX.google.android.index.configureVideoTunnelMode) ERROR: UnsupportedIndex(0x8000101a)
06-25 18:31:58.562 W/OMXNodeInstance(  286): [11e000e:google.vp8.decoder] component does not support metadata mode; using fallback
06-25 18:31:58.563 I/MediaPlayerService(  289): MediaPlayerService::getOMX
06-25 18:31:58.563 I/OMXClient(  289): MuxOMX ctor
06-25 18:31:58.563 I/OMXMaster(  286): makeComponentInstance(OMX.google.vp9.decoder) in mediacodec process
06-25 18:31:58.578 W/art     ( 1046): Unexpected CPU variant for X86 using defaults: x86_64
06-25 18:31:58.580 I/ActivityManager(  594): Start proc 1046:com.android.launcher3/u0a14 for activity com.android.launcher3/.Launcher
06-25 18:31:58.602 W/art     (  594): Long monitor contention with owner Binder:594_3 (696) at void com.android.server.am.ActivityManagerService.activityPaused(android.os.IBinder)(ActivityManagerService.java:6953) waiters=4 in android.content.pm.UserInfo com.android.server.am.UserController.getCurrentUser() for 129ms
06-25 18:31:58.626 W/art     (  594): Long monitor contention with owner Binder:594_3 (696) at void com.android.server.am.ActivityManagerService.activityPaused(android.os.IBinder)(ActivityManagerService.java:6953) waiters=5 in void com.android.server.am.ActivityManagerService$MainHandler.handleMessage(android.os.Message) for 153ms
06-25 18:31:58.661 I/SystemPatcherService(  953): Starting up
06-25 18:31:58.662 E/OMXNodeInstance(  286): getExtensionIndex(11e000f:google.vp9.decoder, OMX.google.android.index.configureVideoTunnelMode) ERROR: UnsupportedIndex(0x8000101a)
06-25 18:31:58.662 W/OMXNodeInstance(  286): [11e000f:google.vp9.decoder] component does not support metadata mode; using fallback
06-25 18:31:58.667 W/System  (  899): ClassLoader referenced unknown path: /system/priv-app/BlockedNumberProvider/lib/x86_64
06-25 18:31:58.699 I/WindowManager(  594): Destroying surface Surface(name=com.android.settings/com.android.settings.FallbackHome) called by com.android.server.wm.WindowStateAnimator.destroySurface:2016 com.android.server.wm.WindowStateAnimator.destroySurfaceLocked:882 com.android.server.wm.WindowState.destroyOrSaveSurface:2100 com.android.server.wm.WindowManagerService.tryStartExitingAnimation:3030 com.android.server.wm.WindowManagerService.relayoutWindow:2910 com.android.server.wm.Session.relayout:224 android.view.IWindowSession$Stub.onTransact:286 com.android.server.wm.Session.onTransact:145 
06-25 18:31:58.701 E/SELinux (  274): avc:  denied  { add } for service=SystemPatcher pid=953 uid=1000 scontext=u:r:system_app:s0 tcontext=u:object_r:default_android_service:s0 tclass=service_manager permissive=1
06-25 18:31:58.702 I/SystemPatcherApp(  953): Registered com.genymotion.systempatcher.SystemPatcherService as SystemPatcher
06-25 18:31:58.702 I/MediaPlayerService(  289): MediaPlayerService::getOMX
06-25 18:31:58.752 W/System  (  899): ClassLoader referenced unknown path: /system/app/UserDictionaryProvider/lib/x86_64
06-25 18:31:58.752 I/OMXClient(  289): MuxOMX ctor
06-25 18:31:58.752 I/OMXMaster(  286): makeComponentInstance(OMX.google.hevc.decoder) in mediacodec process
06-25 18:31:58.753 W/LocationProviderProxy-network(  594): Odd, no component found for service com.android.location.service.v3.NetworkLocationProvider
06-25 18:31:58.753 W/GeocoderProxy(  594): Odd, no component found for service com.android.location.service.GeocodeProvider
06-25 18:31:58.753 W/GeofenceProxy(  594): Odd, no component found for service com.android.location.service.GeofenceProvider
06-25 18:31:58.753 W/ActivityRecognitionProxy(  594): Odd, no component found for service com.android.location.service.ActivityRecognitionProvider
06-25 18:31:58.776 I/GnssLocationProvider(  594): WakeLock acquired by sendMessage(12, 0, null)
06-25 18:31:58.777 I/StatusBarManagerService(  594): registerStatusBar bar=com.android.internal.statusbar.IStatusBar$Stub$Proxy@8bb936a
06-25 18:31:58.779 I/GnssLocationProvider(  594): WakeLock released by handleMessage(12, 0, null)
06-25 18:31:58.784 I/WifiService(  594): WifiService trying to set country code to us with persist set to true
06-25 18:31:58.837 I/ContactLocale(  899): AddressBook Labels [[en_US]]: [, A, B, C, D, E, F, G, H, I, J, K, L, M, N, O, P, Q, R, S, T, U, V, W, X, Y, Z, , , , , , , , , , , , , , , , , , , , , , , , , , , , , , , , , , , , , , , , , , , , , , , , , , , , , , , , , , , , , , , , , , , , , , , , , , , , , , , , , , , , , , , , , , , , , , , , , , , , , , , , , , , , , , , , , , , , , , , , , , , , , , , , , , , , , , , , , , , , , , , , , , , , , , , , , , , , , , , , , , , , , , , , , , , , , , , , , , , , , , , , , , , #, ]
06-25 18:31:58.869 E/OMXNodeInstance(  286): getExtensionIndex(11e0010:google.hevc.decoder, OMX.google.android.index.configureVideoTunnelMode) ERROR: UnsupportedIndex(0x8000101a)
06-25 18:31:58.869 W/OMXNodeInstance(  286): [11e0010:google.hevc.decoder] component does not support metadata mode; using fallback
06-25 18:31:58.874 I/MediaPlayerService(  289): MediaPlayerService::getOMX
06-25 18:31:58.874 I/OMXClient(  289): MuxOMX ctor
06-25 18:31:58.875 I/OMXMaster(  286): makeComponentInstance(OMX.google.mpeg2v.decoder) in mediacodec process
06-25 18:31:58.875 E/OMX     (  286): FAILED to allocate omx component 'OMX.google.mpeg2v.decoder' err=InvalidComponentName(0x80001002)
06-25 18:31:58.875 I/MediaPlayerService(  289): MediaPlayerService::getOMX
06-25 18:31:58.875 I/OMXClient(  289): MuxOMX ctor
06-25 18:31:58.875 I/OMXMaster(  286): makeComponentInstance(OMX.ffmpeg.mpeg4.decoder) in mediacodec process
06-25 18:31:58.885 E/linker  (  286): library /system/lib/libavcodec.so with text relocation is whitelisted
06-25 18:31:58.885 W/linker  (  286): /system/lib/libavcodec.so has text relocations. This is wasting memory and prevents security hardening. Please fix.
06-25 18:31:58.885 E/linker  (  286): library /system/lib/libavcodec.so with text relocation is whitelisted
06-25 18:31:58.886 E/linker  (  286): library /system/lib/libswscale.so with text relocation is whitelisted
06-25 18:31:58.886 W/linker  (  286): /system/lib/libswscale.so has text relocations. This is wasting memory and prevents security hardening. Please fix.
06-25 18:31:58.886 E/linker  (  286): library /system/lib/libswscale.so with text relocation is whitelisted
06-25 18:31:58.894 E/linker  (  286): library /system/lib/libswresample.so with text relocation is whitelisted
06-25 18:31:58.894 W/linker  (  286): /system/lib/libswresample.so has text relocations. This is wasting memory and prevents security hardening. Please fix.
06-25 18:31:58.894 E/linker  (  286): library /system/lib/libswresample.so with text relocation is whitelisted
06-25 18:31:58.914 E/OMXNodeInstance(  286): getParameter(11e0011:ffmpeg.mpeg4.decoder, ParamVideoProfileLevelQuerySupported(0x600000f)) ERROR: UnsupportedIndex(0x8000101a)
06-25 18:31:58.915 E/OMXNodeInstance(  286): getExtensionIndex(11e0011:ffmpeg.mpeg4.decoder, OMX.google.android.index.configureVideoTunnelMode) ERROR: UnsupportedIndex(0x8000101a)
06-25 18:31:58.916 W/OMXNodeInstance(  286): [11e0011:ffmpeg.mpeg4.decoder] component does not support metadata mode; using fallback
06-25 18:31:58.916 E/OMXNodeInstance(  286): getExtensionIndex(11e0011:ffmpeg.mpeg4.decoder, OMX.google.android.index.prepareForAdaptivePlayback) ERROR: UnsupportedIndex(0x8000101a)
06-25 18:31:58.916 I/MediaPlayerService(  289): MediaPlayerService::getOMX
06-25 18:31:58.916 I/OMXClient(  289): MuxOMX ctor
06-25 18:31:58.916 I/OMXMaster(  286): makeComponentInstance(OMX.google.aac.encoder) in mediacodec process
06-25 18:31:58.919 I/rild    (  293): type=1400 audit(0.0:381): avc: denied { read } for path="socket:[13045]" dev="sockfs" ino=13045 scontext=u:r:rild:s0 tcontext=u:r:init:s0 tclass=unix_stream_socket permissive=1
06-25 18:31:58.919 I/rild    (  293): type=1400 audit(0.0:382): avc: denied { write } for path="socket:[13045]" dev="sockfs" ino=13045 scontext=u:r:rild:s0 tcontext=u:r:init:s0 tclass=unix_stream_socket permissive=1
06-25 18:31:58.919 W/System  ( 1046): ClassLoader referenced unknown path: /system/priv-app/Launcher3/lib/x86_64
06-25 18:31:58.931 I/Telephony(  748): PstnIncomingCallNotifier: Unregistering: Handler (com.android.internal.telephony.GsmCdmaPhone) {45ab5a}
06-25 18:31:58.931 E/PhoneInterfaceManager(  748): [PhoneIntfMgr] getIccId: No UICC
06-25 18:31:58.932 I/Telecom (  594): PhoneAccountRegistrar: [ComponentInfo{com.android.phone/com.android.services.telephony.TelephonyConnectionService}, [e0184adedf913b076626646d3f52c3b49c39ad6d], UserHandle{0}(icon: Icon(typ=BITMAP size=19x24) -> Icon(typ=BITMAP size=19x24))]: TSI.rPA@AAo
06-25 18:31:58.933 I/Telecom (  594): : Sending phone-account registered intent as user: TSI.rPA@AAo
06-25 18:31:58.933 I/Telephony(  748): AccountEntry: Registered phoneAccount: [[ ] PhoneAccount: ComponentInfo{com.android.phone/com.android.services.telephony.TelephonyConnectionService}, [e0184adedf913b076626646d3f52c3b49c39ad6d], UserHandle{0} Capabilities: CallProvider MultiUser PlaceEmerg SimSub  Schemes: tel voicemail  Extras: null] with handle: ComponentInfo{com.android.phone/com.android.services.telephony.TelephonyConnectionService}, [e0184adedf913b076626646d3f52c3b49c39ad6d], UserHandle{0}
06-25 18:31:58.933 I/Telephony(  748): PstnIncomingCallNotifier: Registering: Handler (com.android.internal.telephony.GsmCdmaPhone) {45ab5a}
06-25 18:31:58.939 I/genybaseband(  297): type=1400 audit(0.0:383): avc: denied { read } for path="socket:[9666]" dev="sockfs" ino=9666 scontext=u:r:logwrapper:s0 tcontext=u:r:init:s0 tclass=unix_stream_socket permissive=1
06-25 18:31:58.947 I/genybaseband( 1101): type=1400 audit(0.0:384): avc: denied { write } for path="socket:[9666]" dev="sockfs" ino=9666 scontext=u:r:logwrapper:s0 tcontext=u:r:init:s0 tclass=unix_stream_socket permissive=1
06-25 18:31:58.995 I/ndroid.systemui(  682): type=1400 audit(0.0:385): avc: denied { sendto } for path="/dev/socket/logdw" scontext=u:r:platform_app:s0:c512,c768 tcontext=u:r:init:s0 tclass=unix_dgram_socket permissive=1
06-25 18:31:58.996 I/AlarmClock(  920): AlarmInitReceiver android.intent.action.LOCKED_BOOT_COMPLETED
06-25 18:31:58.998 W/System  (  682): ClassLoader referenced unknown path: 
06-25 18:31:59.020 I/MediaPlayerService(  289): MediaPlayerService::getOMX
06-25 18:31:59.020 I/OMXClient(  289): MuxOMX ctor
06-25 18:31:59.020 I/OMXMaster(  286): makeComponentInstance(OMX.google.amrnb.encoder) in mediacodec process
06-25 18:31:59.303 I/art     (  682): Background sticky concurrent mark sweep GC freed 6735(1630KB) AllocSpace objects, 0(0B) LOS objects, 19% free, 7MB/8MB, paused 239us total 205.538ms
06-25 18:31:59.327 W/art     ( 1150): Unexpected CPU variant for X86 using defaults: x86_64
06-25 18:31:59.332 I/MediaPlayerService(  289): MediaPlayerService::getOMX
06-25 18:31:59.333 I/OMXClient(  289): MuxOMX ctor
06-25 18:31:59.333 I/OMXMaster(  286): makeComponentInstance(OMX.google.amrwb.encoder) in mediacodec process
06-25 18:31:59.333 I/ActivityManager(  594): Start proc 1150:com.genymobile.genymotionacme/1000 for broadcast com.genymobile.genymotionacme/.BootBroadcastReceiver
06-25 18:31:59.333 I/ActivityManager(  594): Config changes=3 {1.0 310mcc270mnc [en_US] ldltr sw600dp w600dp h952dp 160dpi lrg port -touch qwerty/v/v -nav/h s.5}
06-25 18:31:59.360 I/MediaPlayerService(  289): MediaPlayerService::getOMX
06-25 18:31:59.370 I/OMXClient(  289): MuxOMX ctor
06-25 18:31:59.370 I/OMXMaster(  286): makeComponentInstance(OMX.google.h263.encoder) in mediacodec process
06-25 18:31:59.432 I/SoftMPEG4Encoder(  286): Construct SoftMPEG4Encoder
06-25 18:31:59.433 W/ACodec  (  289): do not know color format 0x7f000789 = 2130708361
06-25 18:31:59.433 E/OMXNodeInstance(  286): getConfig(11e0015:google.h263.encoder, ConfigAndroidIntraRefresh(0x6f60000a)) ERROR: Undefined(0x80001001)
06-25 18:31:59.438 I/MediaPlayerService(  289): MediaPlayerService::getOMX
06-25 18:31:59.438 I/OMXClient(  289): MuxOMX ctor
06-25 18:31:59.438 I/OMXMaster(  286): makeComponentInstance(OMX.google.h264.encoder) in mediacodec process
06-25 18:31:59.441 W/WindowManager(  594): Keyguard drawn timeout. Setting mKeyguardDrawComplete
06-25 18:31:59.465 W/ACodec  (  289): do not know color format 0x7f000789 = 2130708361
06-25 18:31:59.466 I/MediaPlayerService(  289): MediaPlayerService::getOMX
06-25 18:31:59.466 I/OMXClient(  289): MuxOMX ctor
06-25 18:31:59.466 I/OMXMaster(  286): makeComponentInstance(OMX.google.mpeg4.encoder) in mediacodec process
06-25 18:31:59.482 I/SoftMPEG4Encoder(  286): Construct SoftMPEG4Encoder
06-25 18:31:59.482 W/ACodec  (  289): do not know color format 0x7f000789 = 2130708361
06-25 18:31:59.482 E/OMXNodeInstance(  286): getConfig(11e0017:google.mpeg4.encoder, ConfigAndroidIntraRefresh(0x6f60000a)) ERROR: Undefined(0x80001001)
06-25 18:31:59.483 I/MediaPlayerService(  289): MediaPlayerService::getOMX
06-25 18:31:59.483 I/OMXClient(  289): MuxOMX ctor
06-25 18:31:59.483 I/OMXMaster(  286): makeComponentInstance(OMX.google.flac.encoder) in mediacodec process
06-25 18:31:59.502 I/MediaPlayerService(  289): MediaPlayerService::getOMX
06-25 18:31:59.502 I/OMXClient(  289): MuxOMX ctor
06-25 18:31:59.502 I/OMXMaster(  286): makeComponentInstance(OMX.google.vp8.encoder) in mediacodec process
06-25 18:31:59.523 W/ACodec  (  289): do not know color format 0x7f000789 = 2130708361
06-25 18:31:59.523 E/OMXNodeInstance(  286): getConfig(11e0019:google.vp8.encoder, ConfigAndroidIntraRefresh(0x6f60000a)) ERROR: Undefined(0x80001001)
06-25 18:31:59.524 I/MediaPlayerService(  289): MediaPlayerService::getOMX
06-25 18:31:59.524 I/OMXClient(  289): MuxOMX ctor
06-25 18:31:59.524 W/MediaCodecList(  289): unable to open media codecs configuration xml file: /etc/media_codecs_performance.xml
06-25 18:31:59.525 I/MediaPlayerService(  289): MediaPlayerService::getOMX
06-25 18:31:59.525 I/OMXClient(  289): MuxOMX ctor
06-25 18:31:59.525 W/MediaCodecList(  289): unable to open media codecs configuration xml file: /data/misc/media/media_codecs_profiling_results.xml
06-25 18:31:59.525 I/MediaPlayerService(  289): MediaPlayerService::getOMX
06-25 18:31:59.526 I/OMXClient(  682): MuxOMX ctor
06-25 18:31:59.526 I/OMXMaster(  286): makeComponentInstance(OMX.google.vorbis.decoder) in mediacodec process
06-25 18:31:59.687 W/art     (  594): Long monitor contention with owner Binder:594_C (1043) at com.android.server.am.ProcessRecord com.android.server.am.ActivityManagerService.findAppProcess(android.os.IBinder, java.lang.String)(ActivityManagerService.java:13623) waiters=2 in void com.android.server.am.ActivityManagerService.trimApplications() for 354ms
06-25 18:31:59.688 W/art     (  594): Long monitor contention with owner Binder:594_1 (605) at void com.android.server.am.ActivityManagerService.updateConfiguration(android.content.res.Configuration)(ActivityManagerService.java:18789) waiters=2 in void com.android.server.am.BroadcastQueue.processNextBroadcast(boolean) for 351ms
06-25 18:31:59.693 W/art     (  594): Long monitor contention with owner Binder:594_1 (605) at void com.android.server.am.ActivityManagerService.updateConfiguration(android.content.res.Configuration)(ActivityManagerService.java:18789) waiters=3 in void com.android.server.am.ActivityManagerService.appendDropBoxProcessHeaders(com.android.server.am.ProcessRecord, java.lang.String, java.lang.StringBuilder) for 357ms
06-25 18:31:59.693 W/art     (  594): Long monitor contention with owner Binder:594_1 (605) at void com.android.server.am.ActivityManagerService.updateConfiguration(android.content.res.Configuration)(ActivityManagerService.java:18789) waiters=4 in android.content.Intent com.android.server.am.ActivityManagerService.registerReceiver(android.app.IApplicationThread, java.lang.String, android.content.IIntentReceiver, android.content.IntentFilter, java.lang.String, int) for 333ms
06-25 18:31:59.693 W/art     (  594): Long monitor contention with owner Binder:594_1 (605) at void com.android.server.am.ActivityManagerService.updateConfiguration(android.content.res.Configuration)(ActivityManagerService.java:18789) waiters=5 in int com.android.server.am.ActivityManagerService.broadcastIntent(android.app.IApplicationThread, android.content.Intent, java.lang.String, android.content.IIntentReceiver, int, java.lang.String, android.os.Bundle, java.lang.String[], int, android.os.Bundle, boolean, boolean, int) for 281ms
06-25 18:31:59.693 W/art     (  594): Long monitor contention with owner Binder:594_1 (605) at void com.android.server.am.ActivityManagerService.updateConfiguration(android.content.res.Configuration)(ActivityManagerService.java:18789) waiters=6 in int com.android.server.am.ActivityManagerService.getAppStartMode(int, java.lang.String) for 279ms
06-25 18:31:59.713 I/MediaPlayerService(  289): MediaPlayerService::getOMX
06-25 18:31:59.713 I/OMXClient(  594): MuxOMX ctor
06-25 18:31:59.714 I/OMXMaster(  286): makeComponentInstance(OMX.google.vorbis.decoder) in mediacodec process
06-25 18:31:59.721 W/AudioCapabilities(  762): Unsupported mime audio/x-pcm
06-25 18:31:59.722 W/System  ( 1150): ClassLoader referenced unknown path: /system/priv-app/GenymotionAcme/lib/x86_64
06-25 18:31:59.735 I/logd.writer(  117): type=1400 audit(0.0:386): avc: denied { read } for path="/dev/socket/logdw" scontext=u:r:logd:s0 tcontext=u:r:init:s0 tclass=unix_dgram_socket permissive=1
06-25 18:31:59.748 E/BluetoothAdapter(  682): Bluetooth binder is null
06-25 18:31:59.755 I/Telephony(  748): PstnIncomingCallNotifier: Unregistering: Handler (com.android.internal.telephony.GsmCdmaPhone) {45ab5a}
06-25 18:31:59.758 E/PhoneInterfaceManager(  748): [PhoneIntfMgr] getIccId: No UICC
06-25 18:31:59.768 I/GnssLocationProvider(  594): WakeLock acquired by sendMessage(12, 0, null)
06-25 18:31:59.769 I/Telecom (  594): PhoneAccountRegistrar: [ComponentInfo{com.android.phone/com.android.services.telephony.TelephonyConnectionService}, [e0184adedf913b076626646d3f52c3b49c39ad6d], UserHandle{0}(addr: tel:*********** -> tel:)(icon: Icon(typ=BITMAP size=19x24) -> Icon(typ=BITMAP size=19x24))(subAddr: tel:*********** -> tel:)]: TSI.rPA@AA4
06-25 18:31:59.770 I/Telecom (  594): : Sending phone-account registered intent as user: TSI.rPA@AA4
06-25 18:31:59.770 I/GnssLocationProvider(  594): WakeLock released by handleMessage(12, 0, null)
06-25 18:31:59.771 I/VideoCapabilities(  762): Unsupported profile 4 for video/mp4v-es
06-25 18:31:59.771 I/Telephony(  748): AccountEntry: Registered phoneAccount: [[ ] PhoneAccount: ComponentInfo{com.android.phone/com.android.services.telephony.TelephonyConnectionService}, [e0184adedf913b076626646d3f52c3b49c39ad6d], UserHandle{0} Capabilities: CallProvider MultiUser PlaceEmerg SimSub  Schemes: tel voicemail  Extras: null] with handle: ComponentInfo{com.android.phone/com.android.services.telephony.TelephonyConnectionService}, [e0184adedf913b076626646d3f52c3b49c39ad6d], UserHandle{0}
06-25 18:31:59.771 I/Telephony(  748): PstnIncomingCallNotifier: Registering: Handler (com.android.internal.telephony.GsmCdmaPhone) {45ab5a}
06-25 18:31:59.780 I/Telephony(  748): PstnIncomingCallNotifier: Unregistering: Handler (com.android.internal.telephony.GsmCdmaPhone) {45ab5a}
06-25 18:31:59.780 E/PhoneInterfaceManager(  748): [PhoneIntfMgr] getIccId: No UICC
06-25 18:31:59.782 I/Telecom (  594): PhoneAccountRegistrar: [ComponentInfo{com.android.phone/com.android.services.telephony.TelephonyConnectionService}, [e0184adedf913b076626646d3f52c3b49c39ad6d], UserHandle{0}(icon: Icon(typ=BITMAP size=19x24) -> Icon(typ=BITMAP size=19x24))]: TSI.rPA@ABI
06-25 18:31:59.783 I/Binder:288_3(  813): type=1400 audit(0.0:387): avc: denied { sendto } for path="/dev/socket/logdw" scontext=u:r:mediaextractor:s0 tcontext=u:r:init:s0 tclass=unix_dgram_socket permissive=1
06-25 18:31:59.783 I/Telecom (  594): : Sending phone-account registered intent as user: TSI.rPA@ABI
06-25 18:31:59.784 I/GnssLocationProvider(  594): WakeLock acquired by sendMessage(12, 0, null)
06-25 18:31:59.785 I/GnssLocationProvider(  594): WakeLock released by handleMessage(12, 0, null)
06-25 18:31:59.786 I/FFmpegExtractor(  288): android-source:0xf289b400
06-25 18:31:59.789 I/FFmpegExtractor(  288): android-source:0xf40dca00
06-25 18:31:59.790 I/FFMPEG  (  288): Input #0, ogg, from 'android-source:0xf40dca00':
06-25 18:31:59.790 I/FFMPEG  (  288):   Duration: 00:00:00.11, start: 0.000000, bitrate: 431 kb/s
06-25 18:31:59.790 I/FFMPEG  (  288):     Stream #0:0: Audio: vorbis, 48000 Hz, mono, fltp, 140 kb/s
06-25 18:31:59.790 I/FFmpegExtractor(  288): FFmpegExtrator, url: android-source:0xf40dca00, format_name: ogg, format_long_name: Ogg
06-25 18:31:59.790 I/FFmpegExtractor(  288): list the formats suppoted by ffmpeg: 
06-25 18:31:59.790 I/FFmpegExtractor(  288): ========================================
06-25 18:31:59.790 I/FFmpegExtractor(  288): ========================================
06-25 18:31:59.790 I/FFmpegExtractor(  288): adjust mime(application/ogg -> audio/vorbis)
06-25 18:31:59.790 I/FFmpegExtractor(  288): sniff through BetterSniffFFMPEG success
06-25 18:31:59.792 I/Telephony(  748): AccountEntry: Registered phoneAccount: [[ ] PhoneAccount: ComponentInfo{com.android.phone/com.android.services.telephony.TelephonyConnectionService}, [e0184adedf913b076626646d3f52c3b49c39ad6d], UserHandle{0} Capabilities: CallProvider MultiUser PlaceEmerg SimSub  Schemes: tel voicemail  Extras: null] with handle: ComponentInfo{com.android.phone/com.android.services.telephony.TelephonyConnectionService}, [e0184adedf913b076626646d3f52c3b49c39ad6d], UserHandle{0}
06-25 18:31:59.793 I/Telephony(  748): PstnIncomingCallNotifier: Registering: Handler (com.android.internal.telephony.GsmCdmaPhone) {45ab5a}
06-25 18:31:59.795 I/FFMPEG  (  288): Input #0, ogg, from 'android-source:0xf289b400':
06-25 18:31:59.795 I/FFMPEG  (  288):   Duration: 00:00:00.19, start: 0.000000, bitrate: 332 kb/s
06-25 18:31:59.795 I/FFMPEG  (  288):     Stream #0:0: Audio: vorbis, 44100 Hz, stereo, fltp, 160 kb/s
06-25 18:31:59.795 I/FFmpegExtractor(  288): FFmpegExtrator, url: android-source:0xf289b400, format_name: ogg, format_long_name: Ogg
06-25 18:31:59.795 I/FFmpegExtractor(  288): list the formats suppoted by ffmpeg: 
06-25 18:31:59.795 I/FFmpegExtractor(  288): ========================================
06-25 18:31:59.795 I/FFmpegExtractor(  288): ========================================
06-25 18:31:59.795 I/FFmpegExtractor(  288): adjust mime(application/ogg -> audio/vorbis)
06-25 18:31:59.795 I/FFmpegExtractor(  288): sniff through BetterSniffFFMPEG success
06-25 18:31:59.799 I/cameraserver(  281): type=1400 audit(0.0:388): avc: denied { sendto } for path="/dev/socket/logdw" scontext=u:r:cameraserver:s0 tcontext=u:r:init:s0 tclass=unix_dgram_socket permissive=1
06-25 18:31:59.801 I/CameraManagerGlobal(  682): Connecting to camera service
06-25 18:31:59.802 I/CameraService(  281): getCameraCharacteristics: Switching to HAL1 shim implementation...
06-25 18:31:59.802 I/CameraService(  281): CameraService::connect call (PID -1 "cameraserver", camera ID 0) for HAL version default and Camera API version 1
06-25 18:31:59.802 E/CameraService(  281): getCameraPriorityFromProcState: Received invalid process state -1 from ActivityManagerService!
06-25 18:31:59.803 I/Binder:289_3(  822): type=1400 audit(0.0:389): avc: denied { execmod } for path="/system/lib/libavcodec.so" dev="xvda5" ino=2166 scontext=u:r:mediaserver:s0 tcontext=u:object_r:system_file:s0 tclass=file permissive=1
06-25 18:31:59.806 E/linker  (  289): library /system/lib/libavcodec.so with text relocation is whitelisted
06-25 18:31:59.806 W/linker  (  289): /system/lib/libavcodec.so has text relocations. This is wasting memory and prevents security hardening. Please fix.
06-25 18:31:59.806 E/linker  (  289): library /system/lib/libavcodec.so with text relocation is whitelisted
06-25 18:31:59.807 E/linker  (  289): library /system/lib/libswresample.so with text relocation is whitelisted
06-25 18:31:59.807 W/linker  (  289): /system/lib/libswresample.so has text relocations. This is wasting memory and prevents security hardening. Please fix.
06-25 18:31:59.807 E/linker  (  289): library /system/lib/libswresample.so with text relocation is whitelisted
06-25 18:31:59.812 I/MediaPlayerService(  289): MediaPlayerService::getOMX
06-25 18:31:59.812 I/OMXClient(  594): MuxOMX ctor
06-25 18:31:59.813 I/MediaPlayerService(  289): MediaPlayerService::getOMX
06-25 18:31:59.813 I/OMXClient(  682): MuxOMX ctor
06-25 18:31:59.813 I/OMXMaster(  286): makeComponentInstance(OMX.google.vorbis.decoder) in mediacodec process
06-25 18:31:59.816 I/art     (  594): Background partial concurrent mark sweep GC freed 15954(1363KB) AllocSpace objects, 13(668KB) LOS objects, 33% free, 8MB/12MB, paused 366us total 120.759ms
06-25 18:31:59.823 I/org.webrtc.Logging(  762): PeerConnectionFactory: onNetworkThreadReady
06-25 18:31:59.823 I/org.webrtc.Logging(  762): PeerConnectionFactory: onWorkerThreadReady
06-25 18:31:59.823 I/org.webrtc.Logging(  762): PeerConnectionFactory: onSignalingThreadReady
06-25 18:31:59.837 I/OMXMaster(  286): makeComponentInstance(OMX.google.vorbis.decoder) in mediacodec process
06-25 18:31:59.852 E/WVMExtractor(  289): Failed to open libwvm.so: dlopen failed: library "libwvm.so" not found
06-25 18:31:59.871 I/Binder:288_2(  812): type=1400 audit(0.0:390): avc: denied { sendto } for path="/dev/socket/logdw" scontext=u:r:mediaextractor:s0 tcontext=u:r:init:s0 tclass=unix_dgram_socket permissive=1
06-25 18:31:59.874 I/FFmpegExtractor(  288): android-source:0xf2895000
06-25 18:31:59.879 I/surfaceflinger(  277): type=1400 audit(0.0:391): avc: denied { execmem } for scontext=u:r:surfaceflinger:s0 tcontext=u:r:surfaceflinger:s0 tclass=process permissive=1
06-25 18:31:59.880 I/FFMPEG  (  288): Input #0, ogg, from 'android-source:0xf2895000':
06-25 18:31:59.880 I/FFMPEG  (  288):   Duration: 00:00:00.42, start: 0.000000, bitrate: 113 kb/s
06-25 18:31:59.880 I/FFMPEG  (  288):     Stream #0:0: Audio: vorbis, 48000 Hz, mono, fltp, 48 kb/s
06-25 18:31:59.880 I/FFMPEG  (  288):     Metadata:
06-25 18:31:59.880 I/FFMPEG  (  288):       TITLE           : Camera Shutter
06-25 18:31:59.880 I/FFMPEG  (  288):       ARTIST          : (c) 2012 Android Open Source Project
06-25 18:31:59.880 I/FFmpegExtractor(  288): FFmpegExtrator, url: android-source:0xf2895000, format_name: ogg, format_long_name: Ogg
06-25 18:31:59.880 I/FFmpegExtractor(  288): list the formats suppoted by ffmpeg: 
06-25 18:31:59.880 I/FFmpegExtractor(  288): ========================================
06-25 18:31:59.880 I/FFmpegExtractor(  288): ========================================
06-25 18:31:59.880 I/FFmpegExtractor(  288): adjust mime(application/ogg -> audio/vorbis)
06-25 18:31:59.880 I/FFmpegExtractor(  288): sniff through BetterSniffFFMPEG success
06-25 18:31:59.882 I/FFmpegExtractor(  288): android-source:0xf40dca00
06-25 18:31:59.883 I/FFmpegExtractor(  288): android-source:0xf289be00
06-25 18:31:59.884 I/FFMPEG  (  288): Input #0, ogg, from 'android-source:0xf40dca00':
06-25 18:31:59.884 I/FFMPEG  (  288):   Duration: 00:00:00.08, start: 0.000000, bitrate: 571 kb/s
06-25 18:31:59.884 I/FFMPEG  (  288):     Stream #0:0: Audio: vorbis, 48000 Hz, stereo, fltp, 160 kb/s
06-25 18:31:59.884 I/FFmpegExtractor(  288): FFmpegExtrator, url: android-source:0xf40dca00, format_name: ogg, format_long_name: Ogg
06-25 18:31:59.884 I/FFmpegExtractor(  288): list the formats suppoted by ffmpeg: 
06-25 18:31:59.884 I/FFmpegExtractor(  288): ========================================
06-25 18:31:59.885 I/FFmpegExtractor(  288): ========================================
06-25 18:31:59.885 I/FFmpegExtractor(  288): adjust mime(application/ogg -> audio/vorbis)
06-25 18:31:59.885 I/FFmpegExtractor(  288): sniff through BetterSniffFFMPEG success
06-25 18:31:59.885 I/FFMPEG  (  288): Input #0, ogg, from 'android-source:0xf289be00':
06-25 18:31:59.885 I/FFMPEG  (  288):   Duration: 00:00:00.11, start: 0.000000, bitrate: 440 kb/s
06-25 18:31:59.885 I/FFMPEG  (  288):     Stream #0:0: Audio: vorbis, 48000 Hz, mono, fltp, 140 kb/s
06-25 18:31:59.885 I/FFmpegExtractor(  288): FFmpegExtrator, url: android-source:0xf289be00, format_name: ogg, format_long_name: Ogg
06-25 18:31:59.885 I/FFmpegExtractor(  288): list the formats suppoted by ffmpeg: 
06-25 18:31:59.885 I/FFmpegExtractor(  288): ========================================
06-25 18:31:59.885 I/FFmpegExtractor(  288): ========================================
06-25 18:31:59.885 I/FFmpegExtractor(  288): adjust mime(application/ogg -> audio/vorbis)
06-25 18:31:59.885 I/FFmpegExtractor(  288): sniff through BetterSniffFFMPEG success
06-25 18:31:59.887 I/unknown ( 1186): type=1400 audit(0.0:392): avc: denied { sendto } for comm=4E75506C6179657244726976657220 path="/dev/socket/logdw" scontext=u:r:mediaserver:s0 tcontext=u:r:init:s0 tclass=unix_dgram_socket permissive=1
06-25 18:31:59.889 I/MediaPlayerService(  289): MediaPlayerService::getOMX
06-25 18:31:59.889 I/OMXClient(  594): MuxOMX ctor
06-25 18:31:59.889 I/OMXMaster(  286): makeComponentInstance(OMX.google.vorbis.decoder) in mediacodec process
06-25 18:31:59.899 I/MediaPlayerService(  289): MediaPlayerService::getOMX
06-25 18:31:59.899 I/OMXClient(  682): MuxOMX ctor
06-25 18:31:59.903 I/OMXMaster(  286): makeComponentInstance(OMX.google.vorbis.decoder) in mediacodec process
06-25 18:31:59.906 I/FFmpegExtractor(  288): android-source:0xf289b400
06-25 18:31:59.908 I/FFMPEG  (  288): Input #0, ogg, from 'android-source:0xf289b400':
06-25 18:31:59.908 I/FFMPEG  (  288):   Duration: 00:00:00.54, start: 0.000000, bitrate: 95 kb/s
06-25 18:31:59.908 I/FFMPEG  (  288):     Stream #0:0: Audio: vorbis, 48000 Hz, mono, fltp, 48 kb/s
06-25 18:31:59.908 I/FFMPEG  (  288):     Metadata:
06-25 18:31:59.908 I/FFMPEG  (  288):       TITLE           : Video Record
06-25 18:31:59.908 I/FFMPEG  (  288):       ARTIST          : (c) 2012 Android Open Source Project
06-25 18:31:59.908 I/FFmpegExtractor(  288): FFmpegExtrator, url: android-source:0xf289b400, format_name: ogg, format_long_name: Ogg
06-25 18:31:59.908 I/FFmpegExtractor(  288): list the formats suppoted by ffmpeg: 
06-25 18:31:59.908 I/FFmpegExtractor(  288): ========================================
06-25 18:31:59.908 I/FFmpegExtractor(  288): ========================================
06-25 18:31:59.908 I/FFmpegExtractor(  288): adjust mime(application/ogg -> audio/vorbis)
06-25 18:31:59.908 I/FFmpegExtractor(  288): sniff through BetterSniffFFMPEG success
06-25 18:31:59.931 I/FFmpegExtractor(  288): android-source:0xf40e4c00
06-25 18:31:59.932 I/FFMPEG  (  288): Input #0, ogg, from 'android-source:0xf40e4c00':
06-25 18:31:59.932 I/FFMPEG  (  288):   Duration: 00:00:00.11, start: 0.000000, bitrate: 431 kb/s
06-25 18:31:59.932 I/FFMPEG  (  288):     Stream #0:0: Audio: vorbis, 48000 Hz, mono, fltp, 140 kb/s
06-25 18:31:59.932 I/FFmpegExtractor(  288): FFmpegExtrator, url: android-source:0xf40e4c00, format_name: ogg, format_long_name: Ogg
06-25 18:31:59.932 I/FFmpegExtractor(  288): list the formats suppoted by ffmpeg: 
06-25 18:31:59.932 I/FFmpegExtractor(  288): ========================================
06-25 18:31:59.932 I/FFmpegExtractor(  288): ========================================
06-25 18:31:59.932 I/FFmpegExtractor(  288): adjust mime(application/ogg -> audio/vorbis)
06-25 18:31:59.933 I/FFmpegExtractor(  288): sniff through BetterSniffFFMPEG success
06-25 18:31:59.934 I/MediaPlayerService(  289): MediaPlayerService::getOMX
06-25 18:31:59.935 I/FFmpegExtractor(  288): android-source:0xf1094000
06-25 18:31:59.937 I/FFMPEG  (  288): Input #0, ogg, from 'android-source:0xf1094000':
06-25 18:31:59.937 I/FFMPEG  (  288):   Duration: 00:00:00.51, start: 0.000000, bitrate: 101 kb/s
06-25 18:31:59.937 I/FFMPEG  (  288):     Stream #0:0: Audio: vorbis, 48000 Hz, mono, fltp, 48 kb/s
06-25 18:31:59.937 I/FFMPEG  (  288):     Metadata:
06-25 18:31:59.937 I/FFMPEG  (  288):       TITLE           : Video Stop
06-25 18:31:59.937 I/FFMPEG  (  288):       ARTIST          : (c) 2012 Android Open Source Project
06-25 18:31:59.937 I/FFmpegExtractor(  288): FFmpegExtrator, url: android-source:0xf1094000, format_name: ogg, format_long_name: Ogg
06-25 18:31:59.937 I/FFmpegExtractor(  288): list the formats suppoted by ffmpeg: 
06-25 18:31:59.937 I/FFmpegExtractor(  288): ========================================
06-25 18:31:59.937 I/FFmpegExtractor(  288): ========================================
06-25 18:31:59.937 I/FFmpegExtractor(  288): adjust mime(application/ogg -> audio/vorbis)
06-25 18:31:59.937 I/FFmpegExtractor(  288): sniff through BetterSniffFFMPEG success
06-25 18:31:59.938 I/CameraFlashlight(  281): Opening camera 0
06-25 18:31:59.939 I/CameraFlashlight(  281): Destroying camera 0
06-25 18:31:59.939 I/CameraService(  281): disconnect: Disconnected client for camera 0 for PID 281
06-25 18:31:59.940 I/OMXClient(  594): MuxOMX ctor
06-25 18:31:59.940 I/OMXMaster(  286): makeComponentInstance(OMX.google.vorbis.decoder) in mediacodec process
06-25 18:31:59.951 I/CameraService(  281): getCameraCharacteristics: Switching to HAL1 shim implementation...
06-25 18:31:59.951 I/CameraService(  281): CameraService::connect call (PID -1 "cameraserver", camera ID 1) for HAL version default and Camera API version 1
06-25 18:31:59.951 E/CameraService(  281): getCameraPriorityFromProcState: Received invalid process state -1 from ActivityManagerService!
06-25 18:31:59.957 I/FFmpegExtractor(  288): android-source:0xf289be00
06-25 18:31:59.958 I/FFMPEG  (  288): Input #0, ogg, from 'android-source:0xf289be00':
06-25 18:31:59.958 I/FFMPEG  (  288):   Duration: 00:00:00.42, start: 0.000000, bitrate: 113 kb/s
06-25 18:31:59.958 I/FFMPEG  (  288):     Stream #0:0: Audio: vorbis, 48000 Hz, mono, fltp, 48 kb/s
06-25 18:31:59.958 I/FFMPEG  (  288):     Metadata:
06-25 18:31:59.958 I/FFMPEG  (  288):       TITLE           : Camera Shutter
06-25 18:31:59.958 I/FFMPEG  (  288):       ARTIST          : (c) 2012 Android Open Source Project
06-25 18:31:59.958 I/FFmpegExtractor(  288): FFmpegExtrator, url: android-source:0xf289be00, format_name: ogg, format_long_name: Ogg
06-25 18:31:59.958 I/FFmpegExtractor(  288): list the formats suppoted by ffmpeg: 
06-25 18:31:59.958 I/FFmpegExtractor(  288): ========================================
06-25 18:31:59.958 I/FFmpegExtractor(  288): ========================================
06-25 18:31:59.958 I/FFmpegExtractor(  288): adjust mime(application/ogg -> audio/vorbis)
06-25 18:31:59.958 I/FFmpegExtractor(  288): sniff through BetterSniffFFMPEG success
06-25 18:31:59.968 I/WindowManager(  594): Destroying surface Surface(name=Android is starting) called by com.android.server.wm.WindowStateAnimator.destroySurface:2016 com.android.server.wm.WindowStateAnimator.destroySurfaceLocked:882 com.android.server.wm.WindowState.destroyOrSaveSurface:2100 com.android.server.wm.WindowSurfacePlacer.performSurfacePlacementInner:429 com.android.server.wm.WindowSurfacePlacer.performSurfacePlacementLoop:232 com.android.server.wm.WindowSurfacePlacer.performSurfacePlacement:180 com.android.server.wm.WindowManagerService$H.handleMessage:8092 android.os.Handler.dispatchMessage:102 
06-25 18:31:59.979 I/surfaceflinger(  277): type=1400 audit(0.0:393): avc: denied { sendto } for path="/dev/socket/logdw" scontext=u:r:surfaceflinger:s0 tcontext=u:r:init:s0 tclass=unix_dgram_socket permissive=1
06-25 18:31:59.979 I/FFmpegExtractor(  288): android-source:0xf289b400
06-25 18:31:59.981 I/FFMPEG  (  288): Input #0, ogg, from 'android-source:0xf289b400':
06-25 18:31:59.981 I/FFMPEG  (  288):   Duration: 00:00:00.11, start: 0.000000, bitrate: 462 kb/s
06-25 18:31:59.981 I/FFMPEG  (  288):     Stream #0:0: Audio: vorbis, 48000 Hz, mono, fltp, 140 kb/s
06-25 18:31:59.981 I/FFmpegExtractor(  288): FFmpegExtrator, url: android-source:0xf289b400, format_name: ogg, format_long_name: Ogg
06-25 18:31:59.981 I/FFmpegExtractor(  288): list the formats suppoted by ffmpeg: 
06-25 18:31:59.981 I/FFmpegExtractor(  288): ========================================
06-25 18:31:59.981 I/FFmpegExtractor(  288): ========================================
06-25 18:31:59.981 I/FFmpegExtractor(  288): adjust mime(application/ogg -> audio/vorbis)
06-25 18:31:59.981 I/FFmpegExtractor(  288): sniff through BetterSniffFFMPEG success
06-25 18:31:59.983 I/org.webrtc.Logging(  762): EglBase14Impl: Using OpenGL ES version 2
06-25 18:31:59.987 I/MediaPlayerService(  289): MediaPlayerService::getOMX
06-25 18:31:59.987 I/OMXClient(  594): MuxOMX ctor
06-25 18:31:59.987 I/OMXMaster(  286): makeComponentInstance(OMX.google.vorbis.decoder) in mediacodec process
06-25 18:31:59.995 I/rild    (  293): type=1400 audit(0.0:394): avc: denied { sendto } for path="/dev/socket/logdw" scontext=u:r:rild:s0 tcontext=u:r:init:s0 tclass=unix_dgram_socket permissive=1
06-25 18:32:00.013 I/DisplayManagerService(  594): Display device added: DisplayDeviceInfo{"WebRTC_ScreenCapture": uniqueId="virtual:com.genymobile.webrtcd,1000,WebRTC_ScreenCapture,0", 600 x 1024, modeId 2, defaultModeId 2, supportedModes [{id=2, width=600, height=1024, fps=60.0}], colorTransformId 0, defaultColorTransformId 0, supportedColorTransforms [], HdrCapabilities null, density 400, 400.0 x 400.0 dpi, appVsyncOff 0, presDeadline 16666666, touch NONE, rotation 0, type VIRTUAL, state ON, owner com.genymobile.webrtcd (uid 1000), FLAG_SECURE, FLAG_PRIVATE}
06-25 18:32:00.015 I/org.webrtc.Logging(  762): SurfaceTextureHelper: Setting listener to org.webrtc.ScreenCapturerAndroid@3e3984a
06-25 18:32:00.023 I/healthd (  292): type=1400 audit(0.0:395): avc: denied { read } for scontext=u:r:init:s0 tcontext=u:r:init:s0 tclass=netlink_kobject_uevent_socket permissive=1
06-25 18:32:00.028 I/Webrtcd.Screencapturer(  762): Start frame loop
06-25 18:32:00.029 I/FFmpegExtractor(  288): android-source:0xf2896e00
06-25 18:32:00.030 I/FFMPEG  (  288): Input #0, ogg, from 'android-source:0xf2896e00':
06-25 18:32:00.030 I/FFMPEG  (  288):   Duration: 00:00:00.54, start: 0.000000, bitrate: 95 kb/s
06-25 18:32:00.030 I/FFMPEG  (  288):     Stream #0:0: Audio: vorbis, 48000 Hz, mono, fltp, 48 kb/s
06-25 18:32:00.030 I/FFMPEG  (  288):     Metadata:
06-25 18:32:00.030 I/FFMPEG  (  288):       TITLE           : Video Record
06-25 18:32:00.030 I/FFMPEG  (  288):       ARTIST          : (c) 2012 Android Open Source Project
06-25 18:32:00.030 I/FFmpegExtractor(  288): FFmpegExtrator, url: android-source:0xf2896e00, format_name: ogg, format_long_name: Ogg
06-25 18:32:00.030 I/FFmpegExtractor(  288): list the formats suppoted by ffmpeg: 
06-25 18:32:00.030 I/FFmpegExtractor(  288): ========================================
06-25 18:32:00.030 I/FFmpegExtractor(  288): ========================================
06-25 18:32:00.030 I/FFmpegExtractor(  288): adjust mime(application/ogg -> audio/vorbis)
06-25 18:32:00.030 I/FFmpegExtractor(  288): sniff through BetterSniffFFMPEG success
06-25 18:32:00.032 I/FFmpegExtractor(  288): android-source:0xf40df200
06-25 18:32:00.033 I/FFMPEG  (  288): Input #0, ogg, from 'android-source:0xf40df200':
06-25 18:32:00.033 I/FFMPEG  (  288):   Duration: 00:00:00.51, start: 0.000000, bitrate: 101 kb/s
06-25 18:32:00.033 I/FFMPEG  (  288):     Stream #0:0: Audio: vorbis, 48000 Hz, mono, fltp, 48 kb/s
06-25 18:32:00.033 I/FFMPEG  (  288):     Metadata:
06-25 18:32:00.033 I/FFMPEG  (  288):       TITLE           : Video Stop
06-25 18:32:00.033 I/FFMPEG  (  288):       ARTIST          : (c) 2012 Android Open Source Project
06-25 18:32:00.033 I/FFmpegExtractor(  288): FFmpegExtrator, url: android-source:0xf40df200, format_name: ogg, format_long_name: Ogg
06-25 18:32:00.033 I/FFmpegExtractor(  288): list the formats suppoted by ffmpeg: 
06-25 18:32:00.033 I/FFmpegExtractor(  288): ========================================
06-25 18:32:00.033 I/FFmpegExtractor(  288): ========================================
06-25 18:32:00.033 I/FFmpegExtractor(  288): adjust mime(application/ogg -> audio/vorbis)
06-25 18:32:00.033 I/FFmpegExtractor(  288): sniff through BetterSniffFFMPEG success
06-25 18:32:00.035 I/GnssLocationProvider(  594): WakeLock acquired by sendMessage(12, 0, null)
06-25 18:32:00.036 E/GnssLocationProvider(  594): no AGPS interface in set_agps_server
06-25 18:32:00.036 I/GnssLocationProvider(  594): WakeLock released by handleMessage(12, 0, null)
06-25 18:32:00.036 I/CameraFlashlight(  281): Opening camera 1
06-25 18:32:00.038 I/CameraFlashlight(  281): Destroying camera 1
06-25 18:32:00.038 I/CameraService(  281): disconnect: Disconnected client for camera 1 for PID 281
06-25 18:32:00.044 I/StatusBar(  682): isKeyguardShowing() called before startKeyguard(), returning true
06-25 18:32:00.044 W/StatusBar(  682): isKeyguardSecure() called before startKeyguard(), returning false
06-25 18:32:00.044 W/StatusBar(  682): java.lang.Throwable
06-25 18:32:00.044 W/StatusBar(  682): 	at com.android.systemui.statusbar.BaseStatusBar.isKeyguardSecure(BaseStatusBar.java:2609)
06-25 18:32:00.044 W/StatusBar(  682): 	at com.android.systemui.statusbar.BaseStatusBar.isCameraAllowedByAdmin(BaseStatusBar.java:2632)
06-25 18:32:00.044 W/StatusBar(  682): 	at com.android.systemui.statusbar.phone.KeyguardBottomAreaView.updateCameraVisibility(KeyguardBottomAreaView.java:302)
06-25 18:32:00.044 W/StatusBar(  682): 	at com.android.systemui.statusbar.phone.KeyguardBottomAreaView.setPhoneStatusBar(KeyguardBottomAreaView.java:269)
06-25 18:32:00.044 W/StatusBar(  682): 	at com.android.systemui.statusbar.phone.PhoneStatusBar.makeStatusBarView(PhoneStatusBar.java:874)
06-25 18:32:00.044 W/StatusBar(  682): 	at com.android.systemui.statusbar.phone.PhoneStatusBar.addStatusBarWindow(PhoneStatusBar.java:3248)
06-25 18:32:00.044 W/StatusBar(  682): 	at com.android.systemui.statusbar.phone.PhoneStatusBar.createAndAddWindows(PhoneStatusBar.java:3244)
06-25 18:32:00.044 W/StatusBar(  682): 	at com.android.systemui.statusbar.BaseStatusBar.start(BaseStatusBar.java:752)
06-25 18:32:00.044 W/StatusBar(  682): 	at com.android.systemui.statusbar.phone.PhoneStatusBar.start(PhoneStatusBar.java:657)
06-25 18:32:00.044 W/StatusBar(  682): 	at com.android.systemui.statusbar.SystemBars.createStatusBarFromConfig(SystemBars.java:106)
06-25 18:32:00.044 W/StatusBar(  682): 	at com.android.systemui.statusbar.SystemBars.onNoService(SystemBars.java:58)
06-25 18:32:00.044 W/StatusBar(  682): 	at com.android.systemui.statusbar.ServiceMonitor.startService(ServiceMonitor.java:230)
06-25 18:32:00.044 W/StatusBar(  682): 	at com.android.systemui.statusbar.ServiceMonitor.-wrap5(ServiceMonitor.java)
06-25 18:32:00.044 W/StatusBar(  682): 	at com.android.systemui.statusbar.ServiceMonitor$1.handleMessage(ServiceMonitor.java:73)
06-25 18:32:00.044 W/StatusBar(  682): 	at android.os.Handler.dispatchMessage(Handler.java:102)
06-25 18:32:00.044 W/StatusBar(  682): 	at android.os.Looper.loop(Looper.java:154)
06-25 18:32:00.044 W/StatusBar(  682): 	at android.app.ActivityThread.main(ActivityThread.java:6077)
06-25 18:32:00.044 W/StatusBar(  682): 	at java.lang.reflect.Method.invoke(Native Method)
06-25 18:32:00.044 W/StatusBar(  682): 	at com.android.internal.os.ZygoteInit$MethodAndArgsCaller.run(ZygoteInit.java:865)
06-25 18:32:00.044 W/StatusBar(  682): 	at com.android.internal.os.ZygoteInit.main(ZygoteInit.java:755)
06-25 18:32:00.044 I/StatusBar(  682): isKeyguardShowing() called before startKeyguard(), returning true
06-25 18:32:00.044 W/StatusBar(  682): isKeyguardSecure() called before startKeyguard(), returning false
06-25 18:32:00.044 W/StatusBar(  682): java.lang.Throwable
06-25 18:32:00.044 W/StatusBar(  682): 	at com.android.systemui.statusbar.BaseStatusBar.isKeyguardSecure(BaseStatusBar.java:2609)
06-25 18:32:00.044 W/StatusBar(  682): 	at com.android.systemui.statusbar.BaseStatusBar.isCameraAllowedByAdmin(BaseStatusBar.java:2632)
