06-25 18:31:55.855 I/Binder:290_2(  554): type=1400 audit(0.0:269): avc: denied { getopt } for path="/dev/socket/netd" scontext=u:r:netd:s0 tcontext=u:r:init:s0 tclass=unix_stream_socket permissive=1
06-25 18:31:55.856 I/SystemServer(  594): StartNetworkScoreService
06-25 18:31:55.857 I/SystemServer(  594): StartNetworkStatsService
06-25 18:31:55.863 I/SystemServer(  594): StartNetworkPolicyManagerService
06-25 18:31:55.865 I/SystemServer(  594): No Wi-Fi NAN Service (NAN support Not Present)
06-25 18:31:55.879 I/RenderThread(  638): type=1400 audit(0.0:270): avc: denied { read } for name="fb0" dev="tmpfs" ino=7966 scontext=u:r:system_server:s0 tcontext=u:object_r:graphics_device:s0 tclass=chr_file permissive=1
06-25 18:31:55.879 I/RenderThread(  638): type=1400 audit(0.0:271): avc: denied { open } for path="/dev/graphics/fb0" dev="tmpfs" ino=7966 scontext=u:r:system_server:s0 tcontext=u:object_r:graphics_device:s0 tclass=chr_file permissive=1
06-25 18:31:55.879 I/RenderThread(  638): type=1400 audit(0.0:272): avc: denied { ioctl } for path="/dev/graphics/fb0" dev="tmpfs" ino=7966 ioctlcmd=4600 scontext=u:r:system_server:s0 tcontext=u:object_r:graphics_device:s0 tclass=chr_file permissive=1
06-25 18:31:55.880 I/OpenGLRenderer(  594): Initialized EGL, version 1.4
06-25 18:31:55.923 I/RenderThread(  638): type=1400 audit(0.0:273): avc: denied { execmem } for scontext=u:r:system_server:s0 tcontext=u:r:system_server:s0 tclass=process permissive=1
06-25 18:31:56.133 W/art     (  594): Verification of void com.android.server.wifi.p2p.WifiP2pService.<init>(android.content.Context) took 197.681ms
06-25 18:31:56.133 I/SystemServiceManager(  594): Starting com.android.server.wifi.p2p.WifiP2pService
06-25 18:31:56.146 I/WifiP2pService(  594): Registering wifip2p
06-25 18:31:56.147 I/SystemServiceManager(  594): Starting com.android.server.wifi.WifiService
06-25 18:31:56.167 I/Binder:290_2(  554): type=1400 audit(0.0:274): avc: denied { read } for path="socket:[13459]" dev="sockfs" ino=13459 scontext=u:r:netd:s0 tcontext=u:r:init:s0 tclass=unix_stream_socket permissive=1
06-25 18:31:56.167 I/Binder:290_2(  554): type=1400 audit(0.0:275): avc: denied { write } for path="socket:[13459]" dev="sockfs" ino=13459 scontext=u:r:netd:s0 tcontext=u:r:init:s0 tclass=unix_stream_socket permissive=1
06-25 18:31:56.187 I/Binder:290_2(  554): type=1400 audit(0.0:276): avc: denied { sendto } for path="/dev/socket/logdw" scontext=u:r:netd:s0 tcontext=u:r:init:s0 tclass=unix_dgram_socket permissive=1
06-25 18:31:56.227 I/SurfaceFlinger(  277): Boot is finished (24056 ms)
06-25 18:31:56.271 I/surfaceflinger(  277): type=1400 audit(0.0:277): avc: denied { execmem } for scontext=u:r:surfaceflinger:s0 tcontext=u:r:surfaceflinger:s0 tclass=process permissive=1
06-25 18:31:56.370 E/WifiLogger(  594): no ring buffers found
06-25 18:31:56.370 E/WifiLogger(  594): Failed to start packet fate monitoring
06-25 18:31:56.372 I/WifiService(  594): Registering wifi
06-25 18:31:56.375 I/SystemServiceManager(  594): Starting com.android.server.wifi.scanner.WifiScanningService
06-25 18:31:56.375 I/WifiScanningService(  594): Creating wifiscanner
06-25 18:31:56.377 I/WifiScanningService(  594): Publishing wifiscanner
06-25 18:31:56.378 I/SystemServiceManager(  594): Starting com.android.server.wifi.RttService
06-25 18:31:56.378 I/RttService(  594): Creating rttmanager
06-25 18:31:56.378 I/RttService(  594): Starting rttmanager
06-25 18:31:56.378 I/SystemServiceManager(  594): Starting com.android.server.ethernet.EthernetService
06-25 18:31:56.379 I/EthernetServiceImpl(  594): Creating EthernetConfigStore
06-25 18:31:56.395 E/IpConfigStore(  594): Error parsing configuration: java.io.FileNotFoundException: /data/misc/ethernet/ipconfig.txt (No such file or directory)
06-25 18:31:56.395 W/EthernetConfigStore(  594): No Ethernet configuration found. Using default.
06-25 18:31:56.395 I/EthernetServiceImpl(  594): Read stored IP configuration: IP assignment: DHCP
06-25 18:31:56.395 I/EthernetServiceImpl(  594): Proxy settings: NONE
06-25 18:31:56.395 I/EthernetService(  594): Registering service ethernet
06-25 18:31:56.396 I/SystemServer(  594): StartConnectivityService
06-25 18:31:56.401 I/SystemServer(  594): StartNsdService
06-25 18:31:56.402 I/SystemServer(  594): StartUpdateLockService
06-25 18:31:56.402 I/SystemServiceManager(  594): Starting com.android.server.RecoverySystemService
06-25 18:31:56.403 I/SystemServiceManager(  594): Starting com.android.server.notification.NotificationManagerService
06-25 18:31:56.418 I/SystemServiceManager(  594): Starting com.android.server.storage.DeviceStorageMonitorService
06-25 18:31:56.419 I/SystemServer(  594): StartLocationManagerService
06-25 18:31:56.421 I/SystemServer(  594): StartCountryDetectorService
06-25 18:31:56.421 I/SystemServer(  594): StartSearchManagerService
06-25 18:31:56.421 I/SystemServiceManager(  594): Starting com.android.server.search.SearchManagerService$Lifecycle
06-25 18:31:56.422 I/SystemServiceManager(  594): Starting com.android.server.DropBoxManagerService
06-25 18:31:56.427 I/SystemServer(  594): StartWallpaperManagerService
06-25 18:31:56.427 I/SystemServiceManager(  594): Starting com.android.server.wallpaper.WallpaperManagerService$Lifecycle
06-25 18:31:56.428 E/BitmapFactory(  594): Unable to decode stream: java.io.FileNotFoundException: /data/system/users/0/wallpaper_orig (No such file or directory)
06-25 18:31:56.428 E/WallpaperManagerService(  594): Invalid wallpaper data
06-25 18:31:56.428 E/WallpaperManagerService(  594): Unable to apply new wallpaper
06-25 18:31:56.429 I/SystemServer(  594): StartAudioService
06-25 18:31:56.429 I/SystemServiceManager(  594): Starting com.android.server.audio.AudioService$Lifecycle
06-25 18:31:56.433 W/TelecomManager(  594): Telecom Service not found.
06-25 18:31:56.434 W/AudioFlinger(  280): no wake lock to update, system not ready yet
06-25 18:31:56.438 I/SystemServiceManager(  594): Starting com.android.server.DockObserver
06-25 18:31:56.438 W/DockObserver(  594): This kernel does not have dock station support
06-25 18:31:56.438 I/SystemServer(  594): StartWiredAccessoryManager
06-25 18:31:56.443 W/WiredAccessoryManager(  594): This kernel does not have wired headset support
06-25 18:31:56.443 W/WiredAccessoryManager(  594): This kernel does not have usb audio support
06-25 18:31:56.443 W/WiredAccessoryManager(  594): This kernel does not have HDMI audio support
06-25 18:31:56.443 I/SystemServiceManager(  594): Starting com.android.server.usb.UsbService$Lifecycle
06-25 18:31:56.535 E/UsbDeviceManager(  594): failed to write to /sys/class/android_usb/android0/f_rndis/ethaddr
06-25 18:31:56.543 E/UsbDeviceManager(  594): Error initializing UsbHandler
06-25 18:31:56.543 E/UsbDeviceManager(  594): java.io.FileNotFoundException: /sys/class/android_usb/android0/state (No such file or directory)
06-25 18:31:56.543 E/UsbDeviceManager(  594): 	at java.io.FileInputStream.open(Native Method)
06-25 18:31:56.543 E/UsbDeviceManager(  594): 	at java.io.FileInputStream.<init>(FileInputStream.java:146)
06-25 18:31:56.543 E/UsbDeviceManager(  594): 	at android.os.FileUtils.readTextFile(FileUtils.java:263)
06-25 18:31:56.543 E/UsbDeviceManager(  594): 	at com.android.server.usb.UsbDeviceManager$UsbHandler.<init>(UsbDeviceManager.java:352)
06-25 18:31:56.543 E/UsbDeviceManager(  594): 	at com.android.server.usb.UsbDeviceManager.<init>(UsbDeviceManager.java:204)
06-25 18:31:56.543 E/UsbDeviceManager(  594): 	at com.android.server.usb.UsbService.<init>(UsbService.java:116)
06-25 18:31:56.543 E/UsbDeviceManager(  594): 	at com.android.server.usb.UsbService$Lifecycle.onStart(UsbService.java:65)
06-25 18:31:56.543 E/UsbDeviceManager(  594): 	at com.android.server.SystemServiceManager.startService(SystemServiceManager.java:112)
06-25 18:31:56.543 E/UsbDeviceManager(  594): 	at com.android.server.SystemServiceManager.startService(SystemServiceManager.java:66)
06-25 18:31:56.543 E/UsbDeviceManager(  594): 	at com.android.server.SystemServer.startOtherServices(SystemServer.java:971)
06-25 18:31:56.543 E/UsbDeviceManager(  594): 	at com.android.server.SystemServer.run(SystemServer.java:324)
06-25 18:31:56.543 E/UsbDeviceManager(  594): 	at com.android.server.SystemServer.main(SystemServer.java:209)
06-25 18:31:56.543 E/UsbDeviceManager(  594): 	at java.lang.reflect.Method.invoke(Native Method)
06-25 18:31:56.543 E/UsbDeviceManager(  594): 	at com.android.internal.os.ZygoteInit$MethodAndArgsCaller.run(ZygoteInit.java:865)
06-25 18:31:56.543 E/UsbDeviceManager(  594): 	at com.android.internal.os.ZygoteInit.main(ZygoteInit.java:755)
06-25 18:31:56.543 E/UsbDeviceManagerJNI(  594): could not open /dev/usb_accessory
06-25 18:31:56.544 I/SystemServer(  594): StartSerialService
06-25 18:31:56.544 E/HardwarePropertiesManagerService-JNI(  594): Couldn't load thermal module (No such file or directory)
06-25 18:31:56.544 I/SystemServiceManager(  594): Starting com.android.server.twilight.TwilightService
06-25 18:31:56.545 I/SystemServiceManager(  594): Starting com.android.server.job.JobSchedulerService
06-25 18:31:56.547 I/SystemServiceManager(  594): Starting com.android.server.soundtrigger.SoundTriggerService
06-25 18:31:56.548 I/SystemServiceManager(  594): Starting com.android.server.backup.BackupManagerService$Lifecycle
06-25 18:31:56.549 I/SystemServiceManager(  594): Starting com.android.server.appwidget.AppWidgetService
06-25 18:31:56.551 I/SystemServiceManager(  594): Starting com.android.server.voiceinteraction.VoiceInteractionManagerService
06-25 18:31:56.552 I/SystemServer(  594): Gesture Launcher Service
06-25 18:31:56.552 I/SystemServiceManager(  594): Starting com.android.server.GestureLauncherService
06-25 18:31:56.553 I/SystemServiceManager(  594): Starting com.android.server.SensorNotificationService
06-25 18:31:56.553 I/SystemServiceManager(  594): Starting com.android.server.ContextHubSystemService
06-25 18:31:56.553 E/ContextHubService(  594): ** Could not load context_hub module : err No such file or directory
06-25 18:31:56.553 W/ContextHubService(  594): No Context Hub Module present
06-25 18:31:56.553 I/SystemServer(  594): StartDiskStatsService
06-25 18:31:56.554 I/SystemServer(  594): StartSamplingProfilerService
06-25 18:31:56.566 I/SystemServer(  594): StartNetworkTimeUpdateService
06-25 18:31:56.566 I/SystemServer(  594): StartCommonTimeManagementService
06-25 18:31:56.567 I/SystemServer(  594): CertBlacklister
06-25 18:31:56.568 I/SystemServiceManager(  594): Starting com.android.server.dreams.DreamManagerService
06-25 18:31:56.569 I/SystemServer(  594): StartAssetAtlasService
06-25 18:31:56.571 I/SystemServiceManager(  594): Starting com.android.server.print.PrintManagerService
06-25 18:31:56.578 I/SystemServiceManager(  594): Starting com.android.server.restrictions.RestrictionsManagerService
06-25 18:31:56.579 I/SystemServiceManager(  594): Starting com.android.server.media.MediaSessionService
06-25 18:31:56.581 I/SystemServer(  594): StartMediaRouterService
06-25 18:31:56.582 I/SystemServiceManager(  594): Starting com.android.server.trust.TrustManagerService
06-25 18:31:56.582 I/SystemServer(  594): StartBackgroundDexOptService
06-25 18:31:56.582 I/SystemServiceManager(  594): Starting com.android.server.pm.ShortcutService$Lifecycle
06-25 18:31:56.584 I/SystemServiceManager(  594): Starting com.android.server.pm.LauncherAppsService
06-25 18:31:56.584 I/SystemServiceManager(  594): Starting com.android.server.media.projection.MediaProjectionManagerService
06-25 18:31:56.587 I/WindowManager(  594): SAFE MODE not enabled
06-25 18:31:56.587 I/SystemServiceManager(  594): Starting com.android.server.MmsServiceBroker
06-25 18:31:56.593 W/VibratorService(  594): Tried to stop vibrating but there is no vibrator device.
06-25 18:31:56.602 E/LockSettingsStorage(  594): Cannot read file java.io.FileNotFoundException: /data/system/gatekeeper.password.key: open failed: ENOENT (No such file or directory)
06-25 18:31:56.602 E/LockSettingsStorage(  594): Cannot read file java.io.FileNotFoundException: /data/system/password.key: open failed: ENOENT (No such file or directory)
06-25 18:31:56.602 E/LockSettingsStorage(  594): Cannot read file java.io.FileNotFoundException: /data/system/gatekeeper.pattern.key: open failed: ENOENT (No such file or directory)
06-25 18:31:56.602 E/LockSettingsStorage(  594): Cannot read file java.io.FileNotFoundException: /data/system/gatekeeper.gesture.key: open failed: ENOENT (No such file or directory)
06-25 18:31:56.602 E/LockSettingsStorage(  594): Cannot read file java.io.FileNotFoundException: /data/system/gesture.key: open failed: ENOENT (No such file or directory)
06-25 18:31:56.602 I/SystemServiceManager(  594): Starting phase 480
06-25 18:31:56.604 I/DevicePolicyManagerService(  594): Set ro.device_owner property to false
06-25 18:31:56.605 I/SystemServiceManager(  594): Starting phase 500
06-25 18:31:56.612 I/WifiService(  594): WifiService starting up with Wi-Fi enabled
06-25 18:31:56.613 I/WifiScanningService(  594): Starting wifiscanner
06-25 18:31:56.614 I/RttService(  594): Registering rttmanager
06-25 18:31:56.614 I/EthernetServiceImpl(  594): Starting Ethernet service
06-25 18:31:56.620 W/SoundTriggerHelper(  594): listModules status=0, # of modules=0
06-25 18:31:56.629 W/KeyguardServiceDelegate(  594): onScreenTurningOn(): no keyguard service!
06-25 18:31:56.629 I/DefaultPermGrantPolicy(  594): Granting permissions to default platform handlers for user 0
06-25 18:31:56.629 W/VoiceInteractionManagerService(  594): no available voice interaction services found for user 0
06-25 18:31:56.629 W/VoiceInteractionManagerService(  594): no available voice recognition services found for user 0
06-25 18:31:56.632 I/ActivityManager(  594): System now ready
06-25 18:31:56.633 I/SystemServer(  594): Making services ready
06-25 18:31:56.633 I/SystemServiceManager(  594): Starting phase 550
06-25 18:31:56.634 E/InputMethodManagerService(  594): Ignoring updateSystemUiLocked due to an invalid token. uid:1000 token:null
06-25 18:31:56.643 I/main    (  278): type=1400 audit(0.0:278): avc: denied { accept } for path="/dev/socket/zygote" scontext=u:r:zygote:s0 tcontext=u:r:init:s0 tclass=unix_stream_socket permissive=1
06-25 18:31:56.643 I/main    (  278): type=1400 audit(0.0:279): avc: denied { getopt } for path="/dev/socket/zygote" scontext=u:r:zygote:s0 tcontext=u:r:init:s0 tclass=unix_stream_socket permissive=1
06-25 18:31:56.643 I/main    (  278): type=1400 audit(0.0:280): avc: denied { setopt } for path="/dev/socket/zygote" scontext=u:r:zygote:s0 tcontext=u:r:init:s0 tclass=unix_stream_socket permissive=1
06-25 18:31:56.643 I/main    (  278): type=1400 audit(0.0:281): avc: denied { read } for path="/dev/socket/zygote" scontext=u:r:zygote:s0 tcontext=u:r:init:s0 tclass=unix_stream_socket permissive=1
06-25 18:31:56.643 I/main    (  278): type=1400 audit(0.0:282): avc: denied { getattr } for path="socket:[12842]" dev="sockfs" ino=12842 scontext=u:r:zygote:s0 tcontext=u:r:init:s0 tclass=unix_stream_socket permissive=1
06-25 18:31:56.643 I/main    (  278): type=1400 audit(0.0:283): avc: denied { write } for path="/dev/socket/zygote" scontext=u:r:zygote:s0 tcontext=u:r:init:s0 tclass=unix_stream_socket permissive=1
06-25 18:31:56.654 I/Zygote  (  594): Process: zygote socket opened, supported ABIS: x86_64
06-25 18:31:56.657 I/ActivityManager(  594): Start proc 667:com.android.inputmethod.latin/u0a48 for service com.android.inputmethod.latin/.LatinIME
06-25 18:31:56.659 I/putmethod.lati(  667): type=1400 audit(0.0:284): avc: denied { sendto } for path="/dev/socket/logdw" scontext=u:r:untrusted_app:s0:c512,c768 tcontext=u:r:init:s0 tclass=unix_dgram_socket permissive=1
06-25 18:31:56.659 W/art     (  667): Unexpected CPU variant for X86 using defaults: x86_64
06-25 18:31:56.663 I/JDWP    (  674): type=1400 audit(0.0:285): avc: denied { connectto } for path=006A6477702D636F6E74726F6C scontext=u:r:untrusted_app:s0:c512,c768 tcontext=u:r:init:s0 tclass=unix_stream_socket permissive=1
06-25 18:31:56.663 I/logd.writer(  117): type=1400 audit(0.0:286): avc: denied { read } for path="/dev/socket/logdw" scontext=u:r:logd:s0 tcontext=u:r:init:s0 tclass=unix_dgram_socket permissive=1
06-25 18:31:56.691 E/BitmapFactory(  594): Unable to decode stream: java.io.FileNotFoundException: /data/system/users/0/wallpaper_orig (No such file or directory)
06-25 18:31:56.691 E/WallpaperManagerService(  594): Invalid wallpaper data
06-25 18:31:56.691 E/WallpaperManagerService(  594): Unable to apply new wallpaper
06-25 18:31:56.692 I/ActivityManager(  594): Force stopping com.android.providers.media appid=10010 user=-1: vold reset
06-25 18:31:56.700 W/art     (  682): Unexpected CPU variant for X86 using defaults: x86_64
06-25 18:31:56.707 I/ActivityManager(  594): Start proc 682:com.android.systemui/u0a23 for service com.android.systemui/.ImageWallpaper
06-25 18:31:56.711 I/SystemServer(  594): WebViewFactory preparation
06-25 18:31:56.715 W/System  (  682): ClassLoader referenced unknown path: /system/priv-app/SystemUI/lib/x86_64
06-25 18:31:56.720 W/sdcard  (  681): Device explicitly disabled sdcardfs
06-25 18:31:56.722 E/BluetoothAdapter(  594): Bluetooth binder is null
06-25 18:31:56.723 E/BluetoothAdapter(  594): Bluetooth binder is null
06-25 18:31:56.724 I/AudioFlinger(  280): systemReady
06-25 18:31:56.728 E/WVMExtractor(  594): Failed to open libwvm.so: dlopen failed: library "libwvm.so" not found
06-25 18:31:56.730 E/linker  (  288): library /system/lib/libavcodec.so with text relocation is whitelisted
06-25 18:31:56.730 W/linker  (  288): /system/lib/libavcodec.so has text relocations. This is wasting memory and prevents security hardening. Please fix.
06-25 18:31:56.730 E/linker  (  288): library /system/lib/libavcodec.so with text relocation is whitelisted
06-25 18:31:56.731 E/linker  (  288): library /system/lib/libswresample.so with text relocation is whitelisted
06-25 18:31:56.731 W/linker  (  288): /system/lib/libswresample.so has text relocations. This is wasting memory and prevents security hardening. Please fix.
06-25 18:31:56.731 E/linker  (  288): library /system/lib/libswresample.so with text relocation is whitelisted
06-25 18:31:56.741 I/Zygote  (  594): Process: zygote socket opened, supported ABIS: x86
06-25 18:31:56.741 I/FFmpegExtractor(  288): android-source:0xf40dc000
06-25 18:31:56.743 I/art     (  279): Starting a blocking GC Background
06-25 18:31:56.757 I/ActivityManager(  594): Start proc 706:WebViewLoader-x86/1037 [android.webkit.WebViewFactory$RelroFileCreator] for 
06-25 18:31:56.762 W/art     (  711): Unexpected CPU variant for X86 using defaults: x86_64
06-25 18:31:56.775 I/ActivityManager(  594): Start proc 711:WebViewLoader-x86_64/1037 [android.webkit.WebViewFactory$RelroFileCreator] for 
06-25 18:31:56.777 I/NetworkManagement(  594): not enabling bandwidth control
06-25 18:31:56.804 I/MountService(  594): Running fstrim idle maintenance
06-25 18:31:56.811 W/vold    (  120): Trim failed on /cache: Operation not supported on transport endpoint
06-25 18:31:56.811 W/vold    (  120): Trim failed on /data: Operation not supported on transport endpoint
06-25 18:31:56.831 W/NetworkManagement(  594): setDataSaverMode(): already false
06-25 18:31:56.851 I/putmethod.latin(  667): type=1400 audit(0.0:304): avc: denied { sendto } for path="/dev/socket/logdw" scontext=u:r:untrusted_app:s0:c512,c768 tcontext=u:r:init:s0 tclass=unix_dgram_socket permissive=1
06-25 18:31:56.852 I/LatinIME(  667): Hardware accelerated drawing: true
06-25 18:31:56.868 W/art     (  706): Unexpected CPU variant for X86 using defaults: x86
06-25 18:31:56.883 W/NetworkStats(  594): bandwidth controls disabled, unable to track stats
06-25 18:31:56.883 W/NetworkPolicy(  594): bandwidth controls disabled, unable to enforce policy
06-25 18:31:56.891 W/InputAttributes(  667): No editor info for this field. Bug?
06-25 18:31:56.932 I/LatinIME:LogUtils(  667): Dictionary info: dictionary = userunigram.en_US ; version = 1687732316 ; date = ?
06-25 18:31:56.932 E/ActivityThread(  667): Failed to find provider info for user_dictionary
06-25 18:31:56.932 I/LatinIME:LogUtils(  667): Dictionary info: dictionary = UserHistoryDictionary.en_US ; version = 1687732316 ; date = ?
06-25 18:31:56.963 I/JDWP    (  736): type=1400 audit(0.0:305): avc: denied { connectto } for path=006A6477702D636F6E74726F6C scontext=u:r:shared_relro:s0 tcontext=u:r:init:s0 tclass=unix_stream_socket permissive=1
06-25 18:31:56.981 I/SystemServiceManager(  594): Starting phase 600
06-25 18:31:57.016 I/GnssLocationProvider(  594): WakeLock acquired by sendMessage(13, 0, null)
06-25 18:31:57.017 E/GnssLocationProvider(  594): no AGPS interface in set_agps_server
06-25 18:31:57.017 I/LatinIME:LogUtils(  667): Dictionary info: dictionary = main:en ; version = 54 ; date = 1414726273
06-25 18:31:57.040 W/ServiceWatcher(  594): com.google.android.gms not found
06-25 18:31:57.041 W/ServiceWatcher(  594): com.google.android.gms not found
06-25 18:31:57.041 W/LocationProviderProxy-network(  594): Odd, no component found for service com.android.location.service.v3.NetworkLocationProvider
06-25 18:31:57.041 W/ServiceWatcher(  594): com.google.android.gms not found
06-25 18:31:57.042 W/ServiceWatcher(  594): com.google.android.gms not found
06-25 18:31:57.042 W/GeocoderProxy(  594): Odd, no component found for service com.android.location.service.GeocodeProvider
06-25 18:31:57.042 E/FlpHardwareProvider(  594): Error hw_get_module 'flp': -2
06-25 18:31:57.043 W/ServiceWatcher(  594): com.google.android.gms not found
06-25 18:31:57.043 W/GeofenceProxy(  594): Odd, no component found for service com.android.location.service.GeofenceProvider
06-25 18:31:57.043 E/ActivityRecognitionHardware(  594): Error hw_get_module: -2
06-25 18:31:57.043 W/ServiceWatcher(  594): com.google.android.gms not found
06-25 18:31:57.043 W/ActivityRecognitionProxy(  594): Odd, no component found for service com.android.location.service.ActivityRecognitionProvider
06-25 18:31:57.044 I/GnssLocationProvider(  594): WakeLock acquired by sendMessage(2, 1, null)
06-25 18:31:57.044 I/GnssLocationProvider(  594): WakeLock released by handleMessage(13, 0, null)
06-25 18:31:57.045 E/GnssLocationProvider(  594): no AGPS interface in set_agps_server
06-25 18:31:57.045 I/GnssLocationProvider(  594): WakeLock released by handleMessage(2, 1, null)
06-25 18:31:57.047 I/CommonTimeManagementService(  594): No common time service detected on this platform.  Common time services will be unavailable.
06-25 18:31:57.056 I/InputReader(  594): Reconfiguring input devices.  changes=0x00000020
06-25 18:31:57.057 I/InputReader(  594): Reconfiguring input devices.  changes=0x00000010
06-25 18:31:57.066 I/MmsServiceBroker(  594): Delay connecting to MmsService until an API is called
06-25 18:31:57.066 W/VoiceInteractionManagerService(  594): no available voice interaction services found for user 0
06-25 18:31:57.066 W/VoiceInteractionManagerService(  594): no available voice recognition services found for user 0
06-25 18:31:57.067 I/m.android.phon(  748): type=1400 audit(0.0:306): avc: denied { sendto } for path="/dev/socket/logdw" scontext=u:r:radio:s0 tcontext=u:r:init:s0 tclass=unix_dgram_socket permissive=1
06-25 18:31:57.070 W/art     (  748): Unexpected CPU variant for X86 using defaults: x86_64
06-25 18:31:57.077 I/ActivityManager(  594): Start proc 748:com.android.phone/1001 for added application com.android.phone
06-25 18:31:57.079 I/ymobile.webrtc(  762): type=1400 audit(0.0:307): avc: denied { sendto } for path="/dev/socket/logdw" scontext=u:r:system_app:s0 tcontext=u:r:init:s0 tclass=unix_dgram_socket permissive=1
06-25 18:31:57.081 W/art     (  762): Unexpected CPU variant for X86 using defaults: x86_64
06-25 18:31:57.087 I/ActivityManager(  594): Start proc 762:com.genymobile.webrtcd/1000 for added application com.genymobile.webrtcd
06-25 18:31:57.088 I/ActivityManager(  594): START u0 {act=android.intent.action.MAIN cat=[android.intent.category.HOME] flg=0x10000100 cmp=com.android.settings/.FallbackHome} from uid 0 on display 0
06-25 18:31:57.088 W/System  (  594): ClassLoader referenced unknown path: 
06-25 18:31:57.088 W/System  (  594): ClassLoader referenced unknown path: /system/priv-app/Settings/lib/x86_64
06-25 18:31:57.090 I/ActivityManager(  594): Loaded persisted task ids for user 0
06-25 18:31:57.091 I/main    (  278): type=1400 audit(0.0:308): avc: denied { read } for path="/dev/socket/zygote" scontext=u:r:zygote:s0 tcontext=u:r:init:s0 tclass=unix_stream_socket permissive=1
06-25 18:31:57.091 I/main    (  278): type=1400 audit(0.0:309): avc: denied { getattr } for path="socket:[12842]" dev="sockfs" ino=12842 scontext=u:r:zygote:s0 tcontext=u:r:init:s0 tclass=unix_stream_socket permissive=1
06-25 18:31:57.091 I/main    (  278): type=1400 audit(0.0:310): avc: denied { write } for path="/dev/socket/zygote" scontext=u:r:zygote:s0 tcontext=u:r:init:s0 tclass=unix_stream_socket permissive=1
06-25 18:31:57.095 I/ActivityManager(  594): Start proc 776:com.android.settings/1000 for activity com.android.settings/.FallbackHome
06-25 18:31:57.103 W/art     (  776): Unexpected CPU variant for X86 using defaults: x86_64
06-25 18:31:57.105 W/LocationProviderProxy-network(  594): Odd, no component found for service com.android.location.service.v3.NetworkLocationProvider
06-25 18:31:57.105 W/GeocoderProxy(  594): Odd, no component found for service com.android.location.service.GeocodeProvider
06-25 18:31:57.105 W/GeofenceProxy(  594): Odd, no component found for service com.android.location.service.GeofenceProvider
06-25 18:31:57.105 W/ActivityRecognitionProxy(  594): Odd, no component found for service com.android.location.service.ActivityRecognitionProvider
06-25 18:31:57.107 I/SystemServer(  594): Enabled StrictMode for system server main thread.
06-25 18:31:57.110 W/ContextImpl(  594): Calling a method in the system process without a qualified user: android.app.ContextImpl.startService:1385 com.android.server.content.SyncManager$13.run:631 android.os.Handler.handleCallback:751 android.os.Handler.dispatchMessage:95 android.os.Looper.loop:154 
06-25 18:31:57.115 I/ndroid.systemui(  682): type=1400 audit(0.0:311): avc: denied { sendto } for path="/dev/socket/logdw" scontext=u:r:platform_app:s0:c512,c768 tcontext=u:r:init:s0 tclass=unix_dgram_socket permissive=1
06-25 18:31:57.119 I/Binder:290_2(  554): type=1400 audit(0.0:312): avc: denied { sendto } for path="/dev/socket/logdw" scontext=u:r:netd:s0 tcontext=u:r:init:s0 tclass=unix_dgram_socket permissive=1
06-25 18:31:57.119 E/SoftapController(  290): Softap fwReload - NULL path for STA
06-25 18:31:57.120 E/WifiMonitor(  594): killSupplicant p2pfalse init.svc.wpa_supplicant=unknown init.svc.p2p_supplicant=unknown
06-25 18:31:57.122 W/System  (  748): ClassLoader referenced unknown path: /system/priv-app/TeleService/lib/x86_64
06-25 18:31:57.123 E/wifi    (  594): Can not initialize the vendor function pointer table
06-25 18:31:57.123 E/WifiNative-HAL(  594): Could not start hal
06-25 18:31:57.123 E/WifiStateMachine(  594): Failed to start HAL
06-25 18:31:57.151 I/wpa_supplicant(  791): type=1400 audit(0.0:313): avc: denied { read write } for path="socket:[13824]" dev="sockfs" ino=13824 scontext=u:r:wpa:s0 tcontext=u:r:init:s0 tclass=unix_dgram_socket permissive=1
06-25 18:31:57.275 I/lmkd    (  262): type=1400 audit(0.0:314): avc: denied { read } for path="socket:[12772]" dev="sockfs" ino=12772 scontext=u:r:lmkd:s0 tcontext=u:r:init:s0 tclass=unix_stream_socket permissive=1
06-25 18:31:57.277 W/art     (  594): Long monitor contention with owner Binder:594_3 (696) at void com.android.server.wm.WindowManagerService.continueSurfaceLayout()(WindowManagerService.java:5285) waiters=0 in void com.android.server.wm.WindowManagerService$H.handleMessage(android.os.Message) for 143ms
06-25 18:31:57.303 I/bViewLoader-x86(  706): type=1400 audit(0.0:315): avc: denied { sendto } for path="/dev/socket/logdw" scontext=u:r:shared_relro:s0 tcontext=u:r:init:s0 tclass=unix_dgram_socket permissive=1
06-25 18:31:57.307 I/art     (  706): System.exit called, status: 0
06-25 18:31:57.307 I/AndroidRuntime(  706): VM exiting with result code 0, cleanup skipped.
06-25 18:31:57.327 I/wpa_supplicant(  791): type=1400 audit(0.0:316): avc: denied { sendto } for path="/dev/socket/logdw" scontext=u:r:wpa:s0 tcontext=u:r:init:s0 tclass=unix_dgram_socket permissive=1
06-25 18:31:57.329 I/wpa_supplicant(  791): Successfully initialized wpa_supplicant
06-25 18:31:57.357 W/art     (  594): Long monitor contention with owner Binder:594_3 (696) at void com.android.server.am.ActivityManagerService.attachApplication(android.app.IApplicationThread)(ActivityManagerService.java:6689) waiters=0 in android.app.IActivityManager$ContentProviderHolder com.android.server.am.ActivityManagerService.getContentProviderImpl(android.app.IApplicationThread, java.lang.String, android.os.IBinder, boolean, int) for 232ms
06-25 18:31:57.357 W/art     (  594): Long monitor contention with owner Binder:594_3 (696) at void com.android.server.am.ActivityManagerService.attachApplication(android.app.IApplicationThread)(ActivityManagerService.java:6689) waiters=1 in int com.android.server.am.ActivityManagerService.getMemoryTrimLevel() for 233ms
06-25 18:31:57.359 I/WifiScanningService(  594): wifi driver unloaded
06-25 18:31:57.362 W/System  (  748): ClassLoader referenced unknown path: /system/priv-app/TelephonyProvider/lib/x86_64
06-25 18:31:57.369 W/System  (  776): ClassLoader referenced unknown path: /system/priv-app/Settings/lib/x86_64
06-25 18:31:57.386 W/FingerprintManager(  682): isFingerprintHardwareDetected(): Service not connected!
06-25 18:31:57.386 W/FingerprintManager(  682): addLockoutResetCallback(): Service not connected!
06-25 18:31:57.399 I/wpa_supplicant(  791): type=1400 audit(0.0:317): avc: denied { getopt } for path="/dev/socket/wpa_wlan0" scontext=u:r:wpa:s0 tcontext=u:r:init:s0 tclass=unix_dgram_socket permissive=1
06-25 18:31:57.399 I/wpa_supplicant(  791): type=1400 audit(0.0:318): avc: denied { ioctl } for path="socket:[13824]" dev="sockfs" ino=13824 ioctlcmd=5411 scontext=u:r:wpa:s0 tcontext=u:r:init:s0 tclass=unix_dgram_socket permissive=1
06-25 18:31:57.399 I/wpa_supplicant(  791): type=1400 audit(0.0:319): avc: denied { sendto } for path="/data/misc/wifi/sockets/wpa_ctrl_594-2" scontext=u:r:init:s0 tcontext=u:r:system_server:s0 tclass=unix_dgram_socket permissive=1
06-25 18:31:57.399 E/wpa_supplicant(  791): global ctrl interface @android:wpa_wlan0 matches ctrl interface wlan0 - do not open per-interface ctrl interface
06-25 18:31:57.405 W/WifiNetworkHistory(  594): Upgrading network 0 to android.uid.system:1000
06-25 18:31:57.405 E/IpConfigStore(  594): Error parsing configuration: java.io.FileNotFoundException: /data/misc/wifi/ipconfig.txt (No such file or directory)
06-25 18:31:57.408 I/WifiConnectivityManager(  594): PNO settings: min5GHzRssi -82 min24GHzRssi -85 currentConnectionBonus 16 sameNetworkBonus 24 secureNetworkBonus 80 initialScoreMax 100
06-25 18:31:57.409 I/WifiConnectivityManager(  594): ConnectivityScanManager initialized 
06-25 18:31:57.409 E/WifiLogger(  594): no ring buffers found
06-25 18:31:57.409 E/WifiLogger(  594): Failed to start packet fate monitoring
06-25 18:31:57.410 I/WifiConnectivityManager(  594): Set WiFi enabled
06-25 18:31:57.410 I/WifiConnectivityManager(  594): scheduleWatchdogTimer
06-25 18:31:57.410 W/AlarmManager(  594): Unrecognized alarm listener com.android.server.wifi.WifiConnectivityManager$3@1b7dd16
06-25 18:31:57.410 E/WifiScanner(  594): listener cannot be found
06-25 18:31:57.411 E/WifiConnectivityManager(  594): SingleScanListener onFailure: reason: -1 description: not available
06-25 18:31:57.428 E/BatteryStatsService(  594): no controller energy info supplied
06-25 18:31:57.428 E/BatteryStatsService(  594): no controller energy info supplied
06-25 18:31:57.429 I/art     (  711): System.exit called, status: 0
06-25 18:31:57.429 I/AndroidRuntime(  711): VM exiting with result code 0, cleanup skipped.
06-25 18:31:57.430 E/WVMExtractor(  682): Failed to open libwvm.so: dlopen failed: library "libwvm.so" not found
06-25 18:31:57.433 I/FFmpegExtractor(  288): android-source:0xf2895000
06-25 18:31:57.443 W/System  (  594): ClassLoader referenced unknown path: /system/priv-app/Telecom/lib/x86_64
06-25 18:31:57.506 W/ContextImpl(  762): Calling a method in the system process without a qualified user: android.app.ContextImpl.startService:1385 android.content.ContextWrapper.startService:613 com.genymobile.webrtcd.WebrtcdApp.onCreate:19 android.app.Instrumentation.callApplicationOnCreate:1024 android.app.ActivityThread.handleBindApplication:5361 
06-25 18:31:57.514 I/Webrtcd.Service(  762): Received start id 1: Intent { cmp=com.genymobile.webrtcd/.LifecycleService }
06-25 18:31:57.514 I/Webrtcd.Service(  762): Starting server
06-25 18:31:57.519 I/ymobile.webrtcd(  762): type=1400 audit(0.0:320): avc: denied { read } for name="u:object_r:god_prop:s0" dev="tmpfs" ino=6877 scontext=u:r:system_app:s0 tcontext=u:object_r:god_prop:s0 tclass=file permissive=1
06-25 18:31:57.519 I/ymobile.webrtcd(  762): type=1400 audit(0.0:321): avc: denied { open } for path="/dev/__properties__/u:object_r:god_prop:s0" dev="tmpfs" ino=6877 scontext=u:r:system_app:s0 tcontext=u:object_r:god_prop:s0 tclass=file permissive=1
06-25 18:31:57.519 I/ymobile.webrtcd(  762): type=1400 audit(0.0:322): avc: denied { getattr } for path="/dev/__properties__/u:object_r:god_prop:s0" dev="tmpfs" ino=6877 scontext=u:r:system_app:s0 tcontext=u:object_r:god_prop:s0 tclass=file permissive=1
06-25 18:31:57.533 E/BluetoothAdapter(  594): Bluetooth binder is null
06-25 18:31:57.534 I/Telecom (  594): SystemStateProvider: Registering car mode receiver: android.content.IntentFilter@b779c7f: TS.init@AAA
06-25 18:31:57.573 I/FFMPEG  (  288): Input #0, ogg, from 'android-source:0xf2895000':
06-25 18:31:57.573 I/FFMPEG  (  288):   Duration: 00:00:00.23, start: 0.000000, bitrate: 293 kb/s
06-25 18:31:57.577 I/FFMPEG  (  288):     Stream #0:0: Audio: vorbis, 44100 Hz, stereo, fltp, 160 kb/s
06-25 18:31:57.577 I/FFmpegExtractor(  288): FFmpegExtrator, url: android-source:0xf2895000, format_name: ogg, format_long_name: Ogg
06-25 18:31:57.577 I/FFmpegExtractor(  288): list the formats suppoted by ffmpeg: 
06-25 18:31:57.577 I/FFmpegExtractor(  288): ========================================
06-25 18:31:57.577 I/FFmpegExtractor(  288): ========================================
06-25 18:31:57.577 I/FFmpegExtractor(  288): adjust mime(application/ogg -> audio/vorbis)
06-25 18:31:57.577 I/FFmpegExtractor(  288): sniff through BetterSniffFFMPEG success
06-25 18:31:57.627 I/mediaserver(  289): type=1400 audit(0.0:323): avc: denied { sendto } for path="/dev/socket/logdw" scontext=u:r:mediaserver:s0 tcontext=u:r:init:s0 tclass=unix_dgram_socket permissive=1
06-25 18:31:57.628 I/FFMPEG  (  288): Input #0, ogg, from 'android-source:0xf40dc000':
06-25 18:31:57.628 I/FFMPEG  (  288):   Duration: 00:00:00.09, start: 0.000000, bitrate: 437 kb/s
06-25 18:31:57.628 I/FFMPEG  (  288):     Stream #0:0: Audio: vorbis, 48000 Hz, stereo, fltp, 96 kb/s
06-25 18:31:57.628 I/FFmpegExtractor(  288): FFmpegExtrator, url: android-source:0xf40dc000, format_name: ogg, format_long_name: Ogg
06-25 18:31:57.628 I/FFmpegExtractor(  288): list the formats suppoted by ffmpeg: 
06-25 18:31:57.628 I/FFmpegExtractor(  288): ========================================
06-25 18:31:57.628 I/FFmpegExtractor(  288): ========================================
06-25 18:31:57.628 I/FFmpegExtractor(  288): adjust mime(application/ogg -> audio/vorbis)
06-25 18:31:57.628 I/FFmpegExtractor(  288): sniff through BetterSniffFFMPEG success
06-25 18:31:57.630 I/MediaPlayerService(  289): MediaPlayerService::getOMX
06-25 18:31:57.663 I/Telecom (  594): Telecom: Non-call EVENT: AUDIO_ROUTE, Entering state QuiescentEarpieceRoute
06-25 18:31:57.671 I/OMXClient(  289): MuxOMX ctor
06-25 18:31:57.671 I/MediaPlayerService(  289): MediaPlayerService::getOMX
06-25 18:31:57.672 I/OMXClient(  289): MuxOMX ctor
06-25 18:31:57.672 I/OMXMaster(  286): makeComponentInstance(OMX.google.mp3.decoder) in mediacodec process
06-25 18:31:57.673 W/WindowManager(  594): Keyguard drawn timeout. Setting mKeyguardDrawComplete
06-25 18:31:57.722 I/Telecom (  594): CallAudioModeStateMachine: Message received: null.: TS.init->CAMSM.pM_1@AAA_0
06-25 18:31:57.723 I/vol.Events(  682): writeEvent collection_started
06-25 18:31:57.735 E/BluetoothAdapter(  594): Bluetooth binder is null
06-25 18:31:57.735 E/ActivityThread(  594): Failed to find provider info for call_log
06-25 18:31:57.748 I/Telecom (  594): Class: TelecomSystem.INSTANCE being set
06-25 18:31:57.748 E/BluetoothAdapter(  594): Bluetooth binder is null
06-25 18:31:57.749 I/vol.Events(  682): writeEvent external_ringer_mode_changed normal
06-25 18:31:57.749 I/vol.Events(  682): writeEvent internal_ringer_mode_changed normal
06-25 18:31:57.751 W/System  (  594): ClassLoader referenced unknown path: /system/priv-app/FusedLocation/lib/x86_64
06-25 18:31:57.830 W/VibratorService(  594): Tried to stop vibrating but there is no vibrator device.
06-25 18:31:57.832 I/SyncManager(  594): Got SyncJobService instance.
06-25 18:31:57.834 E/ActivityThread(  594): Failed to find provider info for com.android.calendar
06-25 18:31:57.834 E/ActivityThread(  594): Failed to find provider info for com.android.calendar
06-25 18:31:57.855 I/Telecom (  594): WiredHeadsetManager: ACTION_HEADSET_PLUG event, plugged in: false, : WHC.oADA@AAE
06-25 18:31:57.855 I/WifiScanningService(  594): wifi driver loaded with scan capabilities: max buckets=16
06-25 18:31:57.863 I/Thread-2(  843): type=1400 audit(0.0:331): avc: denied { write } for name="token.js" dev="xvda7" ino=8120 scontext=u:r:system_app:s0 tcontext=u:object_r:system_data_file:s0 tclass=file permissive=1
06-25 18:31:57.865 I/ActivityManager(  594): user 0 is still locked. Cannot load recents
06-25 18:31:57.892 I/OpenGLRenderer(  776): Initialized EGL, version 1.4
06-25 18:31:57.895 I/DefaultPermGrantPolicy(  594): Granting permissions to default dialer app for user:0
06-25 18:31:57.896 I/MediaPlayerService(  289): MediaPlayerService::getOMX
06-25 18:31:57.896 I/OMXClient(  289): MuxOMX ctor
06-25 18:31:57.897 I/OMXMaster(  286): makeComponentInstance(OMX.google.amrnb.decoder) in mediacodec process
06-25 18:31:57.908 I/vol.Events(  682): writeEvent level_changed STREAM_ALARM 6
06-25 18:31:57.908 I/vol.Events(  682): writeEvent level_changed STREAM_BLUETOOTH_SCO 7
06-25 18:31:57.908 I/vol.Events(  682): writeEvent level_changed STREAM_MUSIC 11
06-25 18:31:57.915 I/MediaPlayerService(  289): MediaPlayerService::getOMX
06-25 18:31:57.923 I/OMXClient(  289): MuxOMX ctor
06-25 18:31:57.923 I/OMXMaster(  286): makeComponentInstance(OMX.google.amrwb.decoder) in mediacodec process
06-25 18:31:57.923 I/Telecom (  594): PhoneAccountRegistrar: SimCallManager queried, returning: null: TSI.gSCM@AAM
06-25 18:31:57.924 I/vol.Events(  682): writeEvent level_changed STREAM_RING 5
06-25 18:31:57.924 I/vol.Events(  682): writeEvent level_changed STREAM_SYSTEM 5
06-25 18:31:57.925 I/FusedLocation(  594): engine started (com.android.location.fused)
06-25 18:31:57.925 I/vol.Events(  682): writeEvent level_changed STREAM_VOICE_CALL 4
06-25 18:31:57.939 I/installd(  284): type=1400 audit(0.0:332): avc: denied { read } for path="socket:[12387]" dev="sockfs" ino=12387 scontext=u:r:installd:s0 tcontext=u:r:init:s0 tclass=unix_stream_socket permissive=1
06-25 18:31:57.939 I/MediaPlayerService(  289): MediaPlayerService::getOMX
06-25 18:31:57.939 I/OMXClient(  289): MuxOMX ctor
06-25 18:31:57.939 I/OMXMaster(  286): makeComponentInstance(OMX.google.aac.decoder) in mediacodec process
06-25 18:31:57.963 I/installd(  284): type=1400 audit(0.0:333): avc: denied { write } for path="socket:[12387]" dev="sockfs" ino=12387 scontext=u:r:installd:s0 tcontext=u:r:init:s0 tclass=unix_stream_socket permissive=1
06-25 18:31:57.966 I/SystemServiceManager(  594): Starting phase 1000
06-25 18:31:57.975 I/logd.writer(  117): type=1400 audit(0.0:334): avc: denied { read } for path="/dev/socket/logdw" scontext=u:r:logd:s0 tcontext=u:r:init:s0 tclass=unix_dgram_socket permissive=1
06-25 18:31:57.978 W/art     (  873): Unexpected CPU variant for X86 using defaults: x86_64
06-25 18:31:57.979 I/JDWP    (  880): type=1400 audit(0.0:335): avc: denied { connectto } for path=006A6477702D636F6E74726F6C scontext=u:r:platform_app:s0:c512,c768 tcontext=u:r:init:s0 tclass=unix_stream_socket permissive=1
06-25 18:31:58.015 I/ActivityManager(  594): Start proc 873:android.ext.services/u0a12 for on-hold
06-25 18:31:58.019 I/vold    (  128): type=1400 audit(0.0:336): avc: denied { read } for path="socket:[12795]" dev="sockfs" ino=12795 scontext=u:r:vold:s0 tcontext=u:r:init:s0 tclass=unix_stream_socket permissive=1
06-25 18:31:58.019 I/vold    (  128): type=1400 audit(0.0:337): avc: denied { sendto } for path="/dev/socket/logdw" scontext=u:r:vold:s0 tcontext=u:r:init:s0 tclass=unix_dgram_socket permissive=1
06-25 18:31:58.019 I/vold    (  128): type=1400 audit(0.0:338): avc: denied { write } for path="socket:[12795]" dev="sockfs" ino=12795 scontext=u:r:vold:s0 tcontext=u:r:init:s0 tclass=unix_stream_socket permissive=1
06-25 18:31:58.019 I/mediaserver(  289): type=1400 audit(0.0:339): avc: denied { sendto } for path="/dev/socket/logdw" scontext=u:r:mediaserver:s0 tcontext=u:r:init:s0 tclass=unix_dgram_socket permissive=1
06-25 18:31:58.021 I/MediaPlayerService(  289): MediaPlayerService::getOMX
06-25 18:31:58.021 I/OMXClient(  289): MuxOMX ctor
06-25 18:31:58.021 I/OMXMaster(  286): makeComponentInstance(OMX.google.g711.alaw.decoder) in mediacodec process
06-25 18:31:58.056 W/System  (  873): ClassLoader referenced unknown path: /system/priv-app/ExtServices/lib/x86_64
06-25 18:31:58.112 I/MediaPlayerService(  289): MediaPlayerService::getOMX
06-25 18:31:58.113 I/OMXClient(  289): MuxOMX ctor
06-25 18:31:58.113 I/OMXMaster(  286): makeComponentInstance(OMX.google.g711.mlaw.decoder) in mediacodec process
06-25 18:31:58.120 I/org.webrtc.Logging(  762): EglBase14Impl: SDK version: 24. isEGL14Supported: true
06-25 18:31:58.120 I/org.webrtc.Logging(  762): EglBase14Impl: Using OpenGL ES version 2
06-25 18:31:58.128 I/MediaPlayerService(  289): MediaPlayerService::getOMX
06-25 18:31:58.128 I/OMXClient(  289): MuxOMX ctor
06-25 18:31:58.128 I/OMXMaster(  286): makeComponentInstance(OMX.google.vorbis.decoder) in mediacodec process
06-25 18:31:58.183 W/KeyguardServiceDelegate(  594): onScreenTurningOn(): no keyguard service!
06-25 18:31:58.183 I/ActivityManager(  594): Displayed com.android.settings/.FallbackHome: +1s92ms
06-25 18:31:58.189 I/org.webrtc.Logging(  762): NativeLibrary: Loading native library: jingle_peerconnection_so
06-25 18:31:58.189 I/org.webrtc.Logging(  762): NativeLibrary: Loading library: jingle_peerconnection_so
06-25 18:31:58.192 E/BluetoothAdapter(  748): Bluetooth binder is null
06-25 18:31:58.203 I/main    (  278): type=1400 audit(0.0:340): avc: denied { getattr } for path="/sys/kernel/debug/tracing/trace_marker" dev="tracefs" ino=43 scontext=u:r:zygote:s0 tcontext=u:object_r:debugfs_tracing:s0 tclass=file permissive=1
06-25 18:31:58.207 I/main    (  899): type=1400 audit(0.0:341): avc: denied { write } for name="trace_marker" dev="tracefs" ino=43 scontext=u:r:zygote:s0 tcontext=u:object_r:debugfs_tracing:s0 tclass=file permissive=1
06-25 18:31:58.207 I/main    (  899): type=1400 audit(0.0:342): avc: denied { open } for path="/sys/kernel/debug/tracing/trace_marker" dev="tracefs" ino=43 scontext=u:r:zygote:s0 tcontext=u:object_r:debugfs_tracing:s0 tclass=file permissive=1
06-25 18:31:58.207 I/d.process.acor(  899): type=1400 audit(0.0:343): avc: denied { sendto } for path="/dev/socket/logdw" scontext=u:r:priv_app:s0:c512,c768 tcontext=u:r:init:s0 tclass=unix_dgram_socket permissive=1
06-25 18:31:58.207 I/JDWP    (  906): type=1400 audit(0.0:344): avc: denied { connectto } for path=006A6477702D636F6E74726F6C scontext=u:r:priv_app:s0:c512,c768 tcontext=u:r:init:s0 tclass=unix_stream_socket permissive=1
06-25 18:31:58.207 I/Binder:594_6(  851): type=1400 audit(0.0:345): avc: denied { sendto } for path="/dev/socket/logdw" scontext=u:r:system_server:s0 tcontext=u:r:init:s0 tclass=unix_dgram_socket permissive=1
06-25 18:31:58.208 W/art     (  899): Unexpected CPU variant for X86 using defaults: x86_64
06-25 18:31:58.214 I/ActivityManager(  594): Start proc 899:android.process.acore/u0a1 for content provider com.android.providers.contacts/.ContactsProvider2
06-25 18:31:58.264 W/System  (  899): ClassLoader referenced unknown path: /system/priv-app/ContactsProvider/lib/x86_64
06-25 18:31:58.271 I/putmethod.latin(  667): type=1400 audit(0.0:346): avc: denied { sendto } for path="/dev/socket/logdw" scontext=u:r:untrusted_app:s0:c512,c768 tcontext=u:r:init:s0 tclass=unix_dgram_socket permissive=1
06-25 18:31:58.273 W/InputAttributes(  667): No editor info for this field. Bug?
06-25 18:31:58.279 I/org.webrtc.Logging(  762): PeerConnectionFactory: PeerConnectionFactory was initialized without an injected Loggable. Any existing Loggable will be deleted.
06-25 18:31:58.283 I/audioserver(  280): type=1400 audit(0.0:347): avc: denied { sendto } for path="/dev/socket/logdw" scontext=u:r:audioserver:s0 tcontext=u:r:init:s0 tclass=unix_dgram_socket permissive=1
06-25 18:31:58.284 I/org.webrtc.Logging(  762): WebRtcAudioManagerExternal: Sample rate is set to 44100 Hz
06-25 18:31:58.284 I/org.webrtc.Logging(  762): WebRtcAudioManagerExternal: Sample rate is set to 44100 Hz
06-25 18:31:58.284 I/org.webrtc.Logging(  762): JavaAudioDeviceModule: createAudioDeviceModule
06-25 18:31:58.284 I/org.webrtc.Logging(  762): JavaAudioDeviceModule: HW NS will not be used.
06-25 18:31:58.284 I/org.webrtc.Logging(  762): JavaAudioDeviceModule: HW AEC will not be used.
06-25 18:31:58.285 I/org.webrtc.Logging(  762): WebRtcAudioEffectsExternal: ctor@[name=Thread-2, id=36]
06-25 18:31:58.285 I/org.webrtc.Logging(  762): WebRtcAudioRecordExternal: ctor@[name=Thread-2, id=36]
06-25 18:31:58.285 I/org.webrtc.Logging(  762): WebRtcAudioTrackExternal: ctor@[name=Thread-2, id=36]
06-25 18:31:58.286 I/MediaPlayerService(  289): MediaPlayerService::getOMX
06-25 18:31:58.286 I/OMXClient(  289): MuxOMX ctor
06-25 18:31:58.287 I/Binder:286_2(  854): type=1400 audit(0.0:348): avc: denied { sendto } for path="/dev/socket/logdw" scontext=u:r:mediacodec:s0 tcontext=u:r:init:s0 tclass=unix_dgram_socket permissive=1
06-25 18:31:58.287 I/OMXMaster(  286): makeComponentInstance(OMX.google.gsm.decoder) in mediacodec process
06-25 18:31:58.295 I/rild    (  293): type=1400 audit(0.0:349): avc: denied { sendto } for path="/dev/socket/logdw" scontext=u:r:rild:s0 tcontext=u:r:init:s0 tclass=unix_dgram_socket permissive=1
06-25 18:31:58.295 I/m.android.phone(  748): type=1400 audit(0.0:350): avc: denied { sendto } for path="/dev/socket/logdw" scontext=u:r:radio:s0 tcontext=u:r:init:s0 tclass=unix_dgram_socket permissive=1
06-25 18:31:58.295 I/Telephony(  748): TtyManager: updateUiTtyMode -1 -> 0
06-25 18:31:58.310 I/ActivityManager(  594): Start proc 920:com.android.deskclock/u0a38 for broadcast com.android.deskclock/.AlarmInitReceiver
06-25 18:31:58.312 I/BackupManagerService(  594): Found stale backup journal, scheduling
06-25 18:31:58.314 I/GnssLocationProvider(  594): WakeLock acquired by sendMessage(12, 0, null)
06-25 18:31:58.315 I/GnssLocationProvider(  594): WakeLock released by handleMessage(12, 0, null)
06-25 18:31:58.315 I/BackupManagerService(  594): Backup enabled => false
06-25 18:31:58.335 W/art     (  920): Unexpected CPU variant for X86 using defaults: x86_64
06-25 18:31:58.337 E/PhoneInterfaceManager(  748): [PhoneIntfMgr] getIccId: No UICC
06-25 18:31:58.340 I/Telecom (  594): PhoneAccountRegistrar: New phone account registered: [[ ] PhoneAccount: ComponentInfo{com.android.phone/com.android.services.telephony.TelephonyConnectionService}, [e0184adedf913b076626646d3f52c3b49c39ad6d], UserHandle{0} Capabilities: CallProvider MultiUser PlaceEmerg SimSub  Schemes: tel voicemail  Extras: null]: TSI.rPA@AAU
06-25 18:31:58.343 I/MediaPlayerService(  289): MediaPlayerService::getOMX
06-25 18:31:58.343 I/OMXClient(  289): MuxOMX ctor
06-25 18:31:58.343 I/OMXMaster(  286): makeComponentInstance(OMX.google.opus.decoder) in mediacodec process
06-25 18:31:58.358 W/System  (  920): ClassLoader referenced unknown path: /system/app/DeskClock/lib/x86_64
06-25 18:31:58.361 I/Telecom (  594): : Sending phone-account registered intent as user: TSI.rPA@AAU
06-25 18:31:58.362 I/Telephony(  748): AccountEntry: Registered phoneAccount: [[ ] PhoneAccount: ComponentInfo{com.android.phone/com.android.services.telephony.TelephonyConnectionService}, [e0184adedf913b076626646d3f52c3b49c39ad6d], UserHandle{0} Capabilities: CallProvider MultiUser PlaceEmerg SimSub  Schemes: tel voicemail  Extras: null] with handle: ComponentInfo{com.android.phone/com.android.services.telephony.TelephonyConnectionService}, [e0184adedf913b076626646d3f52c3b49c39ad6d], UserHandle{0}
06-25 18:31:58.372 W/VoiceInteractionManagerService(  594): no available voice interaction services found for user 0
06-25 18:31:58.372 W/VoiceInteractionManagerService(  594): no available voice recognition services found for user 0
06-25 18:31:58.373 I/ActivityManager(  594): Loading recents for user 0 into memory.
06-25 18:31:58.375 I/MediaPlayerService(  289): MediaPlayerService::getOMX
06-25 18:31:58.375 I/OMXClient(  289): MuxOMX ctor
06-25 18:31:58.375 I/OMXMaster(  286): makeComponentInstance(OMX.google.raw.decoder) in mediacodec process
06-25 18:31:58.379 W/art     (  945): Unexpected CPU variant for X86 using defaults: x86_64
06-25 18:31:58.380 I/MediaPlayerService(  289): MediaPlayerService::getOMX
