06-25 18:32:06.345 W/System  ( 1446): ClassLoader referenced unknown path: /system/priv-app/OneTimeInitializer/lib/x86_64
06-25 18:32:06.346 I/MessagingAppDataModel( 1428): Fixup: Send failed - 0 Download failed - 0
06-25 18:32:06.352 I/Binder:748_2(  761): type=1400 audit(0.0:464): avc: denied { sendto } for path="/dev/socket/logdw" scontext=u:r:radio:s0 tcontext=u:r:init:s0 tclass=unix_dgram_socket permissive=1
06-25 18:32:06.386 W/MessagingApp( 1428): canonicalizeMccMnc: invalid mccmnc:null ,null
06-25 18:32:06.389 W/MmsServiceBroker(  594): MmsService not connected. Try connecting...
06-25 18:32:06.389 I/MmsServiceBroker(  594): Connecting to MmsService
06-25 18:32:06.389 W/ContextImpl(  594): Calling a method in the system process without a qualified user: android.app.ContextImpl.bindService:1449 com.android.server.MmsServiceBroker.tryConnecting:240 com.android.server.MmsServiceBroker.-wrap3:-1 com.android.server.MmsServiceBroker$1.handleMessage:82 android.os.Handler.dispatchMessage:102 
06-25 18:32:06.396 I/Thread-2( 1444): type=1400 audit(0.0:465): avc: denied { sendto } for path="/dev/socket/logdw" scontext=u:r:platform_app:s0:c512,c768 tcontext=u:r:init:s0 tclass=unix_dgram_socket permissive=1
06-25 18:32:06.397 W/System  (  748): ClassLoader referenced unknown path: /system/priv-app/MmsService/lib/x86_64
06-25 18:32:06.402 I/MmsServiceBroker(  594): MmsService connected
06-25 18:32:06.402 I/MmsService(  748): mms config for sub 1: null
06-25 18:32:06.402 I/MessagingApp( 1428): Carrier configs loaded: Bundle[{smsToMmsTextThreshold=-1, maxMessageTextSize=-1, recipientLimit=-1, maxImageHeight=480, maxMessageSize=307200, maxImageWidth=640, enabledMMS=true, enableMultipartSMS=true}] from resources+system for subId=1
06-25 18:32:06.402 I/MmsService(  748): MmsConfigManager receiver action: android.intent.action.SIM_STATE_CHANGED
06-25 18:32:06.402 I/MmsService(  748): MmsConfigManager receiver action: android.telephony.action.CARRIER_CONFIG_CHANGED
06-25 18:32:06.407 I/MmsService(  748): MmsConfigManager loads in background mcc/mnc: 310/270
06-25 18:32:06.407 I/MmsService(  748): MmsConfigManager loads in background mcc/mnc: 310/270
06-25 18:32:06.407 I/MmsService(  748): MmsConfigManager loads in background mcc/mnc: 310/270
06-25 18:32:06.433 W/MessagingApp( 1428): canonicalizeMccMnc: invalid mccmnc:null ,null
06-25 18:32:06.436 I/MmsService(  748): mms config for sub 1: Bundle[{httpSocketTimeout=60000, aliasMinChars=2, smsToMmsTextThreshold=-1, enableSMSDeliveryReports=true, maxMessageTextSize=-1, supportMmsContentDisposition=true, enabledTransID=false, aliasEnabled=false, supportHttpCharsetHeader=false, allowAttachAudio=true, smsToMmsTextLengthThreshold=-1, recipientLimit=2147483647, uaProfTagName=x-wap-profile, aliasMaxChars=48, maxImageHeight=1944, enableMMSDeliveryReports=false, userAgent=, config_cellBroadcastAppLinks=true, maxSubjectLength=40, httpParams=, enableGroupMms=true, emailGatewayNumber=, maxMessageSize=1048576, naiSuffix=, enableMMSReadReports=false, maxImageWidth=2592, uaProfUrl=, enabledMMS=true, enabledNotifyWapMMSC=false, sendMultipartSmsAsSeparateMessages=false, enableMultipartSMS=true}]
06-25 18:32:06.436 I/MessagingApp( 1428): Carrier configs loaded: Bundle[{httpSocketTimeout=60000, aliasMinChars=2, smsToMmsTextThreshold=-1, enableSMSDeliveryReports=true, maxMessageTextSize=-1, supportMmsContentDisposition=true, enabledTransID=false, aliasEnabled=false, supportHttpCharsetHeader=false, allowAttachAudio=true, smsToMmsTextLengthThreshold=-1, recipientLimit=2147483647, uaProfTagName=x-wap-profile, aliasMaxChars=48, maxImageHeight=1944, enableMMSDeliveryReports=false, userAgent=, config_cellBroadcastAppLinks=true, maxSubjectLength=40, httpParams=, enableGroupMms=true, emailGatewayNumber=, maxMessageSize=1048576, naiSuffix=, enableMMSReadReports=false, maxImageWidth=2592, uaProfUrl=, enabledMMS=true, enabledNotifyWapMMSC=false, sendMultipartSmsAsSeparateMessages=false, enableMultipartSMS=true}] from resources+system for subId=1
06-25 18:32:06.448 W/MessagingApp( 1428): canonicalizeMccMnc: invalid mccmnc:null ,null
06-25 18:32:06.450 I/MmsService(  748): mms config for sub 1: Bundle[{httpSocketTimeout=60000, aliasMinChars=2, smsToMmsTextThreshold=-1, enableSMSDeliveryReports=true, maxMessageTextSize=-1, supportMmsContentDisposition=true, enabledTransID=false, aliasEnabled=false, supportHttpCharsetHeader=false, allowAttachAudio=true, smsToMmsTextLengthThreshold=-1, recipientLimit=2147483647, uaProfTagName=x-wap-profile, aliasMaxChars=48, maxImageHeight=1944, enableMMSDeliveryReports=false, userAgent=, config_cellBroadcastAppLinks=true, maxSubjectLength=40, httpParams=, enableGroupMms=true, emailGatewayNumber=, maxMessageSize=1048576, naiSuffix=, enableMMSReadReports=false, maxImageWidth=2592, uaProfUrl=, enabledMMS=true, enabledNotifyWapMMSC=false, sendMultipartSmsAsSeparateMessages=false, enableMultipartSMS=true}]
06-25 18:32:06.450 I/MessagingApp( 1428): Carrier configs loaded: Bundle[{httpSocketTimeout=60000, aliasMinChars=2, smsToMmsTextThreshold=-1, enableSMSDeliveryReports=true, maxMessageTextSize=-1, supportMmsContentDisposition=true, enabledTransID=false, aliasEnabled=false, supportHttpCharsetHeader=false, allowAttachAudio=true, smsToMmsTextLengthThreshold=-1, recipientLimit=2147483647, uaProfTagName=x-wap-profile, aliasMaxChars=48, maxImageHeight=1944, enableMMSDeliveryReports=false, userAgent=, config_cellBroadcastAppLinks=true, maxSubjectLength=40, httpParams=, enableGroupMms=true, emailGatewayNumber=, maxMessageSize=1048576, naiSuffix=, enableMMSReadReports=false, maxImageWidth=2592, uaProfUrl=, enabledMMS=true, enabledNotifyWapMMSC=false, sendMultipartSmsAsSeparateMessages=false, enableMultipartSMS=true}] from resources+system for subId=1
06-25 18:32:06.458 I/MessagingAppDataModel( 1428): SyncMessagesAction: Starting batch for messages from 1646714763786 to 1687732326297 (message update limit = 80, message scan limit = 4000)
06-25 18:32:06.494 I/MessagingAppDataModel( 1428): SyncMessagesAction: All messages now in sync
06-25 18:32:06.499 I/art     (  594): Starting a blocking GC Explicit
06-25 18:32:06.513 I/art     (  594): Explicit concurrent mark sweep GC freed 7682(562KB) AllocSpace objects, 1(56KB) LOS objects, 33% free, 7MB/11MB, paused 218us total 14.188ms
06-25 18:32:06.516 I/otion.superuse( 1475): type=1400 audit(0.0:466): avc: denied { sendto } for path="/dev/socket/logdw" scontext=u:r:system_app:s0 tcontext=u:r:init:s0 tclass=unix_dgram_socket permissive=1
06-25 18:32:06.521 W/art     ( 1475): Unexpected CPU variant for X86 using defaults: x86_64
06-25 18:32:06.576 W/ActivityManager(  594): Slow operation: 60ms so far, now at startProcess: returned from zygote!
06-25 18:32:06.576 W/ActivityManager(  594): Slow operation: 60ms so far, now at startProcess: done updating battery stats
06-25 18:32:06.576 W/ActivityManager(  594): Slow operation: 60ms so far, now at startProcess: building log message
06-25 18:32:06.576 I/ActivityManager(  594): Start proc 1475:com.genymotion.superuser/1000 for broadcast com.genymotion.superuser/com.koushikdutta.superuser.SuCheckerReceiver
06-25 18:32:06.576 W/ActivityManager(  594): Slow operation: 60ms so far, now at startProcess: starting to update pids map
06-25 18:32:06.576 W/ActivityManager(  594): Slow operation: 60ms so far, now at startProcess: done updating pids map
06-25 18:32:06.576 W/ActivityManager(  594): Slow operation: 60ms so far, now at startProcess: done starting proc!
06-25 18:32:06.583 W/System  ( 1475): ClassLoader referenced unknown path: /system/app/Superuser/lib/x86_64
06-25 18:32:06.640 W/MediaScanner( 1239): Error opening directory '/oem/media/', skipping: No such file or directory.
06-25 18:32:06.680 I/Thread-2( 1490): type=1400 audit(0.0:467): avc: denied { execute } for name="su" dev="xvda5" ino=3656 scontext=u:r:system_app:s0 tcontext=u:object_r:su_exec:s0 tclass=file permissive=1
06-25 18:32:06.680 I/Thread-2( 1490): type=1400 audit(0.0:468): avc: denied { read open } for path="/system/xbin/su" dev="xvda5" ino=3656 scontext=u:r:system_app:s0 tcontext=u:object_r:su_exec:s0 tclass=file permissive=1
06-25 18:32:06.680 I/Thread-2( 1490): type=1400 audit(0.0:469): avc: denied { execute_no_trans } for path="/system/xbin/su" dev="xvda5" ino=3656 scontext=u:r:system_app:s0 tcontext=u:object_r:su_exec:s0 tclass=file permissive=1
06-25 18:32:06.686 I/Superuser( 1475): Result: 16 com.genymotion.superuser
06-25 18:32:06.840 I/rild    (  293): type=1400 audit(0.0:470): avc: denied { sendto } for path="/dev/socket/logdw" scontext=u:r:rild:s0 tcontext=u:r:init:s0 tclass=unix_dgram_socket permissive=1
06-25 18:32:06.883 I/OmtpVvmCarrierCfgHlpr(  748): Requesting VVM activation for subId: 1
06-25 18:32:06.888 I/genybaseband(  297): type=1400 audit(0.0:471): avc: denied { sendto } for path="/dev/socket/logdw" scontext=u:r:logwrapper:s0 tcontext=u:r:init:s0 tclass=unix_dgram_socket permissive=1
06-25 18:32:06.888 I/genybaseband(  297): type=1400 audit(0.0:472): avc: denied { write } for path="socket:[9664]" dev="sockfs" ino=9664 scontext=u:r:logwrapper:s0 tcontext=u:r:logwrapper:s0 tclass=tcp_socket permissive=1
06-25 18:32:06.888 I/genybaseband(  297): type=1400 audit(0.0:473): avc: denied { read } for path="socket:[9664]" dev="sockfs" ino=9664 scontext=u:r:logwrapper:s0 tcontext=u:r:logwrapper:s0 tclass=tcp_socket permissive=1
06-25 18:32:07.011 I/AlarmClock(  920): AlarmInitReceiver android.intent.action.TIME_SET
06-25 18:32:07.019 I/OmtpVvmCarrierCfgHlpr(  748): Requesting VVM activation for subId: 1
06-25 18:32:07.033 I/OmtpVvmCarrierCfgHlpr(  748): Requesting VVM activation for subId: 1
06-25 18:32:08.376 I/wpa_supplicant(  791): type=1400 audit(0.0:474): avc: denied { read } for path="/dev/socket/wpa_wlan0" scontext=u:r:wpa:s0 tcontext=u:r:init:s0 tclass=unix_dgram_socket permissive=1
06-25 18:32:08.376 I/wpa_supplicant(  791): type=1400 audit(0.0:475): avc: denied { getopt } for path="/dev/socket/wpa_wlan0" scontext=u:r:wpa:s0 tcontext=u:r:init:s0 tclass=unix_dgram_socket permissive=1
06-25 18:32:08.376 I/wpa_supplicant(  791): type=1400 audit(0.0:476): avc: denied { ioctl } for path="socket:[13824]" dev="sockfs" ino=13824 ioctlcmd=5411 scontext=u:r:wpa:s0 tcontext=u:r:init:s0 tclass=unix_dgram_socket permissive=1
06-25 18:32:08.376 I/wpa_supplicant(  791): type=1400 audit(0.0:477): avc: denied { write } for path="/dev/socket/wpa_wlan0" scontext=u:r:wpa:s0 tcontext=u:r:init:s0 tclass=unix_dgram_socket permissive=1
06-25 18:32:12.030 I/GlobalDismissManager( 1370): no sender configured
06-25 18:32:19.368 W/WifiMode(  594): WiredSSID, Invalid SupportedRates!!!
06-25 18:32:19.368 W/WifiMode(  594): WiredSSID, Invalid SupportedRates!!!
06-25 18:32:19.368 W/WifiMode(  594): WiredSSID, Invalid SupportedRates!!!
06-25 18:32:20.209 I/ActivityManager(  594): Waited long enough for: ServiceRecord{e41e9e6 u0 com.android.calendar/.alerts.InitAlarmsService}
06-25 18:32:25.452 I/healthd (  292): type=1400 audit(0.0:478): avc: denied { read } for scontext=u:r:init:s0 tcontext=u:r:init:s0 tclass=netlink_kobject_uevent_socket permissive=1
06-25 18:32:25.452 I/netd    (  545): type=1400 audit(0.0:479): avc: denied { write } for path="socket:[13459]" dev="sockfs" ino=13459 scontext=u:r:netd:s0 tcontext=u:r:init:s0 tclass=unix_stream_socket permissive=1
06-25 18:32:39.368 W/WifiMode(  594): WiredSSID, Invalid SupportedRates!!!
06-25 18:32:39.368 W/WifiMode(  594): WiredSSID, Invalid SupportedRates!!!
06-25 18:32:39.368 W/WifiMode(  594): WiredSSID, Invalid SupportedRates!!!
06-25 18:33:00.001 I/ActivityManager(  594): Killing 989:com.android.keychain/1000 (adj 906): empty #17
06-25 18:33:03.624 I/healthd (  292): type=1400 audit(0.0:480): avc: denied { call } for scontext=u:r:init:s0 tcontext=u:r:system_server:s0 tclass=binder permissive=1
06-25 18:33:19.368 W/WifiMode(  594): WiredSSID, Invalid SupportedRates!!!
06-25 18:33:19.368 W/WifiMode(  594): WiredSSID, Invalid SupportedRates!!!
06-25 18:33:19.369 W/WifiMode(  594): WiredSSID, Invalid SupportedRates!!!
06-25 18:33:20.056 I/rild    (  293): type=1400 audit(0.0:481): avc: denied { read } for path="socket:[13045]" dev="sockfs" ino=13045 scontext=u:r:rild:s0 tcontext=u:r:init:s0 tclass=unix_stream_socket permissive=1
06-25 18:33:20.056 I/rild    (  293): type=1400 audit(0.0:482): avc: denied { write } for path="socket:[13045]" dev="sockfs" ino=13045 scontext=u:r:rild:s0 tcontext=u:r:init:s0 tclass=unix_stream_socket permissive=1
06-25 18:33:23.204 I//sbin/adbd(  146): type=1400 audit(0.0:483): avc: denied { setopt } for comm=73657276657220736F636B6574 laddr=::ffff:172.20.8.107 lport=5555 faddr=::ffff:172.20.11.97 fport=37036 scontext=u:r:init:s0 tcontext=u:r:init:s0 tclass=tcp_socket permissive=1
06-25 18:33:23.204 I//sbin/adbd(  146): type=1400 audit(0.0:484): avc: denied { accept } for comm=73657276657220736F636B6574 lport=5555 scontext=u:r:init:s0 tcontext=u:r:init:s0 tclass=tcp_socket permissive=1
06-25 18:33:23.244 I/<-0.0.0.044176( 1524): type=1400 audit(0.0:485): avc: denied { read } for path="socket:[7683]" dev="sockfs" ino=7683 scontext=u:r:init:s0 tcontext=u:r:init:s0 tclass=tcp_socket permissive=1
06-25 18:33:23.244 I/->0.0.0.044176( 1523): type=1400 audit(0.0:486): avc: denied { write } for path="socket:[7683]" dev="sockfs" ino=7683 scontext=u:r:init:s0 tcontext=u:r:init:s0 tclass=tcp_socket permissive=1
06-25 18:33:24.212 I/adbd    ( 1525): type=1400 audit(0.0:487): avc: denied { execute_no_trans } for path="/system/bin/sh" dev="xvda5" ino=489 scontext=u:r:init:s0 tcontext=u:object_r:shell_exec:s0 tclass=file permissive=1
06-25 18:33:24.216 I/getprop ( 1525): type=1400 audit(0.0:488): avc: denied { read write } for path="socket:[16639]" dev="sockfs" ino=16639 scontext=u:r:toolbox:s0 tcontext=u:r:init:s0 tclass=unix_stream_socket permissive=1
06-25 18:33:24.216 I/getprop ( 1525): type=1400 audit(0.0:489): avc: denied { getattr } for path="socket:[16639]" dev="sockfs" ino=16639 scontext=u:r:toolbox:s0 tcontext=u:r:init:s0 tclass=unix_stream_socket permissive=1
06-25 18:33:24.392 I//sbin/adbd( 1531): type=1400 audit(0.0:490): avc: denied { write } for comm=73657276696365203432 name="etc" dev="xvda5" ino=559 scontext=u:r:init:s0 tcontext=u:object_r:system_file:s0 tclass=dir permissive=1
06-25 18:33:24.392 I//sbin/adbd( 1531): type=1400 audit(0.0:491): avc: denied { remove_name } for comm=73657276696365203432 name="hosts" dev="xvda5" ino=576 scontext=u:r:init:s0 tcontext=u:object_r:system_file:s0 tclass=dir permissive=1
06-25 18:33:24.392 I//sbin/adbd( 1531): type=1400 audit(0.0:492): avc: denied { unlink } for comm=73657276696365203432 name="hosts" dev="xvda5" ino=576 scontext=u:r:init:s0 tcontext=u:object_r:system_file:s0 tclass=file permissive=1
06-25 18:33:24.456 I//sbin/adbd( 1531): type=1400 audit(0.0:493): avc: denied { add_name } for comm=73657276696365203432 name="hosts" scontext=u:r:init:s0 tcontext=u:object_r:system_file:s0 tclass=dir permissive=1
06-25 18:33:24.456 I//sbin/adbd( 1531): type=1400 audit(0.0:494): avc: denied { create } for comm=73657276696365203432 name="hosts" scontext=u:r:init:s0 tcontext=u:object_r:system_file:s0 tclass=file permissive=1
06-25 18:33:24.456 I//sbin/adbd( 1531): type=1400 audit(0.0:495): avc: denied { write } for comm=73657276696365203432 path="/system/etc/hosts" dev="xvda5" ino=576 scontext=u:r:init:s0 tcontext=u:object_r:system_file:s0 tclass=file permissive=1
06-25 18:33:24.456 I//sbin/adbd( 1531): type=1400 audit(0.0:496): avc: denied { setattr } for comm=73657276696365203432 name="hosts" dev="xvda5" ino=576 scontext=u:r:init:s0 tcontext=u:object_r:system_file:s0 tclass=file permissive=1
06-25 18:33:30.804 I/adbd    ( 1532): type=1400 audit(0.0:497): avc: denied { ioctl } for path="/dev/pts/1" dev="devpts" ino=4 ioctlcmd=540e scontext=u:r:init:s0 tcontext=u:object_r:devpts:s0 tclass=chr_file permissive=1
06-25 18:33:30.840 I/sh      ( 1532): type=1400 audit(0.0:498): avc: denied { getattr } for path="/dev/pts/1" dev="devpts" ino=4 scontext=u:r:init:s0 tcontext=u:object_r:devpts:s0 tclass=chr_file permissive=1
06-25 18:33:30.840 I/sh      ( 1534): type=1400 audit(0.0:499): avc: denied { execute_no_trans } for path="/system/bin/cmd" dev="xvda5" ino=291 scontext=u:r:init:s0 tcontext=u:object_r:system_file:s0 tclass=file permissive=1
06-25 18:33:30.840 I/cmd     ( 1534): type=1400 audit(0.0:500): avc: denied { call } for scontext=u:r:init:s0 tcontext=u:r:servicemanager:s0 tclass=binder permissive=1
06-25 18:33:30.840 I/servicemanager(  274): type=1400 audit(0.0:501): avc: denied { search } for name="1534" dev="proc" ino=16381 scontext=u:r:servicemanager:s0 tcontext=u:r:init:s0 tclass=dir permissive=1
06-25 18:33:30.840 I/servicemanager(  274): type=1400 audit(0.0:502): avc: denied { read } for name="current" dev="proc" ino=17421 scontext=u:r:servicemanager:s0 tcontext=u:r:init:s0 tclass=file permissive=1
06-25 18:33:30.840 I/servicemanager(  274): type=1400 audit(0.0:503): avc: denied { open } for path="/proc/1534/attr/current" dev="proc" ino=17421 scontext=u:r:servicemanager:s0 tcontext=u:r:init:s0 tclass=file permissive=1
06-25 18:33:30.840 I/servicemanager(  274): type=1400 audit(0.0:504): avc: denied { getattr } for scontext=u:r:servicemanager:s0 tcontext=u:r:init:s0 tclass=process permissive=1
06-25 18:33:30.840 I/servicemanager(  274): type=1400 audit(0.0:505): avc: denied { sendto } for path="/dev/socket/logdw" scontext=u:r:servicemanager:s0 tcontext=u:r:init:s0 tclass=unix_dgram_socket permissive=1
06-25 18:33:30.840 I/servicemanager(  274): type=1400 audit(0.0:506): avc: denied { transfer } for scontext=u:r:servicemanager:s0 tcontext=u:r:init:s0 tclass=binder permissive=1
06-25 18:33:30.840 I/cmd     ( 1534): type=1400 audit(0.0:507): avc: denied { transfer } for scontext=u:r:init:s0 tcontext=u:r:system_server:s0 tclass=binder permissive=1
06-25 18:33:30.849 E/SELinux (  274): avc:  denied  { find } for service=package pid=1534 uid=0 scontext=u:r:init:s0 tcontext=u:object_r:package_service:s0 tclass=service_manager permissive=1
06-25 18:33:30.904 I/installd(  284): type=1400 audit(0.0:508): avc: denied { read } for path="socket:[12387]" dev="sockfs" ino=12387 scontext=u:r:installd:s0 tcontext=u:r:init:s0 tclass=unix_stream_socket permissive=1
06-25 18:33:30.904 I/installd(  284): type=1400 audit(0.0:509): avc: denied { sendto } for path="/dev/socket/logdw" scontext=u:r:installd:s0 tcontext=u:r:init:s0 tclass=unix_dgram_socket permissive=1
06-25 18:33:30.904 I/installd(  284): type=1400 audit(0.0:510): avc: denied { write } for path="socket:[12387]" dev="sockfs" ino=12387 scontext=u:r:installd:s0 tcontext=u:r:init:s0 tclass=unix_stream_socket permissive=1
06-25 18:33:30.909 I/        (  284): free_cache(131497527) avail 2195726336
06-25 18:33:35.435 W/art     (  594): Long monitor contention with owner PackageInstaller (620) at void com.android.org.conscrypt.NativeCrypto.EVP_DigestUpdateDirect(com.android.org.conscrypt.NativeRef$EVP_MD_CTX, long, int)(NativeCrypto.java:-2) waiters=0 in android.content.pm.PackageInstaller$SessionInfo com.android.server.pm.PackageInstallerSession.generateInfo() for 996ms
06-25 18:33:35.455 W/art     ( 1538): Unexpected CPU variant for X86 using defaults: x86_64
06-25 18:33:35.456 I/lmkd    (  262): type=1400 audit(0.0:511): avc: denied { read } for path="socket:[12772]" dev="sockfs" ino=12772 scontext=u:r:lmkd:s0 tcontext=u:r:init:s0 tclass=unix_stream_socket permissive=1
06-25 18:33:35.461 I/ActivityManager(  594): Start proc 1538:com.android.defcontainer/u0a7 for service com.android.defcontainer/.DefaultContainerService
06-25 18:33:35.626 I/SELinux (  284): SELinux: Loaded file_contexts contexts from /file_contexts.bin.
06-25 18:33:35.626 I/PackageManager.DexOptimizer(  594): Running dexopt (dex2oat) on: /data/app/vmdl501835056.tmp/base.apk pkg=jp.jaxa.iss.kibo.rpc.sampleapk isa=x86_64 vmSafeMode=false debuggable=true target-filter=interpret-only oatDir = /data/app/vmdl501835056.tmp/oat sharedLibraries=null
06-25 18:33:35.652 I/dex2oat ( 1553): type=1400 audit(0.0:512): avc: denied { sendto } for path="/dev/socket/logdw" scontext=u:r:dex2oat:s0 tcontext=u:r:init:s0 tclass=unix_dgram_socket permissive=1
06-25 18:33:35.652 I/logd.writer(  117): type=1400 audit(0.0:513): avc: denied { read } for path="/dev/socket/logdw" scontext=u:r:logd:s0 tcontext=u:r:init:s0 tclass=unix_dgram_socket permissive=1
06-25 18:33:35.655 W/dex2oat ( 1553): Unexpected CPU variant for X86 using defaults: x86_64
06-25 18:33:35.655 I/dex2oat ( 1553): /system/bin/dex2oat --compiler-filter=interpret-only --debuggable
06-25 18:33:35.655 E/cutils-trace( 1553): Error opening trace file: Permission denied (13)
06-25 18:33:36.176 W/dex2oat ( 1553): Before Android 4.1, method android.graphics.PorterDuffColorFilter android.support.graphics.drawable.VectorDrawableCompat.updateTintFilter(android.graphics.PorterDuffColorFilter, android.content.res.ColorStateList, android.graphics.PorterDuff$Mode) would have incorrectly overridden the package-private method in android.graphics.drawable.Drawable
06-25 18:33:36.190 W/dex2oat ( 1553): Before Android 4.1, method int android.support.v7.widget.ListViewCompat.lookForSelectablePosition(int, boolean) would have incorrectly overridden the package-private method in android.widget.ListView
06-25 18:33:36.850 I/dex2oat ( 1553): dex2oat took 1.195s (threads: 2) arena alloc=750KB (768680B) java alloc=10MB (10820960B) native alloc=13MB (13875936B) free=3MB (3949856B)
06-25 18:33:36.960 I/vold    (  127): type=1400 audit(0.0:514): avc: denied { read } for path="socket:[13434]" dev="sockfs" ino=13434 scontext=u:r:vold:s0 tcontext=u:r:init:s0 tclass=unix_stream_socket permissive=1
06-25 18:33:36.960 I/vold    (  127): type=1400 audit(0.0:515): avc: denied { sendto } for path="/dev/socket/logdw" scontext=u:r:vold:s0 tcontext=u:r:init:s0 tclass=unix_dgram_socket permissive=1
06-25 18:33:36.960 I/vold    (  127): type=1400 audit(0.0:516): avc: denied { write } for path="socket:[13434]" dev="sockfs" ino=13434 scontext=u:r:vold:s0 tcontext=u:r:init:s0 tclass=unix_stream_socket permissive=1
06-25 18:33:36.963 I/GnssLocationProvider(  594): WakeLock acquired by sendMessage(3, 0, com.android.server.location.GnssLocationProvider$GpsRequest@fc6b864)
06-25 18:33:36.963 I/GnssLocationProvider(  594): WakeLock released by handleMessage(3, 0, com.android.server.location.GnssLocationProvider$GpsRequest@fc6b864)
06-25 18:33:36.997 I/GnssLocationProvider(  594): WakeLock acquired by sendMessage(3, 0, com.android.server.location.GnssLocationProvider$GpsRequest@5232acd)
06-25 18:33:36.997 I/GnssLocationProvider(  594): WakeLock released by handleMessage(3, 0, com.android.server.location.GnssLocationProvider$GpsRequest@5232acd)
06-25 18:33:37.113 I/art     (  594): Starting a blocking GC Explicit
06-25 18:33:37.124 I/Binder:594_9( 1036): type=1400 audit(0.0:517): avc: denied { call } for scontext=u:r:system_server:s0 tcontext=u:r:init:s0 tclass=binder permissive=1
06-25 18:33:37.126 I/art     (  594): Explicit concurrent mark sweep GC freed 13503(780KB) AllocSpace objects, 8(312KB) LOS objects, 33% free, 7MB/11MB, paused 189us total 12.875ms
06-25 18:33:37.126 E/        (  284): Couldn't opendir /data/app/vmdl501835056.tmp: No such file or directory
06-25 18:33:37.172 I/main    (  278): type=1400 audit(0.0:518): avc: denied { getattr } for path="/sys/kernel/debug/tracing/trace_marker" dev="tracefs" ino=43 scontext=u:r:zygote:s0 tcontext=u:object_r:debugfs_tracing:s0 tclass=file permissive=1
06-25 18:33:37.178 I/InputReader(  594): Reconfiguring input devices.  changes=0x00000010
06-25 18:33:37.180 I/main    ( 1557): type=1400 audit(0.0:519): avc: denied { write } for name="trace_marker" dev="tracefs" ino=43 scontext=u:r:zygote:s0 tcontext=u:object_r:debugfs_tracing:s0 tclass=file permissive=1
06-25 18:33:37.180 I/main    ( 1557): type=1400 audit(0.0:520): avc: denied { open } for path="/sys/kernel/debug/tracing/trace_marker" dev="tracefs" ino=43 scontext=u:r:zygote:s0 tcontext=u:object_r:debugfs_tracing:s0 tclass=file permissive=1
06-25 18:33:37.186 W/art     ( 1557): Unexpected CPU variant for X86 using defaults: x86_64
06-25 18:33:37.188 I/JDWP    ( 1564): type=1400 audit(0.0:521): avc: denied { connectto } for path=006A6477702D636F6E74726F6C scontext=u:r:untrusted_app:s0:c512,c768 tcontext=u:r:init:s0 tclass=unix_stream_socket permissive=1
06-25 18:33:37.212 I/ActivityManager(  608): type=1400 audit(0.0:522): avc: denied { sendto } for path="/dev/socket/logdw" scontext=u:r:system_server:s0 tcontext=u:r:init:s0 tclass=unix_dgram_socket permissive=1
06-25 18:33:37.216 I/ActivityManager(  594): Start proc 1557:com.android.gallery3d/u0a45 for broadcast com.android.gallery3d/.app.PackagesMonitor
06-25 18:33:37.259 W/VoiceInteractionManagerService(  594): no available voice recognition services found for user 0
06-25 18:33:37.259 W/LocationProviderProxy-network(  594): Odd, no component found for service com.android.location.service.v3.NetworkLocationProvider
06-25 18:33:37.259 W/GeocoderProxy(  594): Odd, no component found for service com.android.location.service.GeocodeProvider
06-25 18:33:37.259 W/GeofenceProxy(  594): Odd, no component found for service com.android.location.service.GeofenceProvider
06-25 18:33:37.259 W/ActivityRecognitionProxy(  594): Odd, no component found for service com.android.location.service.ActivityRecognitionProvider
06-25 18:33:37.360 I/android.musicf( 1574): type=1400 audit(0.0:523): avc: denied { sendto } for path="/dev/socket/logdw" scontext=u:r:priv_app:s0:c512,c768 tcontext=u:r:init:s0 tclass=unix_dgram_socket permissive=1
06-25 18:33:37.363 W/art     ( 1574): Unexpected CPU variant for X86 using defaults: x86_64
06-25 18:33:37.392 I/JDWP    ( 1581): type=1400 audit(0.0:524): avc: denied { connectto } for path=006A6477702D636F6E74726F6C scontext=u:r:priv_app:s0:c512,c768 tcontext=u:r:init:s0 tclass=unix_stream_socket permissive=1
06-25 18:33:37.394 I/ActivityManager(  594): Start proc 1574:com.android.musicfx/u0a16 for broadcast com.android.musicfx/.Compatibility$Receiver
06-25 18:33:37.395 I/ActivityManager(  594): Killing 1150:com.genymobile.genymotionacme/1000 (adj 906): empty #17
06-25 18:33:37.424 W/System  ( 1574): ClassLoader referenced unknown path: /system/priv-app/MusicFX/lib/x86_64
06-25 18:33:37.432 I/com.svox.pico( 1591): type=1400 audit(0.0:525): avc: denied { sendto } for path="/dev/socket/logdw" scontext=u:r:untrusted_app:s0:c512,c768 tcontext=u:r:init:s0 tclass=unix_dgram_socket permissive=1
06-25 18:33:37.436 W/art     ( 1591): Unexpected CPU variant for X86 using defaults: x86_64
06-25 18:33:37.467 I/ActivityManager(  594): Start proc 1591:com.svox.pico/u0a54 for broadcast com.svox.pico/.VoiceDataInstallerReceiver
06-25 18:33:37.468 I/JDWP    ( 1598): type=1400 audit(0.0:526): avc: denied { connectto } for path=006A6477702D636F6E74726F6C scontext=u:r:untrusted_app:s0:c512,c768 tcontext=u:r:init:s0 tclass=unix_stream_socket permissive=1
06-25 18:33:37.468 I/ActivityManager(  594): Killing 945:com.android.printspooler/u0a56 (adj 906): empty #17
06-25 18:33:37.518 I/ActivityManager(  594): Killing 1351:com.android.dialer/u0a8 (adj 906): empty #17
06-25 18:33:37.620 I/healthd (  292): type=1400 audit(0.0:527): avc: denied { read } for name="capacity" dev="fuse" ino=8 scontext=u:r:init:s0 tcontext=u:object_r:fuse:s0 tclass=file permissive=1
06-25 18:33:37.620 I/healthd (  292): type=1400 audit(0.0:528): avc: denied { open } for path="/dev/pipe/battery/BAT0/capacity" dev="fuse" ino=8 scontext=u:r:init:s0 tcontext=u:object_r:fuse:s0 tclass=file permissive=1
06-25 18:33:38.524 I/wpa_supplicant(  791): type=1400 audit(0.0:529): avc: denied { read } for path="/dev/socket/wpa_wlan0" scontext=u:r:wpa:s0 tcontext=u:r:init:s0 tclass=unix_dgram_socket permissive=1
06-25 18:33:38.524 I/wpa_supplicant(  791): type=1400 audit(0.0:530): avc: denied { getopt } for path="/dev/socket/wpa_wlan0" scontext=u:r:wpa:s0 tcontext=u:r:init:s0 tclass=unix_dgram_socket permissive=1
06-25 18:33:38.524 I/wpa_supplicant(  791): type=1400 audit(0.0:531): avc: denied { ioctl } for path="socket:[13824]" dev="sockfs" ino=13824 ioctlcmd=5411 scontext=u:r:wpa:s0 tcontext=u:r:init:s0 tclass=unix_dgram_socket permissive=1
06-25 18:33:38.524 I/wpa_supplicant(  791): type=1400 audit(0.0:532): avc: denied { write } for path="/dev/socket/wpa_wlan0" scontext=u:r:wpa:s0 tcontext=u:r:init:s0 tclass=unix_dgram_socket permissive=1
06-25 18:33:40.072 I/genybaseband(  297): type=1400 audit(0.0:533): avc: denied { read } for path="socket:[9666]" dev="sockfs" ino=9666 scontext=u:r:logwrapper:s0 tcontext=u:r:init:s0 tclass=unix_stream_socket permissive=1
06-25 18:33:40.072 I/genybaseband(  297): type=1400 audit(0.0:534): avc: denied { sendto } for path="/dev/socket/logdw" scontext=u:r:logwrapper:s0 tcontext=u:r:init:s0 tclass=unix_dgram_socket permissive=1
06-25 18:33:40.072 I/genybaseband( 1606): type=1400 audit(0.0:535): avc: denied { write } for path="socket:[9666]" dev="sockfs" ino=9666 scontext=u:r:logwrapper:s0 tcontext=u:r:init:s0 tclass=unix_stream_socket permissive=1
06-25 18:33:45.539 I/ActivityManager(  594): Killing 1413:com.android.managedprovisioning/u0a15 (adj 906): empty #17
06-25 18:34:39.368 W/WifiMode(  594): WiredSSID, Invalid SupportedRates!!!
06-25 18:34:39.368 W/WifiMode(  594): WiredSSID, Invalid SupportedRates!!!
06-25 18:34:39.368 W/WifiMode(  594): WiredSSID, Invalid SupportedRates!!!
06-25 18:35:36.068 I/adbd    ( 1612): type=1400 audit(0.0:536): avc: denied { execute_no_trans } for path="/system/bin/sh" dev="xvda5" ino=489 scontext=u:r:init:s0 tcontext=u:object_r:shell_exec:s0 tclass=file permissive=1
06-25 18:35:36.068 I/sh      ( 1612): type=1400 audit(0.0:537): avc: denied { execute_no_trans } for path="/system/bin/am" dev="xvda5" ino=256 scontext=u:r:init:s0 tcontext=u:object_r:system_file:s0 tclass=file permissive=1
06-25 18:35:36.092 I/app_process( 1612): type=1400 audit(0.0:538): avc: denied { read write } for path="socket:[16816]" dev="sockfs" ino=16816 scontext=u:r:zygote:s0 tcontext=u:r:init:s0 tclass=unix_stream_socket permissive=1
06-25 18:35:36.264 I/app_process( 1612): type=1400 audit(0.0:539): avc: denied { sendto } for path="/dev/socket/logdw" scontext=u:r:zygote:s0 tcontext=u:r:init:s0 tclass=unix_dgram_socket permissive=1
06-25 18:35:36.276 I/main    ( 1612): type=1400 audit(0.0:540): avc: denied { execmem } for scontext=u:r:zygote:s0 tcontext=u:r:zygote:s0 tclass=process permissive=1
06-25 18:35:36.276 I/main    ( 1612): type=1400 audit(0.0:541): avc: denied { execute } for path="/dev/ashmem" dev="tmpfs" ino=7346 scontext=u:r:zygote:s0 tcontext=u:object_r:ashmem_device:s0 tclass=chr_file permissive=1
06-25 18:35:36.276 I/main    ( 1612): type=1400 audit(0.0:542): avc: denied { execute } for path=2F6465762F6173686D656D2F64616C76696B2D6A69742D636F64652D6361636865202864656C6574656429 dev="tmpfs" ino=16940 scontext=u:r:zygote:s0 tcontext=u:object_r:zygote_tmpfs:s0 tclass=file permissive=1
06-25 18:35:36.279 W/art     ( 1612): Unexpected CPU variant for X86 using defaults: x86_64
06-25 18:35:36.383 E/memtrack( 1612): Couldn't load memtrack module (No such file or directory)
06-25 18:35:36.383 E/android.os.Debug( 1612): failed to load memtrack module: -2
06-25 18:35:36.383 I/Radio-JNI( 1612): register_android_hardware_Radio DONE
06-25 18:35:36.384 I/main    ( 1612): type=1400 audit(0.0:543): avc: denied { call } for scontext=u:r:zygote:s0 tcontext=u:r:servicemanager:s0 tclass=binder permissive=1
06-25 18:35:36.392 I/servicemanager(  274): type=1400 audit(0.0:544): avc: denied { search } for name="1612" dev="proc" ino=17589 scontext=u:r:servicemanager:s0 tcontext=u:r:zygote:s0 tclass=dir permissive=1
06-25 18:35:36.392 I/servicemanager(  274): type=1400 audit(0.0:545): avc: denied { read } for name="current" dev="proc" ino=16946 scontext=u:r:servicemanager:s0 tcontext=u:r:zygote:s0 tclass=file permissive=1
06-25 18:35:36.392 I/servicemanager(  274): type=1400 audit(0.0:546): avc: denied { open } for path="/proc/1612/attr/current" dev="proc" ino=16946 scontext=u:r:servicemanager:s0 tcontext=u:r:zygote:s0 tclass=file permissive=1
06-25 18:35:36.392 I/servicemanager(  274): type=1400 audit(0.0:547): avc: denied { getattr } for scontext=u:r:servicemanager:s0 tcontext=u:r:zygote:s0 tclass=process permissive=1
06-25 18:35:36.392 I/servicemanager(  274): type=1400 audit(0.0:548): avc: denied { sendto } for path="/dev/socket/logdw" scontext=u:r:servicemanager:s0 tcontext=u:r:init:s0 tclass=unix_dgram_socket permissive=1
06-25 18:35:36.392 I/main    ( 1612): type=1400 audit(0.0:549): avc: denied { call } for scontext=u:r:zygote:s0 tcontext=u:r:system_server:s0 tclass=binder permissive=1
06-25 18:35:36.395 E/SELinux (  274): avc:  denied  { find } for service=activity pid=1612 uid=0 scontext=u:r:zygote:s0 tcontext=u:object_r:activity_service:s0 tclass=service_manager permissive=1
06-25 18:35:36.395 E/SELinux (  274): avc:  denied  { find } for service=package pid=1612 uid=0 scontext=u:r:zygote:s0 tcontext=u:object_r:package_service:s0 tclass=service_manager permissive=1
06-25 18:35:36.448 I/main    (  278): type=1400 audit(0.0:550): avc: denied { getattr } for path="socket:[12842]" dev="sockfs" ino=12842 scontext=u:r:zygote:s0 tcontext=u:r:init:s0 tclass=unix_stream_socket permissive=1
06-25 18:35:36.455 I/art     ( 1622): Late-enabling -Xcheck:jni
06-25 18:35:36.455 W/art     ( 1622): Unexpected CPU variant for X86 using defaults: x86_64
06-25 18:35:36.461 I/ActivityManager(  594): Start proc 1622:gov.nasa.arc.astrobee.android.gs.manager/u0a63 for service gov.nasa.arc.astrobee.android.gs.manager/.ManagerService
06-25 18:35:36.542 W/System  ( 1622): ClassLoader referenced unknown path: /data/app/gov.nasa.arc.astrobee.android.gs.manager-1/lib/x86_64
06-25 18:35:36.991 E/Notification( 1622): setLatestEventInfo() is deprecated and you should feel deprecated.
06-25 18:35:36.991 E/Notification( 1622): java.lang.Throwable
06-25 18:35:36.991 E/Notification( 1622): 	at android.app.Notification.setLatestEventInfo(Notification.java:2048)
06-25 18:35:36.991 E/Notification( 1622): 	at org.ros.android.NodeMainExecutorService.onStartCommand(NodeMainExecutorService.java:220)
06-25 18:35:36.991 E/Notification( 1622): 	at android.app.ActivityThread.handleServiceArgs(ActivityThread.java:3297)
06-25 18:35:36.991 E/Notification( 1622): 	at android.app.ActivityThread.-wrap21(ActivityThread.java)
06-25 18:35:36.991 E/Notification( 1622): 	at android.app.ActivityThread$H.handleMessage(ActivityThread.java:1565)
06-25 18:35:36.991 E/Notification( 1622): 	at android.os.Handler.dispatchMessage(Handler.java:102)
06-25 18:35:36.991 E/Notification( 1622): 	at android.os.Looper.loop(Looper.java:154)
06-25 18:35:36.991 E/Notification( 1622): 	at android.app.ActivityThread.main(ActivityThread.java:6077)
06-25 18:35:36.991 E/Notification( 1622): 	at java.lang.reflect.Method.invoke(Native Method)
06-25 18:35:36.991 E/Notification( 1622): 	at com.android.internal.os.ZygoteInit$MethodAndArgsCaller.run(ZygoteInit.java:865)
06-25 18:35:36.991 E/Notification( 1622): 	at com.android.internal.os.ZygoteInit.main(ZygoteInit.java:755)
06-25 18:35:37.015 I/Registrar( 1622): MasterXmlRpcEndpoint URI: http://llp:11311
06-25 18:35:37.019 I/Registrar( 1622): Registering publisher: Publisher<PublisherDefinition<PublisherIdentifier<NodeIdentifier</guest_science_manager, http://hlp:44396/>, TopicIdentifier</rosout>>, Topic<TopicIdentifier</rosout>, TopicDescription<rosgraph_msgs/Log, acffd30cd6b6de30f120938c17c593fb>>>>
06-25 18:35:37.048 I/netd    (  549): type=1400 audit(0.0:551): avc: denied { accept } for path="/dev/socket/dnsproxyd" scontext=u:r:netd:s0 tcontext=u:r:init:s0 tclass=unix_stream_socket permissive=1
06-25 18:35:37.048 I/netd    (  549): type=1400 audit(0.0:552): avc: denied { getopt } for path="/dev/socket/dnsproxyd" scontext=u:r:netd:s0 tcontext=u:r:init:s0:c512,c768 tclass=unix_stream_socket permissive=1
06-25 18:35:37.048 I/netd    (  549): type=1400 audit(0.0:553): avc: denied { read } for path="socket:[17624]" dev="sockfs" ino=17624 scontext=u:r:netd:s0 tcontext=u:r:init:s0:c512,c768 tclass=unix_stream_socket permissive=1
06-25 18:35:37.048 I/netd    ( 1652): type=1400 audit(0.0:554): avc: denied { write } for path="socket:[17624]" dev="sockfs" ino=17624 scontext=u:r:netd:s0 tcontext=u:r:init:s0:c512,c768 tclass=unix_stream_socket permissive=1
06-25 18:35:37.048 I/netd    (  545): type=1400 audit(0.0:555): avc: denied { write } for path="socket:[13459]" dev="sockfs" ino=13459 scontext=u:r:netd:s0 tcontext=u:r:init:s0 tclass=unix_stream_socket permissive=1
06-25 18:35:37.091 I/Registrar( 1622): Response<Success, Registered [/guest_science_manager] as publisher of [/rosout], [http://172.20.11.97:45081/]>
06-25 18:35:37.091 I/DefaultPublisher( 1622): Publisher registered: Publisher<PublisherDefinition<PublisherIdentifier<NodeIdentifier</guest_science_manager, http://hlp:44396/>, TopicIdentifier</rosout>>, Topic<TopicIdentifier</rosout>, TopicDescription<rosgraph_msgs/Log, acffd30cd6b6de30f120938c17c593fb>>>>
06-25 18:35:37.146 I/Registrar( 1622): Registering subscriber: Subscriber<Topic<TopicIdentifier</clock>, TopicDescription<rosgraph_msgs/Clock, a9c97c1d230cfc112e270351a944ee47>>>
06-25 18:35:37.179 I/Registrar( 1622): Response<Success, Subscribed to [/clock], [http://172.20.11.97:41007/]>
06-25 18:35:37.179 I/DefaultSubscriber( 1622): Subscriber registered: Subscriber<Topic<TopicIdentifier</clock>, TopicDescription<rosgraph_msgs/Clock, a9c97c1d230cfc112e270351a944ee47>>>
06-25 18:35:37.183 I/Registrar( 1622): Registering publisher: Publisher<PublisherDefinition<PublisherIdentifier<NodeIdentifier</guest_science_manager, http://hlp:44396/>, TopicIdentifier</gs/gs_manager/ack>>, Topic<TopicIdentifier</gs/gs_manager/ack>, TopicDescription<ff_msgs/AckStamped, cebddec69fd770df54633be444a9187d>>>>
06-25 18:35:37.190 I/Registrar( 1622): Registering publisher: Publisher<PublisherDefinition<PublisherIdentifier<NodeIdentifier</guest_science_manager, http://hlp:44396/>, TopicIdentifier</gs/gs_manager/config>>, Topic<TopicIdentifier</gs/gs_manager/config>, TopicDescription<ff_msgs/GuestScienceConfig, c6f632ed2411de4159494a3e7754794e>>>>
06-25 18:35:37.193 I/Registrar( 1622): Registering publisher: Publisher<PublisherDefinition<PublisherIdentifier<NodeIdentifier</guest_science_manager, http://hlp:44396/>, TopicIdentifier</gs/data>>, Topic<TopicIdentifier</gs/data>, TopicDescription<ff_msgs/GuestScienceData, edd2c791ea93ffa7cb0ec80c5bb00972>>>>
06-25 18:35:37.194 I/Registrar( 1622): Registering publisher: Publisher<PublisherDefinition<PublisherIdentifier<NodeIdentifier</guest_science_manager, http://hlp:44396/>, TopicIdentifier</gs/gs_manager/state>>, Topic<TopicIdentifier</gs/gs_manager/state>, TopicDescription<ff_msgs/GuestScienceState, 24e5a1ba8527257cc710720a32de6e51>>>>
06-25 18:35:37.198 I/Registrar( 1622): Registering publisher: Publisher<PublisherDefinition<PublisherIdentifier<NodeIdentifier</guest_science_manager, http://hlp:44396/>, TopicIdentifier</heartbeat>>, Topic<TopicIdentifier</heartbeat>, TopicDescription<ff_msgs/Heartbeat, 00da4d5a529de9d778f78787c87e306c>>>>
06-25 18:35:37.199 I/Registrar( 1622): Response<Success, Registered [/guest_science_manager] as publisher of [/gs/gs_manager/ack], [http://172.20.11.97:35467/]>
06-25 18:35:37.199 I/DefaultPublisher( 1622): Publisher registered: Publisher<PublisherDefinition<PublisherIdentifier<NodeIdentifier</guest_science_manager, http://hlp:44396/>, TopicIdentifier</gs/gs_manager/ack>>, Topic<TopicIdentifier</gs/gs_manager/ack>, TopicDescription<ff_msgs/AckStamped, cebddec69fd770df54633be444a9187d>>>>
06-25 18:35:37.203 I/Registrar( 1622): Registering subscriber: Subscriber<Topic<TopicIdentifier</mgt/executive/command>, TopicDescription<ff_msgs/CommandStamped, ac01350894b1be9e3a7b4f390a14812d>>>
06-25 18:35:37.220 I/Registrar( 1622): Response<Success, Registered [/guest_science_manager] as publisher of [/gs/gs_manager/state], [http://172.20.11.97:35467/]>
06-25 18:35:37.220 I/DefaultPublisher( 1622): Publisher registered: Publisher<PublisherDefinition<PublisherIdentifier<NodeIdentifier</guest_science_manager, http://hlp:44396/>, TopicIdentifier</gs/gs_manager/state>>, Topic<TopicIdentifier</gs/gs_manager/state>, TopicDescription<ff_msgs/GuestScienceState, 24e5a1ba8527257cc710720a32de6e51>>>>
06-25 18:35:37.222 I/Registrar( 1622): Response<Success, Registered [/guest_science_manager] as publisher of [/gs/gs_manager/config], [http://172.20.11.97:35467/]>
06-25 18:35:37.222 I/DefaultPublisher( 1622): Publisher registered: Publisher<PublisherDefinition<PublisherIdentifier<NodeIdentifier</guest_science_manager, http://hlp:44396/>, TopicIdentifier</gs/gs_manager/config>>, Topic<TopicIdentifier</gs/gs_manager/config>, TopicDescription<ff_msgs/GuestScienceConfig, c6f632ed2411de4159494a3e7754794e>>>>
06-25 18:35:37.223 I/Registrar( 1622): Response<Success, Registered [/guest_science_manager] as publisher of [/heartbeat], [http://172.20.11.97:33397/]>
06-25 18:35:37.223 I/DefaultPublisher( 1622): Publisher registered: Publisher<PublisherDefinition<PublisherIdentifier<NodeIdentifier</guest_science_manager, http://hlp:44396/>, TopicIdentifier</heartbeat>>, Topic<TopicIdentifier</heartbeat>, TopicDescription<ff_msgs/Heartbeat, 00da4d5a529de9d778f78787c87e306c>>>>
06-25 18:35:37.223 I/Registrar( 1622): Response<Success, Registered [/guest_science_manager] as publisher of [/gs/data], []>
06-25 18:35:37.224 I/DefaultPublisher( 1622): Publisher registered: Publisher<PublisherDefinition<PublisherIdentifier<NodeIdentifier</guest_science_manager, http://hlp:44396/>, TopicIdentifier</gs/data>>, Topic<TopicIdentifier</gs/data>, TopicDescription<ff_msgs/GuestScienceData, edd2c791ea93ffa7cb0ec80c5bb00972>>>>
06-25 18:35:37.225 I/art     ( 1692): Late-enabling -Xcheck:jni
06-25 18:35:37.225 W/art     ( 1692): Unexpected CPU variant for X86 using defaults: x86_64
06-25 18:35:37.228 I/lmkd    (  262): type=1400 audit(0.0:557): avc: denied { read } for path="socket:[12772]" dev="sockfs" ino=12772 scontext=u:r:lmkd:s0 tcontext=u:r:init:s0 tclass=unix_stream_socket permissive=1
06-25 18:35:37.230 I/ActivityManager(  594): Start proc 1692:jp.jaxa.iss.kibo.rpc.sampleapk/u0a64 for broadcast jp.jaxa.iss.kibo.rpc.sampleapk/gov.nasa.arc.astrobee.android.gs.InfoInqueryBroadcastReceiver
06-25 18:35:37.259 I/Registrar( 1622): Response<Success, Subscribed to [/mgt/executive/command], [http://172.20.11.97:35467/]>
06-25 18:35:37.260 I/DefaultSubscriber( 1622): Subscriber registered: Subscriber<Topic<TopicIdentifier</mgt/executive/command>, TopicDescription<ff_msgs/CommandStamped, ac01350894b1be9e3a7b4f390a14812d>>>
06-25 18:35:37.265 I/ActivityManager(  594): Killing 1446:com.android.onetimeinitializer/u0a17 (adj 906): empty #17
06-25 18:35:37.624 I/healthd (  292): type=1400 audit(0.0:558): avc: denied { call } for scontext=u:r:init:s0 tcontext=u:r:system_server:s0 tclass=binder permissive=1
06-25 18:35:38.632 I/wpa_supplicant(  791): type=1400 audit(0.0:559): avc: denied { sendto } for path="/data/misc/wifi/sockets/wpa_ctrl_594-1" scontext=u:r:init:s0 tcontext=u:r:system_server:s0 tclass=unix_dgram_socket permissive=1
06-25 23:31:29.643 I/logd    (  118): type=1400 audit(0.0:103): avc: denied { accept } for path="/dev/socket/logd" scontext=u:r:logd:s0 tcontext=u:r:init:s0 tclass=unix_stream_socket permissive=1
06-25 18:35:39.164 I/adbd    ( 1710): type=1400 audit(0.0:560): avc: denied { ioctl } for path="/dev/pts/1" dev="devpts" ino=4 ioctlcmd=540e scontext=u:r:init:s0 tcontext=u:object_r:devpts:s0 tclass=chr_file permissive=1
06-25 18:35:39.164 I/sh      ( 1710): type=1400 audit(0.0:561): avc: denied { getattr } for path="/dev/pts/1" dev="devpts" ino=4 scontext=u:r:init:s0 tcontext=u:object_r:devpts:s0 tclass=chr_file permissive=1
06-25 18:35:39.164 I/logcat  ( 1710): type=1400 audit(0.0:562): avc: denied { read write } for path="/dev/pts/1" dev="devpts" ino=4 scontext=u:r:logd:s0 tcontext=u:object_r:devpts:s0 tclass=chr_file permissive=1
06-25 18:35:39.176 I/logd    (  116): type=1400 audit(0.0:563): avc: denied { accept } for path="/dev/socket/logdr" scontext=u:r:logd:s0 tcontext=u:r:init:s0 tclass=unix_stream_socket permissive=1
06-25 18:35:39.176 I/logd    (  116): type=1400 audit(0.0:564): avc: denied { getopt } for path="/dev/socket/logdr" scontext=u:r:logd:s0 tcontext=u:r:init:s0 tclass=unix_stream_socket permissive=1
06-25 18:35:39.176 I/logd.reader(  116): type=1400 audit(0.0:565): avc: denied { read } for path="socket:[17735]" dev="sockfs" ino=17735 scontext=u:r:logd:s0 tcontext=u:r:init:s0 tclass=unix_stream_socket permissive=1
06-25 18:35:39.176 I/logd.reader(  116): type=1400 audit(0.0:566): avc: denied { setopt } for path="/dev/socket/logdr" scontext=u:r:logd:s0 tcontext=u:r:init:s0 tclass=unix_stream_socket permissive=1
06-25 18:35:39.176 I/logd.reader.per( 1712): type=1400 audit(0.0:567): avc: denied { write } for path="socket:[17735]" dev="sockfs" ino=17735 scontext=u:r:logd:s0 tcontext=u:r:init:s0 tclass=unix_stream_socket permissive=1
06-25 18:35:40.320 I/rild    (  293): type=1400 audit(0.0:568): avc: denied { read } for path="socket:[13045]" dev="sockfs" ino=13045 scontext=u:r:rild:s0 tcontext=u:r:init:s0 tclass=unix_stream_socket permissive=1
06-25 18:35:40.328 I/genybaseband(  297): type=1400 audit(0.0:569): avc: denied { read } for path="socket:[9666]" dev="sockfs" ino=9666 scontext=u:r:logwrapper:s0 tcontext=u:r:init:s0 tclass=unix_stream_socket permissive=1
06-25 18:35:40.328 I/genybaseband( 1716): type=1400 audit(0.0:570): avc: denied { write } for path="socket:[9666]" dev="sockfs" ino=9666 scontext=u:r:logwrapper:s0 tcontext=u:r:init:s0 tclass=unix_stream_socket permissive=1
06-25 18:35:40.328 I/rild    (  293): type=1400 audit(0.0:571): avc: denied { write } for path="socket:[13045]" dev="sockfs" ino=13045 scontext=u:r:rild:s0 tcontext=u:r:init:s0 tclass=unix_stream_socket permissive=1
06-25 18:35:41.301 I/art     ( 1622): Do partial code cache collection, code=27KB, data=29KB
06-25 18:35:41.302 I/art     ( 1622): After code cache collection, code=27KB, data=29KB
06-25 18:35:41.302 I/art     ( 1622): Increasing code cache capacity to 128KB
06-25 18:35:49.451 E/OpenCV/StaticHelper( 1692): OpenCV error: Cannot load info library for OpenCV
06-25 18:35:49.456 I/OpenCV/StaticHelper( 1692): 
06-25 18:35:49.456 I/OpenCV/StaticHelper( 1692): General configuration for OpenCV 3.4.4 =====================================
06-25 18:35:49.456 I/OpenCV/StaticHelper( 1692):   Version control:               3.4.4
06-25 18:35:49.456 I/OpenCV/StaticHelper( 1692): 
06-25 18:35:49.456 I/OpenCV/StaticHelper( 1692):   Extra modules:
06-25 18:35:49.456 I/OpenCV/StaticHelper( 1692):     Location (extra):            /build/3_4-contrib_pack-contrib-android/opencv_contrib/modules
06-25 18:35:49.456 I/OpenCV/StaticHelper( 1692):     Version control (extra):     3.4.4
06-25 18:35:49.456 I/OpenCV/StaticHelper( 1692): 
06-25 18:35:49.456 I/OpenCV/StaticHelper( 1692):   Platform:
06-25 18:35:49.456 I/OpenCV/StaticHelper( 1692):     Timestamp:                   2018-11-17T00:27:32Z
06-25 18:35:49.456 I/OpenCV/StaticHelper( 1692):     Host:                        Linux 4.15.0-38-generic x86_64
06-25 18:35:49.456 I/OpenCV/StaticHelper( 1692):     Target:                      Linux 1 x86_64
06-25 18:35:49.456 I/OpenCV/StaticHelper( 1692):     CMake:                       2.8.12.2
06-25 18:35:49.456 I/OpenCV/StaticHelper( 1692):     CMake generator:             Ninja
06-25 18:35:49.456 I/OpenCV/StaticHelper( 1692):     CMake build tool:            /usr/bin/ninja
06-25 18:35:49.456 I/OpenCV/StaticHelper( 1692):     Configuration:               Release
06-25 18:35:49.456 I/OpenCV/StaticHelper( 1692): 
06-25 18:35:49.456 I/OpenCV/StaticHelper( 1692):   CPU/HW features:
06-25 18:35:49.456 I/OpenCV/StaticHelper( 1692):     Baseline:                    SSE SSE2 SSE3
06-25 18:35:49.456 I/OpenCV/StaticHelper( 1692):       requested:                 SSE3
06-25 18:35:49.456 I/OpenCV/StaticHelper( 1692):     Dispatched code generation:  SSE4_1 SSE4_2 FP16 AVX AVX2
06-25 18:35:49.456 I/OpenCV/StaticHelper( 1692):       requested:                 SSE4_1 SSE4_2 AVX FP16 AVX2 AVX512_SKX
06-25 18:35:49.456 I/OpenCV/StaticHelper( 1692):       SSE4_1 (4 files):          + SSSE3 SSE4_1
06-25 18:35:49.456 I/OpenCV/StaticHelper( 1692):       SSE4_2 (1 files):          + SSSE3 SSE4_1 POPCNT SSE4_2
06-25 18:35:49.456 I/OpenCV/StaticHelper( 1692):       FP16 (0 files):            + SSSE3 SSE4_1 POPCNT SSE4_2 FP16 AVX
06-25 18:35:49.456 I/OpenCV/StaticHelper( 1692):       AVX (5 files):             + SSSE3 SSE4_1 POPCNT SSE4_2 AVX
06-25 18:35:49.456 I/OpenCV/StaticHelper( 1692):       AVX2 (10 files):           + SSSE3 SSE4_1 POPCNT SSE4_2 FP16 FMA3 AVX AVX2
06-25 18:35:49.456 I/OpenCV/StaticHelper( 1692): 
06-25 18:35:49.456 I/OpenCV/StaticHelper( 1692):   C/C++:
06-25 18:35:49.456 I/OpenCV/StaticHelper( 1692):     Built as dynamic libs?:      NO
06-25 18:35:49.456 I/OpenCV/StaticHelper( 1692):     C++ Compiler:                /usr/bin/ccache /opt/android/android-ndk-r10e/toolchains/x86_64-4.9/prebuilt/linux-x86_64/bin/x86_64-linux-android-g++ (ver 4.9)
