06-25 18:32:00.044 W/StatusBar(  682): 	at com.android.systemui.statusbar.phone.KeyguardBottomAreaView.updateCameraVisibility(KeyguardBottomAreaView.java:302)
06-25 18:32:00.044 W/StatusBar(  682): 	at com.android.systemui.statusbar.phone.KeyguardBottomAreaView.setUserSetupComplete(KeyguardBottomAreaView.java:274)
06-25 18:32:00.044 W/StatusBar(  682): 	at com.android.systemui.statusbar.phone.PhoneStatusBar.makeStatusBarView(PhoneStatusBar.java:875)
06-25 18:32:00.044 W/StatusBar(  682): 	at com.android.systemui.statusbar.phone.PhoneStatusBar.addStatusBarWindow(PhoneStatusBar.java:3248)
06-25 18:32:00.044 W/StatusBar(  682): 	at com.android.systemui.statusbar.phone.PhoneStatusBar.createAndAddWindows(PhoneStatusBar.java:3244)
06-25 18:32:00.044 W/StatusBar(  682): 	at com.android.systemui.statusbar.BaseStatusBar.start(BaseStatusBar.java:752)
06-25 18:32:00.044 W/StatusBar(  682): 	at com.android.systemui.statusbar.phone.PhoneStatusBar.start(PhoneStatusBar.java:657)
06-25 18:32:00.044 W/StatusBar(  682): 	at com.android.systemui.statusbar.SystemBars.createStatusBarFromConfig(SystemBars.java:106)
06-25 18:32:00.044 W/StatusBar(  682): 	at com.android.systemui.statusbar.SystemBars.onNoService(SystemBars.java:58)
06-25 18:32:00.044 W/StatusBar(  682): 	at com.android.systemui.statusbar.ServiceMonitor.startService(ServiceMonitor.java:230)
06-25 18:32:00.044 W/StatusBar(  682): 	at com.android.systemui.statusbar.ServiceMonitor.-wrap5(ServiceMonitor.java)
06-25 18:32:00.044 W/StatusBar(  682): 	at com.android.systemui.statusbar.ServiceMonitor$1.handleMessage(ServiceMonitor.java:73)
06-25 18:32:00.044 W/StatusBar(  682): 	at android.os.Handler.dispatchMessage(Handler.java:102)
06-25 18:32:00.044 W/StatusBar(  682): 	at android.os.Looper.loop(Looper.java:154)
06-25 18:32:00.044 W/StatusBar(  682): 	at android.app.ActivityThread.main(ActivityThread.java:6077)
06-25 18:32:00.044 W/StatusBar(  682): 	at java.lang.reflect.Method.invoke(Native Method)
06-25 18:32:00.044 W/StatusBar(  682): 	at com.android.internal.os.ZygoteInit$MethodAndArgsCaller.run(ZygoteInit.java:865)
06-25 18:32:00.044 W/StatusBar(  682): 	at com.android.internal.os.ZygoteInit.main(ZygoteInit.java:755)
06-25 18:32:00.061 I/StatusBar(  682): isKeyguardShowing() called before startKeyguard(), returning true
06-25 18:32:00.062 W/StatusBar(  682): isKeyguardSecure() called before startKeyguard(), returning false
06-25 18:32:00.062 W/StatusBar(  682): java.lang.Throwable
06-25 18:32:00.062 W/StatusBar(  682): 	at com.android.systemui.statusbar.BaseStatusBar.isKeyguardSecure(BaseStatusBar.java:2609)
06-25 18:32:00.062 W/StatusBar(  682): 	at com.android.systemui.statusbar.BaseStatusBar.isCameraAllowedByAdmin(BaseStatusBar.java:2632)
06-25 18:32:00.062 W/StatusBar(  682): 	at com.android.systemui.statusbar.phone.KeyguardBottomAreaView.updateCameraVisibility(KeyguardBottomAreaView.java:302)
06-25 18:32:00.062 W/StatusBar(  682): 	at com.android.systemui.statusbar.phone.KeyguardBottomAreaView.setUserSetupComplete(KeyguardBottomAreaView.java:274)
06-25 18:32:00.062 W/StatusBar(  682): 	at com.android.systemui.statusbar.phone.PhoneStatusBar$1.onChange(PhoneStatusBar.java:421)
06-25 18:32:00.062 W/StatusBar(  682): 	at com.android.systemui.statusbar.phone.PhoneStatusBar.resetUserSetupObserver(PhoneStatusBar.java:3474)
06-25 18:32:00.062 W/StatusBar(  682): 	at com.android.systemui.statusbar.phone.PhoneStatusBar.makeStatusBarView(PhoneStatusBar.java:948)
06-25 18:32:00.062 W/StatusBar(  682): 	at com.android.systemui.statusbar.phone.PhoneStatusBar.addStatusBarWindow(PhoneStatusBar.java:3248)
06-25 18:32:00.062 W/StatusBar(  682): 	at com.android.systemui.statusbar.phone.PhoneStatusBar.createAndAddWindows(PhoneStatusBar.java:3244)
06-25 18:32:00.062 W/StatusBar(  682): 	at com.android.systemui.statusbar.BaseStatusBar.start(BaseStatusBar.java:752)
06-25 18:32:00.062 W/StatusBar(  682): 	at com.android.systemui.statusbar.phone.PhoneStatusBar.start(PhoneStatusBar.java:657)
06-25 18:32:00.062 W/StatusBar(  682): 	at com.android.systemui.statusbar.SystemBars.createStatusBarFromConfig(SystemBars.java:106)
06-25 18:32:00.062 W/StatusBar(  682): 	at com.android.systemui.statusbar.SystemBars.onNoService(SystemBars.java:58)
06-25 18:32:00.062 W/StatusBar(  682): 	at com.android.systemui.statusbar.ServiceMonitor.startService(ServiceMonitor.java:230)
06-25 18:32:00.062 W/StatusBar(  682): 	at com.android.systemui.statusbar.ServiceMonitor.-wrap5(ServiceMonitor.java)
06-25 18:32:00.062 W/StatusBar(  682): 	at com.android.systemui.statusbar.ServiceMonitor$1.handleMessage(ServiceMonitor.java:73)
06-25 18:32:00.062 W/StatusBar(  682): 	at android.os.Handler.dispatchMessage(Handler.java:102)
06-25 18:32:00.062 W/StatusBar(  682): 	at android.os.Looper.loop(Looper.java:154)
06-25 18:32:00.062 W/StatusBar(  682): 	at android.app.ActivityThread.main(ActivityThread.java:6077)
06-25 18:32:00.062 W/StatusBar(  682): 	at java.lang.reflect.Method.invoke(Native Method)
06-25 18:32:00.062 W/StatusBar(  682): 	at com.android.internal.os.ZygoteInit$MethodAndArgsCaller.run(ZygoteInit.java:865)
06-25 18:32:00.062 W/StatusBar(  682): 	at com.android.internal.os.ZygoteInit.main(ZygoteInit.java:755)
06-25 18:32:00.083 I/surfaceflinger(  277): type=1400 audit(0.0:396): avc: denied { sendto } for path="/dev/socket/logdw" scontext=u:r:surfaceflinger:s0 tcontext=u:r:init:s0 tclass=unix_dgram_socket permissive=1
06-25 18:32:00.120 I/FFmpegExtractor(  288): android-source:0xf289be00
06-25 18:32:00.121 I/FFMPEG  (  288): Input #0, ogg, from 'android-source:0xf289be00':
06-25 18:32:00.121 I/FFMPEG  (  288):   Duration: 00:00:00.18, start: 0.000000, bitrate: 431 kb/s
06-25 18:32:00.121 I/FFMPEG  (  288):     Stream #0:0: Audio: vorbis, 44100 Hz, mono, fltp, 239 kb/s
06-25 18:32:00.121 I/FFMPEG  (  288):     Metadata:
06-25 18:32:00.121 I/FFMPEG  (  288):       ARTIST          : Copyright 2013 Android Open Source Project
06-25 18:32:00.121 I/FFmpegExtractor(  288): FFmpegExtrator, url: android-source:0xf289be00, format_name: ogg, format_long_name: Ogg
06-25 18:32:00.121 I/FFmpegExtractor(  288): list the formats suppoted by ffmpeg: 
06-25 18:32:00.121 I/FFmpegExtractor(  288): ========================================
06-25 18:32:00.121 I/FFmpegExtractor(  288): ========================================
06-25 18:32:00.121 I/FFmpegExtractor(  288): adjust mime(application/ogg -> audio/vorbis)
06-25 18:32:00.121 I/FFmpegExtractor(  288): sniff through BetterSniffFFMPEG success
06-25 18:32:00.161 I/MediaPlayerService(  289): MediaPlayerService::getOMX
06-25 18:32:00.162 I/OMXClient(  594): MuxOMX ctor
06-25 18:32:00.162 I/OMXMaster(  286): makeComponentInstance(OMX.google.vorbis.decoder) in mediacodec process
06-25 18:32:00.200 W/art     (  594): Long monitor contention with owner android.display (615) at void com.android.server.wm.WindowManagerService$H.handleMessage(android.os.Message)(WindowManagerService.java:8091) waiters=0 in int com.android.server.wm.WindowManagerService.addWindow(com.android.server.wm.Session, android.view.IWindow, int, android.view.WindowManager$LayoutParams, int, int, android.graphics.Rect, android.graphics.Rect, android.graphics.Rect, android.view.InputChannel) for 138ms
06-25 18:32:00.343 I/LatinIME(  667): Timeout waiting for dictionary load
06-25 18:32:00.343 W/art     (  762): Suspending all threads took: 107.229ms
06-25 18:32:00.344 I/art     (  762): Background partial concurrent mark sweep GC freed 3682(210KB) AllocSpace objects, 5(304KB) LOS objects, 39% free, 4MB/7MB, paused 107.489ms total 322.303ms
06-25 18:32:00.347 I/healthd (  292): type=1400 audit(0.0:397): avc: denied { read } for scontext=u:r:init:s0 tcontext=u:r:init:s0 tclass=netlink_kobject_uevent_socket permissive=1
06-25 18:32:00.351 I/ueventd (   88): type=1400 audit(0.0:398): avc: denied { create } for name="mouse1" scontext=u:r:init:s0 tcontext=u:object_r:input_device:s0 tclass=chr_file permissive=1
06-25 18:32:00.351 E/EventHub(  594): could not get driver version for /dev/input/mouse1, Not a typewriter
06-25 18:32:00.351 I/AndroidLoggerFactory(  762): Logger name 'io.swagger.v3.parser.OpenAPIV3Parser' exceeds maximum length of 23 characters, using 'i*.s*.v*.p*.OpenAPIV3P*' instead.
06-25 18:32:00.375 I/.genymotionacme( 1150): type=1400 audit(0.0:399): avc: denied { open } for path="/dev/__properties__/u:object_r:god_prop:s0" dev="tmpfs" ino=6877 scontext=u:r:system_app:s0 tcontext=u:object_r:god_prop:s0 tclass=file permissive=1
06-25 18:32:00.375 I/.genymotionacme( 1150): type=1400 audit(0.0:400): avc: denied { getattr } for path="/dev/__properties__/u:object_r:god_prop:s0" dev="tmpfs" ino=6877 scontext=u:r:system_app:s0 tcontext=u:object_r:god_prop:s0 tclass=file permissive=1
06-25 18:32:00.379 I/main    (  278): type=1400 audit(0.0:401): avc: denied { getattr } for path="/sys/kernel/debug/tracing/trace_marker" dev="tracefs" ino=43 scontext=u:r:zygote:s0 tcontext=u:object_r:debugfs_tracing:s0 tclass=file permissive=1
06-25 18:32:00.383 I/main    ( 1239): type=1400 audit(0.0:402): avc: denied { write } for name="trace_marker" dev="tracefs" ino=43 scontext=u:r:zygote:s0 tcontext=u:object_r:debugfs_tracing:s0 tclass=file permissive=1
06-25 18:32:00.383 I/main    ( 1239): type=1400 audit(0.0:403): avc: denied { open } for path="/sys/kernel/debug/tracing/trace_marker" dev="tracefs" ino=43 scontext=u:r:zygote:s0 tcontext=u:object_r:debugfs_tracing:s0 tclass=file permissive=1
06-25 18:32:00.387 I/Binder:594_9( 1036): type=1400 audit(0.0:404): avc: denied { sendto } for path="/dev/socket/logdw" scontext=u:r:system_server:s0 tcontext=u:r:init:s0 tclass=unix_dgram_socket permissive=1
06-25 18:32:00.387 W/art     ( 1239): Unexpected CPU variant for X86 using defaults: x86_64
06-25 18:32:00.389 I/ActivityManager(  594): Start proc 1239:android.process.media/u0a10 for broadcast com.android.providers.downloads/.DownloadReceiver
06-25 18:32:00.411 E/AcmeService( 1150): Failed to parse userdata json
06-25 18:32:00.411 E/AcmeService( 1150): org.json.JSONException: End of input at character 0 of 
06-25 18:32:00.411 E/AcmeService( 1150): 	at org.json.JSONTokener.syntaxError(JSONTokener.java:449)
06-25 18:32:00.411 E/AcmeService( 1150): 	at org.json.JSONTokener.nextValue(JSONTokener.java:97)
06-25 18:32:00.411 E/AcmeService( 1150): 	at org.json.JSONObject.<init>(JSONObject.java:156)
06-25 18:32:00.411 E/AcmeService( 1150): 	at org.json.JSONObject.<init>(JSONObject.java:173)
06-25 18:32:00.411 E/AcmeService( 1150): 	at com.genymobile.genymotionacme.AcmeService.grabDomainNamesJsonFromUserData(AcmeService.java:308)
06-25 18:32:00.411 E/AcmeService( 1150): 	at com.genymobile.genymotionacme.AcmeService.grabDomainNamesJson(AcmeService.java:268)
06-25 18:32:00.411 E/AcmeService( 1150): 	at com.genymobile.genymotionacme.AcmeService.onHandleIntent(AcmeService.java:94)
06-25 18:32:00.411 E/AcmeService( 1150): 	at android.app.IntentService$ServiceHandler.handleMessage(IntentService.java:67)
06-25 18:32:00.411 E/AcmeService( 1150): 	at android.os.Handler.dispatchMessage(Handler.java:102)
06-25 18:32:00.411 E/AcmeService( 1150): 	at android.os.Looper.loop(Looper.java:154)
06-25 18:32:00.411 E/AcmeService( 1150): 	at android.os.HandlerThread.run(HandlerThread.java:61)
06-25 18:32:00.459 I/wpa_supplicant(  791): type=1400 audit(0.0:405): avc: denied { getopt } for path="/dev/socket/wpa_wlan0" scontext=u:r:wpa:s0 tcontext=u:r:init:s0 tclass=unix_dgram_socket permissive=1
06-25 18:32:00.459 I/wpa_supplicant(  791): type=1400 audit(0.0:406): avc: denied { ioctl } for path="socket:[13824]" dev="sockfs" ino=13824 ioctlcmd=5411 scontext=u:r:wpa:s0 tcontext=u:r:init:s0 tclass=unix_dgram_socket permissive=1
06-25 18:32:00.459 I/wpa_supplicant(  791): type=1400 audit(0.0:407): avc: denied { write } for path="/dev/socket/wpa_wlan0" scontext=u:r:wpa:s0 tcontext=u:r:init:s0 tclass=unix_dgram_socket permissive=1
06-25 18:32:00.459 I/IntentService[A( 1238): type=1400 audit(0.0:408): avc: denied { sendto } for path="/dev/socket/logdw" scontext=u:r:system_app:s0 tcontext=u:r:init:s0 tclass=unix_dgram_socket permissive=1
06-25 18:32:00.467 I/JDWP    ( 1247): type=1400 audit(0.0:409): avc: denied { connectto } for path=006A6477702D636F6E74726F6C scontext=u:r:priv_app:s0:c512,c768 tcontext=u:r:init:s0 tclass=unix_stream_socket permissive=1
06-25 18:32:00.479 I/m.android.phone(  748): type=1400 audit(0.0:410): avc: denied { sendto } for path="/dev/socket/logdw" scontext=u:r:radio:s0 tcontext=u:r:init:s0 tclass=unix_dgram_socket permissive=1
06-25 18:32:00.479 I/wpa_supplicant(  791): type=1400 audit(0.0:411): avc: denied { read } for path="/dev/socket/wpa_wlan0" scontext=u:r:wpa:s0 tcontext=u:r:init:s0 tclass=unix_dgram_socket permissive=1
06-25 18:32:00.544 W/Java7Support(  762): Unable to load JDK7 types (annotations, java.nio.file.Path): no Java7 support added
06-25 18:32:00.553 W/WifiMode(  594): WiredSSID, Invalid SupportedRates!!!
06-25 18:32:00.556 W/WifiMode(  594): WiredSSID, Invalid SupportedRates!!!
06-25 18:32:00.695 I/healthd (  292): type=1400 audit(0.0:412): avc: denied { read } for name="capacity" dev="fuse" ino=8 scontext=u:r:init:s0 tcontext=u:object_r:fuse:s0 tclass=file permissive=1
06-25 18:32:00.695 I/healthd (  292): type=1400 audit(0.0:413): avc: denied { open } for path="/dev/pipe/battery/BAT0/capacity" dev="fuse" ino=8 scontext=u:r:init:s0 tcontext=u:object_r:fuse:s0 tclass=file permissive=1
06-25 18:32:00.725 W/WifiMode(  594): WiredSSID, Invalid SupportedRates!!!
06-25 18:32:00.814 W/WindowManager(  594): App freeze timeout expired.
06-25 18:32:00.814 W/WindowManager(  594): Force clearing freeze: AppWindowToken{1659412 token=Token{a129674 ActivityRecord{7bd7e47 u0 com.android.launcher3/.Launcher t1}}}
06-25 18:32:00.819 W/EventHub(  594): Unable to disable kernel key repeat for /dev/input/event4: Function not implemented
06-25 18:32:00.819 I/EventHub(  594): New device: id=4, fd=173, path='/dev/input/event4', name='Genymotion Virtual Input', classes=0x17, configuration='/system/usr/idc/Genymotion_Virtual_Input.idc', keyLayout='/system/usr/keylayout/Genymotion_Virtual_Input.kl', keyCharacterMap='/system/usr/keychars/Genymotion_Virtual_Input.kcm', builtinKeyboard=false, wakeMechanism=EPOLLWAKEUP, usingClockIoctl=true
06-25 18:32:00.819 I/InputReader(  594): Device reconfigured: id=4, name='Genymotion Virtual Input', size 600x1024, orientation 0, mode 1, display id 0
06-25 18:32:00.819 I/InputReader(  594): Device added: id=4, name='Genymotion Virtual Input', sources=0x00001103
06-25 18:32:00.883 I/d.process.media( 1239): type=1400 audit(0.0:414): avc: denied { sendto } for path="/dev/socket/logdw" scontext=u:r:priv_app:s0:c512,c768 tcontext=u:r:init:s0 tclass=unix_dgram_socket permissive=1
06-25 18:32:00.886 W/System  ( 1239): ClassLoader referenced unknown path: /system/priv-app/DownloadProvider/lib/x86_64
06-25 18:32:00.895 I/ndroid.systemui(  682): type=1400 audit(0.0:415): avc: denied { sendto } for path="/dev/socket/logdw" scontext=u:r:platform_app:s0:c512,c768 tcontext=u:r:init:s0 tclass=unix_dgram_socket permissive=1
06-25 18:32:00.896 W/KeyguardUpdateMonitor(  682): invalid subId in handleSimStateChange()
06-25 18:32:00.918 I/ActivityManager(  594): Config changes=8 {1.0 310mcc270mnc [en_US] ldltr sw600dp w600dp h952dp 160dpi lrg port finger qwerty/v/v -nav/h s.6}
06-25 18:32:00.957 I/AndroidLoggerFactory(  762): Logger name 'io.swagger.v3.parser.processors.ExternalRefProcessor' exceeds maximum length of 23 characters, using 'i*.s*.v*.p*.p*.Externa*' instead.
06-25 18:32:00.983 I/init    (    1): type=1400 audit(0.0:416): avc: denied { read } for name="httpd" dev="xvda5" ino=3526 scontext=u:r:init:s0 tcontext=u:object_r:httpd_exec:s0 tclass=lnk_file permissive=1
06-25 18:32:00.983 I/init    (    1): type=1400 audit(0.0:417): avc: denied { getattr } for path="/system/xbin/busybox" dev="xvda5" ino=3451 scontext=u:r:init:s0 tcontext=u:object_r:busybox_exec:s0 tclass=file permissive=1
06-25 18:32:00.984 I/Webrtcd.Service(  762): Webrtc server started on port 6443
06-25 18:32:01.023 I/init    ( 1255): type=1400 audit(0.0:418): avc: denied { execute } for name="busybox" dev="xvda5" ino=3451 scontext=u:r:init:s0 tcontext=u:object_r:busybox_exec:s0 tclass=file permissive=1
06-25 18:32:01.023 I/init    ( 1255): type=1400 audit(0.0:419): avc: denied { read open } for path="/system/xbin/busybox" dev="xvda5" ino=3451 scontext=u:r:init:s0 tcontext=u:object_r:busybox_exec:s0 tclass=file permissive=1
06-25 18:32:01.023 I/init    ( 1255): type=1400 audit(0.0:420): avc: denied { execute_no_trans } for path="/system/xbin/busybox" dev="xvda5" ino=3451 scontext=u:r:init:s0 tcontext=u:object_r:busybox_exec:s0 tclass=file permissive=1
06-25 18:32:01.228 W/art     (  594): Long monitor contention with owner Binder:594_B (1041) at boolean com.android.server.am.ActivityManagerService.isUserRunning(int, int)(ActivityManagerService.java:21514) waiters=3 in void com.android.server.am.ActivityManagerService.dispatchProcessesChanged() for 347ms
06-25 18:32:01.228 W/art     (  594): Long monitor contention with owner Binder:594_B (1041) at boolean com.android.server.am.ActivityManagerService.isUserRunning(int, int)(ActivityManagerService.java:21514) waiters=3 in java.lang.String com.android.server.am.ActivityManagerService.checkContentProviderAccess(java.lang.String, int) for 347ms
06-25 18:32:01.229 W/art     (  594): Long monitor contention with owner InputDispatcher (631) at void com.android.server.am.ActivityManagerService.updateConfiguration(android.content.res.Configuration)(ActivityManagerService.java:18789) waiters=5 in boolean com.android.server.am.ActivityManagerService.isUserRunning(int, int) for 314ms
06-25 18:32:01.229 W/art     (  594): Long monitor contention with owner InputDispatcher (631) at void com.android.server.am.ActivityManagerService.updateConfiguration(android.content.res.Configuration)(ActivityManagerService.java:18789) waiters=7 in void com.android.server.am.BroadcastQueue.processNextBroadcast(boolean) for 309ms
06-25 18:32:01.230 W/System  ( 1046): ClassLoader referenced unknown path: 
06-25 18:32:01.230 W/System  ( 1046): ClassLoader referenced unknown path: /system/app/QuickSearchBox/lib/x86_64
06-25 18:32:01.235 W/System  ( 1239): ClassLoader referenced unknown path: /system/priv-app/MediaProvider/lib/x86_64
06-25 18:32:01.236 W/FingerprintManager(  682): isFingerprintHardwareDetected(): Service not connected!
06-25 18:32:01.271 W/art     (  594): Long monitor contention with owner InputDispatcher (631) at void com.android.server.am.ActivityManagerService.updateConfiguration(android.content.res.Configuration)(ActivityManagerService.java:18789) waiters=2 in android.content.IIntentSender com.android.server.am.ActivityManagerService.getIntentSender(int, java.lang.String, android.os.IBinder, java.lang.String, int, android.content.Intent[], java.lang.String[], int, android.os.Bundle, int) for 389ms
06-25 18:32:01.271 W/art     (  594): Long monitor contention with owner InputDispatcher (631) at void com.android.server.am.ActivityManagerService.updateConfiguration(android.content.res.Configuration)(ActivityManagerService.java:18789) waiters=3 in int com.android.server.am.ActivityManagerService.getAppStartMode(int, java.lang.String) for 387ms
06-25 18:32:01.274 I/wpa_supplicant(  791): wlan0: Trying to associate with SSID 'WiredSSID'
06-25 18:32:01.274 I/wpa_supplicant(  791): wlan0: Associated with 01:80:c2:00:00:03
06-25 18:32:01.274 I/wpa_supplicant(  791): wlan0: CTRL-EVENT-CONNECTED - Connection to 01:80:c2:00:00:03 completed [id=0 id_str=%7B%22creatorUid%22%3A%22-1%22%2C%22configKey%22%3A%22%5C%22WiredSSID%5C%22NONE%22%7D]
06-25 18:32:01.316 I/Choreographer(  682): Skipped 96 frames!  The application may be doing too much work on its main thread.
06-25 18:32:01.316 E/WifiScanner(  594): listener cannot be found
06-25 18:32:01.320 I/GnssLocationProvider(  594): WakeLock acquired by sendMessage(12, 0, null)
06-25 18:32:01.322 E/GnssLocationProvider(  594): no AGPS interface in set_agps_server
06-25 18:32:01.322 I/GnssLocationProvider(  594): WakeLock released by handleMessage(12, 0, null)
06-25 18:32:01.404 I/WindowManager(  594): Destroying surface Surface(name=KeyguardScrim) called by com.android.server.wm.WindowStateAnimator.destroySurface:2016 com.android.server.wm.WindowStateAnimator.destroySurfaceLocked:882 com.android.server.wm.WindowState.destroyOrSaveSurface:2100 com.android.server.wm.WindowSurfacePlacer.performSurfacePlacementInner:429 com.android.server.wm.WindowSurfacePlacer.performSurfacePlacementLoop:232 com.android.server.wm.WindowSurfacePlacer.performSurfacePlacement:180 com.android.server.wm.WindowManagerService$H.handleMessage:8092 android.os.Handler.dispatchMessage:102 
06-25 18:32:01.407 I/Binder:290_2(  554): type=1400 audit(0.0:436): avc: denied { read } for path="socket:[13459]" dev="sockfs" ino=13459 scontext=u:r:netd:s0 tcontext=u:r:init:s0 tclass=unix_stream_socket permissive=1
06-25 18:32:01.407 I/Binder:290_2(  554): type=1400 audit(0.0:437): avc: denied { write } for path="socket:[13459]" dev="sockfs" ino=13459 scontext=u:r:netd:s0 tcontext=u:r:init:s0 tclass=unix_stream_socket permissive=1
06-25 18:32:01.469 I/GnssLocationProvider(  594): WakeLock acquired by sendMessage(12, 0, null)
06-25 18:32:01.470 E/GnssLocationProvider(  594): no AGPS interface in set_agps_server
06-25 18:32:01.470 I/GnssLocationProvider(  594): WakeLock released by handleMessage(12, 0, null)
06-25 18:32:01.470 E/GnssLocationProvider(  594): no AGPS interface in set_agps_server
06-25 18:32:01.475 I/Binder:290_2(  554): type=1400 audit(0.0:438): avc: denied { sendto } for path="/dev/socket/logdw" scontext=u:r:netd:s0 tcontext=u:r:init:s0 tclass=unix_dgram_socket permissive=1
06-25 18:32:01.478 E/WifiNative-HAL(  594): setBssidBlacklist cmd 0 size 0
06-25 18:32:01.479 I/wpa_supplicant(  791): type=1400 audit(0.0:439): avc: denied { sendto } for path="/data/misc/wifi/sockets/wpa_ctrl_594-1" scontext=u:r:init:s0 tcontext=u:r:system_server:s0 tclass=unix_dgram_socket permissive=1
06-25 18:32:01.480 W/AlarmManager(  594): Unrecognized alarm listener com.android.server.wifi.WifiConnectivityManager$3@1b7dd16
06-25 18:32:01.480 E/WifiScanner(  594): listener cannot be found
06-25 18:32:01.507 I/Telephony(  748): PstnIncomingCallNotifier: Unregistering: Handler (com.android.internal.telephony.GsmCdmaPhone) {45ab5a}
06-25 18:32:01.563 I/netd    (  549): type=1400 audit(0.0:440): avc: denied { accept } for path="/dev/socket/dnsproxyd" scontext=u:r:netd:s0 tcontext=u:r:init:s0 tclass=unix_stream_socket permissive=1
06-25 18:32:01.563 I/netd    (  549): type=1400 audit(0.0:441): avc: denied { getopt } for path="/dev/socket/dnsproxyd" scontext=u:r:netd:s0 tcontext=u:r:init:s0 tclass=unix_stream_socket permissive=1
06-25 18:32:01.569 I/Telecom (  594): PhoneAccountRegistrar: New phone account registered: [[ ] PhoneAccount: ComponentInfo{com.android.phone/com.android.services.telephony.TelephonyConnectionService}, [5fef04621e9a9b41849c3df35e75799299008300], UserHandle{0} Capabilities: CallProvider MultiUser PlaceEmerg SimSub  Schemes: tel voicemail  Extras: null]: TSI.rPA@ABg
06-25 18:32:01.569 I/Telecom (  594): : Sending phone-account registered intent as user: TSI.rPA@ABg
06-25 18:32:01.570 I/Telephony(  748): AccountEntry: Registered phoneAccount: [[ ] PhoneAccount: ComponentInfo{com.android.phone/com.android.services.telephony.TelephonyConnectionService}, [5fef04621e9a9b41849c3df35e75799299008300], UserHandle{0} Capabilities: CallProvider MultiUser PlaceEmerg SimSub  Schemes: tel voicemail  Extras: null] with handle: ComponentInfo{com.android.phone/com.android.services.telephony.TelephonyConnectionService}, [5fef04621e9a9b41849c3df35e75799299008300], UserHandle{0}
06-25 18:32:01.570 I/Telephony(  748): PstnIncomingCallNotifier: Registering: Handler (com.android.internal.telephony.GsmCdmaPhone) {45ab5a}
06-25 18:32:01.580 I/Telephony(  748): TelecomAccountRegistry: Unregistering phone account ComponentInfo{com.android.phone/com.android.services.telephony.TelephonyConnectionService}, [e0184adedf913b076626646d3f52c3b49c39ad6d], UserHandle{0}.
06-25 18:32:01.580 I/OpenGLRenderer(  682): Initialized EGL, version 1.4
06-25 18:32:01.584 I/Telecom (  594): : Sending phone-account unregistered intent as user: TSI.uPA@ABo
06-25 18:32:01.594 I/GnssLocationProvider(  594): WakeLock acquired by sendMessage(5, 0, null)
06-25 18:32:01.594 I/GnssLocationProvider(  594): WakeLock acquired by sendMessage(6, 0, null)
06-25 18:32:01.594 I/GnssLocationProvider(  594): WakeLock acquired by handleInjectNtpTime()
06-25 18:32:01.594 I/GnssLocationProvider(  594): WakeLock released by handleMessage(5, 0, null)
06-25 18:32:01.594 I/GnssLocationProvider(  594): WakeLock released by handleMessage(6, 0, null)
06-25 18:32:01.631 W/Launcher.Model( 1046): LoaderTask running with no launcher (loadAllApps)
06-25 18:32:01.637 I/GnssLocationProvider(  594): WakeLock acquired by sendMessage(10, 0, null)
06-25 18:32:01.637 I/GnssLocationProvider(  594): WakeLock released by handleMessage(10, 0, null)
06-25 18:32:01.637 I/GnssLocationProvider(  594): WakeLock released by handleInjectNtpTime()
06-25 18:32:01.651 I/main    (  278): type=1400 audit(0.0:442): avc: denied { read } for path="/dev/socket/zygote" scontext=u:r:zygote:s0 tcontext=u:r:init:s0 tclass=unix_stream_socket permissive=1
06-25 18:32:01.651 I/main    (  278): type=1400 audit(0.0:443): avc: denied { getattr } for path="socket:[12842]" dev="sockfs" ino=12842 scontext=u:r:zygote:s0 tcontext=u:r:init:s0 tclass=unix_stream_socket permissive=1
06-25 18:32:01.655 I/main    (  278): type=1400 audit(0.0:444): avc: denied { write } for path="/dev/socket/zygote" scontext=u:r:zygote:s0 tcontext=u:r:init:s0 tclass=unix_stream_socket permissive=1
06-25 18:32:01.658 W/art     ( 1280): Unexpected CPU variant for X86 using defaults: x86_64
06-25 18:32:01.659 I/JDWP    ( 1287): type=1400 audit(0.0:445): avc: denied { connectto } for path=006A6477702D636F6E74726F6C scontext=u:r:platform_app:s0:c512,c768 tcontext=u:r:init:s0 tclass=unix_stream_socket permissive=1
06-25 18:32:01.664 I/ActivityManager(  594): Start proc 1280:com.android.cellbroadcastreceiver/u0a4 for broadcast com.android.cellbroadcastreceiver/.CellBroadcastReceiver
06-25 18:32:01.687 I/lmkd    (  262): type=1400 audit(0.0:446): avc: denied { read } for path="socket:[12772]" dev="sockfs" ino=12772 scontext=u:r:lmkd:s0 tcontext=u:r:init:s0 tclass=unix_stream_socket permissive=1
06-25 18:32:01.703 I/rild    (  293): type=1400 audit(0.0:447): avc: denied { read } for path="socket:[13045]" dev="sockfs" ino=13045 scontext=u:r:rild:s0 tcontext=u:r:init:s0 tclass=unix_stream_socket permissive=1
06-25 18:32:01.703 I/rild    (  293): type=1400 audit(0.0:448): avc: denied { write } for path="socket:[13045]" dev="sockfs" ino=13045 scontext=u:r:rild:s0 tcontext=u:r:init:s0 tclass=unix_stream_socket permissive=1
06-25 18:32:01.715 W/System  ( 1280): ClassLoader referenced unknown path: /system/priv-app/CellBroadcastReceiver/lib/x86_64
06-25 18:32:02.003 I/genybaseband(  297): type=1400 audit(0.0:449): avc: denied { read } for path="socket:[9666]" dev="sockfs" ino=9666 scontext=u:r:logwrapper:s0 tcontext=u:r:init:s0 tclass=unix_stream_socket permissive=1
06-25 18:32:02.003 I/genybaseband(  297): type=1400 audit(0.0:450): avc: denied { sendto } for path="/dev/socket/logdw" scontext=u:r:logwrapper:s0 tcontext=u:r:init:s0 tclass=unix_dgram_socket permissive=1
06-25 18:32:02.007 I/genybaseband( 1302): type=1400 audit(0.0:451): avc: denied { write } for path="socket:[9666]" dev="sockfs" ino=9666 scontext=u:r:logwrapper:s0 tcontext=u:r:init:s0 tclass=unix_stream_socket permissive=1
06-25 18:32:02.011 I/.quicksearchbo( 1305): type=1400 audit(0.0:452): avc: denied { sendto } for path="/dev/socket/logdw" scontext=u:r:untrusted_app:s0:c512,c768 tcontext=u:r:init:s0 tclass=unix_dgram_socket permissive=1
06-25 18:32:02.011 I/logd.writer(  117): type=1400 audit(0.0:453): avc: denied { read } for path="/dev/socket/logdw" scontext=u:r:logd:s0 tcontext=u:r:init:s0 tclass=unix_dgram_socket permissive=1
06-25 18:32:02.013 W/art     ( 1305): Unexpected CPU variant for X86 using defaults: x86_64
06-25 18:32:02.019 I/ActivityManager(  594): Start proc 1305:com.android.quicksearchbox/u0a57 for broadcast com.android.quicksearchbox/.SearchWidgetProvider
06-25 18:32:02.056 W/KeyguardUpdateMonitor(  682): invalid subId in handleServiceStateChange()
06-25 18:32:02.094 I/GnssLocationProvider(  594): WakeLock acquired by sendMessage(12, 0, null)
06-25 18:32:02.095 E/GnssLocationProvider(  594): no AGPS interface in set_agps_server
06-25 18:32:02.096 I/GnssLocationProvider(  594): WakeLock released by handleMessage(12, 0, null)
06-25 18:32:02.102 W/System  ( 1305): ClassLoader referenced unknown path: /system/app/QuickSearchBox/lib/x86_64
06-25 18:32:02.107 I/GnssLocationProvider(  594): WakeLock acquired by sendMessage(12, 0, null)
06-25 18:32:02.108 E/GnssLocationProvider(  594): no AGPS interface in set_agps_server
06-25 18:32:02.108 I/GnssLocationProvider(  594): WakeLock released by handleMessage(12, 0, null)
06-25 18:32:02.199 I/Choreographer( 1046): Skipped 37 frames!  The application may be doing too much work on its main thread.
06-25 18:32:02.228 I/OpenGLRenderer( 1046): Initialized EGL, version 1.4
06-25 18:32:02.236 I/Telephony(  748): PstnIncomingCallNotifier: Unregistering: Handler (com.android.internal.telephony.GsmCdmaPhone) {45ab5a}
06-25 18:32:02.253 I/Telecom (  594): PhoneAccountRegistrar: [ComponentInfo{com.android.phone/com.android.services.telephony.TelephonyConnectionService}, [5fef04621e9a9b41849c3df35e75799299008300], UserHandle{0}(icon: Icon(typ=BITMAP size=19x24) -> Icon(typ=BITMAP size=19x24))]: TSI.rPA@AB0
06-25 18:32:02.253 I/Telecom (  594): : Sending phone-account registered intent as user: TSI.rPA@AB0
06-25 18:32:02.254 I/Telephony(  748): AccountEntry: Registered phoneAccount: [[ ] PhoneAccount: ComponentInfo{com.android.phone/com.android.services.telephony.TelephonyConnectionService}, [5fef04621e9a9b41849c3df35e75799299008300], UserHandle{0} Capabilities: CallProvider MultiUser PlaceEmerg SimSub  Schemes: tel voicemail  Extras: null] with handle: ComponentInfo{com.android.phone/com.android.services.telephony.TelephonyConnectionService}, [5fef04621e9a9b41849c3df35e75799299008300], UserHandle{0}
06-25 18:32:02.254 I/Telephony(  748): PstnIncomingCallNotifier: Registering: Handler (com.android.internal.telephony.GsmCdmaPhone) {45ab5a}
06-25 18:32:02.269 W/KeyguardUpdateMonitor(  682): invalid subId in handleServiceStateChange()
06-25 18:32:02.269 W/KeyguardUpdateMonitor(  682): invalid subId in handleSimStateChange()
06-25 18:32:02.269 W/KeyguardUpdateMonitor(  682): invalid subId in handleSimStateChange()
06-25 18:32:02.270 I/Choreographer(  682): Skipped 56 frames!  The application may be doing too much work on its main thread.
06-25 18:32:02.307 I/Telephony(  748): PstnIncomingCallNotifier: Unregistering: Handler (com.android.internal.telephony.GsmCdmaPhone) {45ab5a}
06-25 18:32:02.345 I/Telecom (  594): PhoneAccountRegistrar: [ComponentInfo{com.android.phone/com.android.services.telephony.TelephonyConnectionService}, [5fef04621e9a9b41849c3df35e75799299008300], UserHandle{0}(icon: Icon(typ=BITMAP size=19x24) -> Icon(typ=BITMAP size=19x24))]: TSI.rPA@ACA
06-25 18:32:02.345 I/Telecom (  594): : Sending phone-account registered intent as user: TSI.rPA@ACA
06-25 18:32:02.345 I/Telephony(  748): AccountEntry: Registered phoneAccount: [[ ] PhoneAccount: ComponentInfo{com.android.phone/com.android.services.telephony.TelephonyConnectionService}, [5fef04621e9a9b41849c3df35e75799299008300], UserHandle{0} Capabilities: CallProvider MultiUser PlaceEmerg SimSub  Schemes: tel voicemail  Extras: null] with handle: ComponentInfo{com.android.phone/com.android.services.telephony.TelephonyConnectionService}, [5fef04621e9a9b41849c3df35e75799299008300], UserHandle{0}
06-25 18:32:02.346 I/Telephony(  748): PstnIncomingCallNotifier: Registering: Handler (com.android.internal.telephony.GsmCdmaPhone) {45ab5a}
06-25 18:32:02.360 I/Telephony(  748): PstnIncomingCallNotifier: Unregistering: Handler (com.android.internal.telephony.GsmCdmaPhone) {45ab5a}
06-25 18:32:02.372 I/Telecom (  594): PhoneAccountRegistrar: [ComponentInfo{com.android.phone/com.android.services.telephony.TelephonyConnectionService}, [5fef04621e9a9b41849c3df35e75799299008300], UserHandle{0}(icon: Icon(typ=BITMAP size=19x24) -> Icon(typ=BITMAP size=19x24))]: TSI.rPA@ACM
06-25 18:32:02.372 I/Telecom (  594): : Sending phone-account registered intent as user: TSI.rPA@ACM
06-25 18:32:02.372 I/Telephony(  748): AccountEntry: Registered phoneAccount: [[ ] PhoneAccount: ComponentInfo{com.android.phone/com.android.services.telephony.TelephonyConnectionService}, [5fef04621e9a9b41849c3df35e75799299008300], UserHandle{0} Capabilities: CallProvider MultiUser PlaceEmerg SimSub  Schemes: tel voicemail  Extras: null] with handle: ComponentInfo{com.android.phone/com.android.services.telephony.TelephonyConnectionService}, [5fef04621e9a9b41849c3df35e75799299008300], UserHandle{0}
06-25 18:32:02.372 I/Telephony(  748): PstnIncomingCallNotifier: Registering: Handler (com.android.internal.telephony.GsmCdmaPhone) {45ab5a}
06-25 18:32:02.380 I/Telecom (  594): PhoneAccountRegistrar: [ComponentInfo{com.android.phone/com.android.services.telephony.TelephonyConnectionService}, [5fef04621e9a9b41849c3df35e75799299008300], UserHandle{0}(icon: Icon(typ=BITMAP size=19x24) -> Icon(typ=BITMAP size=19x24))]: TSI.rPA@ACc
06-25 18:32:02.380 I/Telecom (  594): : Sending phone-account registered intent as user: TSI.rPA@ACc
06-25 18:32:02.395 I/Telephony(  748): PstnIncomingCallNotifier: Unregistering: Handler (com.android.internal.telephony.GsmCdmaPhone) {45ab5a}
06-25 18:32:02.399 I/Telecom (  594): PhoneAccountRegistrar: [ComponentInfo{com.android.phone/com.android.services.telephony.TelephonyConnectionService}, [5fef04621e9a9b41849c3df35e75799299008300], UserHandle{0}(icon: Icon(typ=BITMAP size=19x24) -> Icon(typ=BITMAP size=19x24))]: TSI.rPA@ACg
06-25 18:32:02.400 I/Telecom (  594): : Sending phone-account registered intent as user: TSI.rPA@ACg
06-25 18:32:02.403 I/Telephony(  748): AccountEntry: Registered phoneAccount: [[ ] PhoneAccount: ComponentInfo{com.android.phone/com.android.services.telephony.TelephonyConnectionService}, [5fef04621e9a9b41849c3df35e75799299008300], UserHandle{0} Capabilities: CallProvider MultiUser PlaceEmerg SimSub  Schemes: tel voicemail  Extras: null] with handle: ComponentInfo{com.android.phone/com.android.services.telephony.TelephonyConnectionService}, [5fef04621e9a9b41849c3df35e75799299008300], UserHandle{0}
06-25 18:32:02.403 I/Telephony(  748): PstnIncomingCallNotifier: Registering: Handler (com.android.internal.telephony.GsmCdmaPhone) {45ab5a}
06-25 18:32:02.421 I/Telephony(  748): PstnIncomingCallNotifier: Unregistering: Handler (com.android.internal.telephony.GsmCdmaPhone) {45ab5a}
06-25 18:32:02.425 I/Telecom (  594): PhoneAccountRegistrar: [ComponentInfo{com.android.phone/com.android.services.telephony.TelephonyConnectionService}, [5fef04621e9a9b41849c3df35e75799299008300], UserHandle{0}(icon: Icon(typ=BITMAP size=19x24) -> Icon(typ=BITMAP size=19x24))]: TSI.rPA@ACs
06-25 18:32:02.425 I/Telecom (  594): : Sending phone-account registered intent as user: TSI.rPA@ACs
06-25 18:32:02.426 I/Telephony(  748): AccountEntry: Registered phoneAccount: [[ ] PhoneAccount: ComponentInfo{com.android.phone/com.android.services.telephony.TelephonyConnectionService}, [5fef04621e9a9b41849c3df35e75799299008300], UserHandle{0} Capabilities: CallProvider MultiUser PlaceEmerg SimSub  Schemes: tel voicemail  Extras: null] with handle: ComponentInfo{com.android.phone/com.android.services.telephony.TelephonyConnectionService}, [5fef04621e9a9b41849c3df35e75799299008300], UserHandle{0}
06-25 18:32:02.426 I/Telephony(  748): PstnIncomingCallNotifier: Registering: Handler (com.android.internal.telephony.GsmCdmaPhone) {45ab5a}
06-25 18:32:02.427 I/NotificationMgr(  748): updateMwi(): subId 1 update to false
06-25 18:32:02.432 I/Telecom (  594): PhoneAccountRegistrar: [ComponentInfo{com.android.phone/com.android.services.telephony.TelephonyConnectionService}, [5fef04621e9a9b41849c3df35e75799299008300], UserHandle{0}(icon: Icon(typ=BITMAP size=19x24) -> Icon(typ=BITMAP size=19x24))]: TSI.rPA@AC8
06-25 18:32:02.432 I/Telecom (  594): : Sending phone-account registered intent as user: TSI.rPA@AC8
06-25 18:32:02.433 I/Telecom (  594): PhoneAccountRegistrar: [ComponentInfo{com.android.phone/com.android.services.telephony.TelephonyConnectionService}, [5fef04621e9a9b41849c3df35e75799299008300], UserHandle{0}(icon: Icon(typ=BITMAP size=19x24) -> Icon(typ=BITMAP size=19x24))]: TSI.rPA@ADE
06-25 18:32:02.433 I/Telecom (  594): : Sending phone-account registered intent as user: TSI.rPA@ADE
06-25 18:32:02.434 I/Telecom (  594): PhoneAccountRegistrar: [ComponentInfo{com.android.phone/com.android.services.telephony.TelephonyConnectionService}, [5fef04621e9a9b41849c3df35e75799299008300], UserHandle{0}(icon: Icon(typ=BITMAP size=19x24) -> Icon(typ=BITMAP size=19x24))]: TSI.rPA@ADM
06-25 18:32:02.434 I/Telecom (  594): : Sending phone-account registered intent as user: TSI.rPA@ADM
06-25 18:32:02.437 I/Telecom (  594): PhoneAccountRegistrar: SimCallManager queried, returning: null: TSI.gSCMFU@ADQ
06-25 18:32:02.437 I/Telecom (  594): PhoneAccountRegistrar: [ComponentInfo{com.android.phone/com.android.services.telephony.TelephonyConnectionService}, [5fef04621e9a9b41849c3df35e75799299008300], UserHandle{0}(icon: Icon(typ=BITMAP size=19x24) -> Icon(typ=BITMAP size=19x24))]: TSI.rPA@ADY
06-25 18:32:02.437 I/Telecom (  594): : Sending phone-account registered intent as user: TSI.rPA@ADY
06-25 18:32:02.438 I/Telecom (  594): PhoneAccountRegistrar: [ComponentInfo{com.android.phone/com.android.services.telephony.TelephonyConnectionService}, [5fef04621e9a9b41849c3df35e75799299008300], UserHandle{0}(icon: Icon(typ=BITMAP size=19x24) -> Icon(typ=BITMAP size=19x24))]: TSI.rPA@ADg
06-25 18:32:02.438 I/Telecom (  594): : Sending phone-account registered intent as user: TSI.rPA@ADg
06-25 18:32:03.600 W/AlarmManagerService(  594): Unable to set rtc to 1687732323: No such device
06-25 18:32:03.606 W/art     ( 1332): Unexpected CPU variant for X86 using defaults: x86_64
06-25 18:32:03.640 I/healthd (  292): type=1400 audit(0.0:454): avc: denied { read } for name="capacity" dev="fuse" ino=8 scontext=u:r:init:s0 tcontext=u:object_r:fuse:s0 tclass=file permissive=1
06-25 18:32:03.640 I/healthd (  292): type=1400 audit(0.0:455): avc: denied { open } for path="/dev/pipe/battery/BAT0/capacity" dev="fuse" ino=8 scontext=u:r:init:s0 tcontext=u:object_r:fuse:s0 tclass=file permissive=1
06-25 18:32:03.640 I/healthd (  292): type=1400 audit(0.0:456): avc: denied { call } for scontext=u:r:init:s0 tcontext=u:r:system_server:s0 tclass=binder permissive=1
06-25 18:32:03.642 I/ActivityManager(  594): Start proc 1332:com.android.providers.calendar/u0a2 for content provider com.android.providers.calendar/.CalendarProvider2
06-25 18:32:03.647 W/IInputConnectionWrapper(  594): reportFullscreenMode on inexistent InputConnection
06-25 18:32:03.651 I/ActivityManager(  594): Displayed com.android.launcher3/.Launcher: +4s134ms
06-25 18:32:03.662 W/System  ( 1332): ClassLoader referenced unknown path: /system/priv-app/CalendarProvider/lib/x86_64
06-25 18:32:03.750 I/CalendarProvider2( 1332): Created com.android.providers.calendar.CalendarAlarmManager@17990c1(com.android.providers.calendar.CalendarProvider2@123a066)
06-25 18:32:04.017 I/Choreographer(  682): Skipped 46 frames!  The application may be doing too much work on its main thread.
06-25 18:32:04.187 W/WindowManager(  594): App freeze timeout expired.
06-25 18:32:04.244 I/WindowManager(  594): Screen frozen for +2s369ms due to Window{4930b77 u0 com.android.systemui.ImageWallpaper}
06-25 18:32:04.247 I/RecoverySystem(  594): No recovery log file
06-25 18:32:04.252 I/main    (  278): type=1400 audit(0.0:457): avc: denied { getattr } for path="/sys/kernel/debug/tracing/trace_marker" dev="tracefs" ino=43 scontext=u:r:zygote:s0 tcontext=u:object_r:debugfs_tracing:s0 tclass=file permissive=1
06-25 18:32:04.252 I/main    ( 1351): type=1400 audit(0.0:458): avc: denied { write } for name="trace_marker" dev="tracefs" ino=43 scontext=u:r:zygote:s0 tcontext=u:object_r:debugfs_tracing:s0 tclass=file permissive=1
06-25 18:32:04.252 I/main    ( 1351): type=1400 audit(0.0:459): avc: denied { open } for path="/sys/kernel/debug/tracing/trace_marker" dev="tracefs" ino=43 scontext=u:r:zygote:s0 tcontext=u:object_r:debugfs_tracing:s0 tclass=file permissive=1
06-25 18:32:04.257 I/BootReceiver(  594): Copying audit failures to DropBox
06-25 18:32:04.257 I/BootReceiver(  594): Checking for fsck errors
06-25 18:32:04.259 W/art     ( 1351): Unexpected CPU variant for X86 using defaults: x86_64
06-25 18:32:04.324 W/ActivityManager(  594): Slow operation: 69ms so far, now at startProcess: returned from zygote!
06-25 18:32:04.324 W/ActivityManager(  594): Slow operation: 69ms so far, now at startProcess: done updating battery stats
06-25 18:32:04.324 W/ActivityManager(  594): Slow operation: 69ms so far, now at startProcess: building log message
06-25 18:32:04.324 I/ActivityManager(  594): Start proc 1351:com.android.dialer/u0a8 for broadcast com.android.dialer/.calllog.CallLogReceiver
06-25 18:32:04.324 W/ActivityManager(  594): Slow operation: 69ms so far, now at startProcess: starting to update pids map
06-25 18:32:04.324 W/ActivityManager(  594): Slow operation: 69ms so far, now at startProcess: done updating pids map
06-25 18:32:04.324 W/ActivityManager(  594): Slow operation: 69ms so far, now at startProcess: done starting proc!
06-25 18:32:04.460 W/System  ( 1351): ClassLoader referenced unknown path: /system/priv-app/Dialer/lib/x86_64
06-25 18:32:04.882 I/CalendarProvider2( 1332): Sending notification intent: Intent { act=android.intent.action.PROVIDER_CHANGED dat=content://com.android.calendar flg=0x20000000 }
06-25 18:32:04.882 W/ContentResolver( 1332): Failed to get type for: content://com.android.calendar (Unknown URL content://com.android.calendar)
06-25 18:32:04.948 I/Binder:594_B( 1041): type=1400 audit(0.0:460): avc: denied { sendto } for path="/dev/socket/logdw" scontext=u:r:system_server:s0 tcontext=u:r:init:s0 tclass=unix_dgram_socket permissive=1
06-25 18:32:04.949 W/CountryDetector( 1351): No location permissions, not registering for location updates.
06-25 18:32:04.950 W/art     ( 1370): Unexpected CPU variant for X86 using defaults: x86_64
06-25 18:32:04.953 I/ActivityManager(  594): Start proc 1370:com.android.calendar/u0a31 for broadcast com.android.calendar/.alerts.AlertReceiver
06-25 18:32:04.998 I/Telecom (  594): PhoneAccountRegistrar: SimCallManager queried, returning: null: TSI.gSCMFU@ADo
06-25 18:32:05.012 W/System  ( 1370): ClassLoader referenced unknown path: /system/app/Calendar/lib/x86_64
06-25 18:32:05.148 I/ndroid.calendar( 1370): type=1400 audit(0.0:461): avc: denied { sendto } for path="/dev/socket/logdw" scontext=u:r:untrusted_app:s0:c512,c768 tcontext=u:r:init:s0 tclass=unix_dgram_socket permissive=1
06-25 18:32:05.195 I/AlarmClock(  920): AlarmInitReceiver android.intent.action.BOOT_COMPLETED
06-25 18:32:05.206 W/art     ( 1392): Unexpected CPU variant for X86 using defaults: x86_64
06-25 18:32:05.212 I/ActivityManager(  594): Start proc 1392:com.android.email/u0a42 for broadcast com.android.email/.service.EmailBroadcastReceiver
06-25 18:32:05.219 W/System  ( 1392): ClassLoader referenced unknown path: /system/app/Email/lib/x86_64
06-25 18:32:05.783 W/ActivityManager(  594): Unable to start service Intent { act=com.android.email.EXCHANGE_INTENT pkg=com.android.exchange } U=0: not found
06-25 18:32:05.788 W/ActivityManager(  594): Unable to start service Intent { act=com.android.email.EXCHANGE_INTENT pkg=com.android.exchange } U=0: not found
06-25 18:32:05.790 W/ActivityManager(  594): Unable to start service Intent { act=com.android.email.EXCHANGE_INTENT pkg=com.android.exchange } U=0: not found
06-25 18:32:05.807 I/SystemBroadcastReceiver(  667): Boot has been completed
06-25 18:32:05.807 I/SystemBroadcastReceiver(  667): toggleAppIcon() : FLAG_SYSTEM = true
06-25 18:32:05.812 I/JDWP    ( 1420): type=1400 audit(0.0:462): avc: denied { connectto } for path=006A6477702D636F6E74726F6C scontext=u:r:platform_app:s0:c512,c768 tcontext=u:r:init:s0 tclass=unix_stream_socket permissive=1
06-25 18:32:05.813 W/ActivityManager(  594): Unable to start service Intent { act=com.android.email.EXCHANGE_INTENT pkg=com.android.exchange } U=0: not found
06-25 18:32:05.818 W/art     ( 1413): Unexpected CPU variant for X86 using defaults: x86_64
06-25 18:32:05.824 I/ActivityManager(  594): Start proc 1413:com.android.managedprovisioning/u0a15 for broadcast com.android.managedprovisioning/.BootReminder
06-25 18:32:05.824 W/ActivityManager(  594): Unable to start service Intent { cmp=com.android.email/.service.AttachmentService } U=0: not found
06-25 18:32:05.825 W/ActivityManager(  594): Unable to start service Intent { cmp=com.android.email/.service.AttachmentService } U=0: not found
06-25 18:32:05.867 W/ActivityManager(  594): Unable to start service Intent { act=com.android.email.EXCHANGE_INTENT pkg=com.android.exchange } U=0: not found
06-25 18:32:05.868 W/System  ( 1413): ClassLoader referenced unknown path: /system/priv-app/ManagedProvisioning/lib/x86_64
06-25 18:32:05.869 W/ActivityManager(  594): Unable to start service Intent { act=com.android.email.EXCHANGE_INTENT pkg=com.android.exchange } U=0: not found
06-25 18:32:05.871 E/ActivityThread( 1392): Service com.android.email.service.EmailBroadcastProcessorService has leaked ServiceConnection com.android.emailcommon.service.ServiceProxy$ProxyConnection@cfee6a2 that was originally bound here
06-25 18:32:05.871 E/ActivityThread( 1392): android.app.ServiceConnectionLeaked: Service com.android.email.service.EmailBroadcastProcessorService has leaked ServiceConnection com.android.emailcommon.service.ServiceProxy$ProxyConnection@cfee6a2 that was originally bound here
06-25 18:32:05.871 E/ActivityThread( 1392): 	at android.app.LoadedApk$ServiceDispatcher.<init>(LoadedApk.java:1336)
06-25 18:32:05.871 E/ActivityThread( 1392): 	at android.app.LoadedApk.getServiceDispatcher(LoadedApk.java:1231)
06-25 18:32:05.871 E/ActivityThread( 1392): 	at android.app.ContextImpl.bindServiceCommon(ContextImpl.java:1478)
06-25 18:32:05.871 E/ActivityThread( 1392): 	at android.app.ContextImpl.bindService(ContextImpl.java:1450)
06-25 18:32:05.871 E/ActivityThread( 1392): 	at android.content.ContextWrapper.bindService(ContextWrapper.java:636)
06-25 18:32:05.871 E/ActivityThread( 1392): 	at com.android.emailcommon.service.ServiceProxy.setTask(ServiceProxy.java:181)
06-25 18:32:05.871 E/ActivityThread( 1392): 	at com.android.emailcommon.service.ServiceProxy.test(ServiceProxy.java:224)
06-25 18:32:05.871 E/ActivityThread( 1392): 	at com.android.email.service.EmailServiceUtils.isServiceAvailable(EmailServiceUtils.java:160)
06-25 18:32:05.871 E/ActivityThread( 1392): 	at com.android.email.provider.AccountReconciler.reconcileAccountsInternal(AccountReconciler.java:171)
06-25 18:32:05.871 E/ActivityThread( 1392): 	at com.android.email.provider.AccountReconciler.reconcileAccounts(AccountReconciler.java:115)
06-25 18:32:05.871 E/ActivityThread( 1392): 	at com.android.email.service.EmailBroadcastProcessorService.reconcileAndStartServices(EmailBroadcastProcessorService.java:305)
06-25 18:32:05.871 E/ActivityThread( 1392): 	at com.android.email.service.EmailBroadcastProcessorService.onBootCompleted(EmailBroadcastProcessorService.java:295)
06-25 18:32:05.871 E/ActivityThread( 1392): 	at com.android.email.service.EmailBroadcastProcessorService.onHandleIntent(EmailBroadcastProcessorService.java:130)
06-25 18:32:05.871 E/ActivityThread( 1392): 	at android.app.IntentService$ServiceHandler.handleMessage(IntentService.java:67)
06-25 18:32:05.871 E/ActivityThread( 1392): 	at android.os.Handler.dispatchMessage(Handler.java:102)
06-25 18:32:05.871 E/ActivityThread( 1392): 	at android.os.Looper.loop(Looper.java:154)
06-25 18:32:05.871 E/ActivityThread( 1392): 	at android.os.HandlerThread.run(HandlerThread.java:61)
06-25 18:32:05.871 W/ActivityManager(  594): Unbind failed: could not find connection for android.os.BinderProxy@32561d4
06-25 18:32:05.873 W/ActivityManager(  594): Unable to start service Intent { cmp=com.android.email/.service.AttachmentService } U=0: not found
06-25 18:32:05.873 W/ActivityManager(  594): Unable to start service Intent { act=com.android.email.EXCHANGE_INTENT pkg=com.android.exchange } U=0: not found
06-25 18:32:05.874 I/Email   ( 1392): Observing account changes for notifications
06-25 18:32:05.876 W/ActivityManager(  594): Unable to start service Intent { act=com.android.email.EXCHANGE_INTENT pkg=com.android.exchange } U=0: not found
06-25 18:32:05.886 W/art     ( 1428): Unexpected CPU variant for X86 using defaults: x86_64
06-25 18:32:05.892 I/ActivityManager(  594): Start proc 1428:com.android.messaging/u0a59 for broadcast com.android.messaging/.receiver.BootAndPackageReplacedReceiver
06-25 18:32:05.899 W/System  ( 1428): ClassLoader referenced unknown path: /system/app/messaging/lib/x86_64
06-25 18:32:06.304 I/JDWP    ( 1453): type=1400 audit(0.0:463): avc: denied { connectto } for path=006A6477702D636F6E74726F6C scontext=u:r:priv_app:s0:c512,c768 tcontext=u:r:init:s0 tclass=unix_stream_socket permissive=1
06-25 18:32:06.307 W/art     ( 1446): Unexpected CPU variant for X86 using defaults: x86_64
06-25 18:32:06.339 I/ActivityManager(  594): Start proc 1446:com.android.onetimeinitializer/u0a17 for broadcast com.android.onetimeinitializer/.OneTimeInitializerReceiver
06-25 18:32:06.341 I/MessagingApp( 1428): Carrier config changed. Reloading MMS config.
